Java HotSpot(TM) 64-Bit Server VM (25.192-b12) for bsd-amd64 JRE (1.8.0_192-b12), built on Oct  6 2018 09:36:52 by "java_re" with gcc 4.2.1 (Based on Apple Inc. build 5658) (LLVM build 2336.11.00)
Memory: 4k page, physical 8388608k(397804k free)

/proc/meminfo:

CommandLine flags: -XX:CMSInitiatingOccupancyFraction=50 -XX:CMSMaxAbortablePrecleanTime=6000 -XX:+CMSParallelRemarkEnabled -XX:+CMSScavengeBeforeRemark -XX:ConcGCThreads=4 -XX:GCLogFileSize=20971520 -XX:InitialHeapSize=536870912 -XX:MaxHeapSize=536870912 -XX:MaxTenuringThreshold=8 -XX:NewRatio=3 -XX:NumberOfGCLogFiles=9 -XX:OldPLABSize=16 -XX:-OmitStackTraceInFastThrow -XX:OnOutOfMemoryError=/var/live_code/boloindya/solr/bin/oom_solr.sh 8983 /var/live_code/boloindya/solr/server/logs -XX:ParallelGCThreads=4 -XX:+ParallelRefProcEnabled -XX:PretenureSizeThreshold=67108864 -XX:+PrintGC -XX:+PrintGCApplicationStoppedTime -XX:+PrintGCDateStamps -XX:+PrintGCDetails -XX:+PrintGCTimeStamps -XX:+PrintHeapAtGC -XX:+PrintTenuringDistribution -XX:SurvivorRatio=4 -XX:TargetSurvivorRatio=90 -XX:ThreadStackSize=256 -XX:+UseCMSInitiatingOccupancyOnly -XX:+UseCompressedClassPointers -XX:+UseCompressedOops -XX:+UseConcMarkSweepGC -XX:+UseGCLogFileRotation -XX:+UseParNewGC 
2020-02-10T11:20:52.424-0530: 0.446: Total time for which application threads were stopped: 0.0002309 seconds, Stopping threads took: 0.0000346 seconds
2020-02-10T11:20:52.603-0530: 0.625: Total time for which application threads were stopped: 0.0002457 seconds, Stopping threads took: 0.0000155 seconds
2020-02-10T11:20:52.869-0530: 0.891: Total time for which application threads were stopped: 0.0001628 seconds, Stopping threads took: 0.0000195 seconds
2020-02-10T11:20:53.872-0530: 1.893: Total time for which application threads were stopped: 0.0000444 seconds, Stopping threads took: 0.0000147 seconds
2020-02-10T11:20:56.123-0530: 4.144: Total time for which application threads were stopped: 0.0002151 seconds, Stopping threads took: 0.0000234 seconds
2020-02-10T11:20:58.128-0530: 6.149: Total time for which application threads were stopped: 0.0001145 seconds, Stopping threads took: 0.0000200 seconds
2020-02-10T11:20:58.500-0530: 6.521: Total time for which application threads were stopped: 0.0003099 seconds, Stopping threads took: 0.0000166 seconds
2020-02-10T11:20:58.953-0530: 6.974: Total time for which application threads were stopped: 0.0000980 seconds, Stopping threads took: 0.0000314 seconds
2020-02-10T11:20:58.953-0530: 6.974: Total time for which application threads were stopped: 0.0000360 seconds, Stopping threads took: 0.0000058 seconds
2020-02-10T11:20:58.954-0530: 6.975: Total time for which application threads were stopped: 0.0000912 seconds, Stopping threads took: 0.0000211 seconds
2020-02-10T11:20:58.960-0530: 6.981: Total time for which application threads were stopped: 0.0004438 seconds, Stopping threads took: 0.0000438 seconds
2020-02-10T11:20:58.966-0530: 6.988: Total time for which application threads were stopped: 0.0001666 seconds, Stopping threads took: 0.0000123 seconds
2020-02-10T11:20:59.032-0530: 7.053: Total time for which application threads were stopped: 0.0002152 seconds, Stopping threads took: 0.0000148 seconds
2020-02-10T11:20:59.051-0530: 7.072: Total time for which application threads were stopped: 0.0002236 seconds, Stopping threads took: 0.0000162 seconds
2020-02-10T11:20:59.474-0530: 7.495: Total time for which application threads were stopped: 0.0004660 seconds, Stopping threads took: 0.0000149 seconds
{Heap before GC invocations=0 (full 0):
 par new generation   total 109248K, used 87424K [0x00000007a0000000, 0x00000007a8000000, 0x00000007a8000000)
  eden space 87424K, 100% used [0x00000007a0000000, 0x00000007a5560000, 0x00000007a5560000)
  from space 21824K,   0% used [0x00000007a5560000, 0x00000007a5560000, 0x00000007a6ab0000)
  to   space 21824K,   0% used [0x00000007a6ab0000, 0x00000007a6ab0000, 0x00000007a8000000)
 concurrent mark-sweep generation total 393216K, used 0K [0x00000007a8000000, 0x00000007c0000000, 0x00000007c0000000)
 Metaspace       used 18301K, capacity 18618K, committed 19072K, reserved 1067008K
  class space    used 2214K, capacity 2350K, committed 2432K, reserved 1048576K
2020-02-10T11:20:59.654-0530: 7.675: [GC (Allocation Failure) 2020-02-10T11:20:59.654-0530: 7.675: [ParNew
Desired survivor size 20112992 bytes, new threshold 8 (max 8)
- age   1:   11596336 bytes,   11596336 total
: 87424K->11440K(109248K), 0.0174106 secs] 87424K->11440K(502464K), 0.0175686 secs] [Times: user=0.04 sys=0.01, real=0.02 secs] 
Heap after GC invocations=1 (full 0):
 par new generation   total 109248K, used 11440K [0x00000007a0000000, 0x00000007a8000000, 0x00000007a8000000)
  eden space 87424K,   0% used [0x00000007a0000000, 0x00000007a0000000, 0x00000007a5560000)
  from space 21824K,  52% used [0x00000007a6ab0000, 0x00000007a75dc0a8, 0x00000007a8000000)
  to   space 21824K,   0% used [0x00000007a5560000, 0x00000007a5560000, 0x00000007a6ab0000)
 concurrent mark-sweep generation total 393216K, used 0K [0x00000007a8000000, 0x00000007c0000000, 0x00000007c0000000)
 Metaspace       used 18301K, capacity 18618K, committed 19072K, reserved 1067008K
  class space    used 2214K, capacity 2350K, committed 2432K, reserved 1048576K
}
2020-02-10T11:20:59.672-0530: 7.693: Total time for which application threads were stopped: 0.0178323 seconds, Stopping threads took: 0.0000224 seconds
2020-02-10T11:20:59.672-0530: 7.694: Total time for which application threads were stopped: 0.0001104 seconds, Stopping threads took: 0.0000418 seconds
2020-02-10T11:20:59.673-0530: 7.694: Total time for which application threads were stopped: 0.0000880 seconds, Stopping threads took: 0.0000317 seconds
2020-02-10T11:20:59.673-0530: 7.694: Total time for which application threads were stopped: 0.0002123 seconds, Stopping threads took: 0.0000681 seconds
2020-02-10T11:20:59.674-0530: 7.695: Total time for which application threads were stopped: 0.0001408 seconds, Stopping threads took: 0.0000618 seconds
2020-02-10T11:20:59.674-0530: 7.695: Total time for which application threads were stopped: 0.0001355 seconds, Stopping threads took: 0.0000796 seconds
2020-02-10T11:20:59.674-0530: 7.695: Total time for which application threads were stopped: 0.0001040 seconds, Stopping threads took: 0.0000257 seconds
2020-02-10T11:20:59.674-0530: 7.696: Total time for which application threads were stopped: 0.0000981 seconds, Stopping threads took: 0.0000275 seconds
2020-02-10T11:20:59.677-0530: 7.698: Total time for which application threads were stopped: 0.0004576 seconds, Stopping threads took: 0.0001697 seconds
2020-02-10T11:20:59.679-0530: 7.700: Total time for which application threads were stopped: 0.0007804 seconds, Stopping threads took: 0.0006047 seconds
2020-02-10T11:20:59.680-0530: 7.701: Total time for which application threads were stopped: 0.0001093 seconds, Stopping threads took: 0.0000247 seconds
2020-02-10T11:20:59.681-0530: 7.702: Total time for which application threads were stopped: 0.0001011 seconds, Stopping threads took: 0.0000175 seconds
2020-02-10T11:20:59.681-0530: 7.702: Total time for which application threads were stopped: 0.0000573 seconds, Stopping threads took: 0.0000094 seconds
2020-02-10T11:20:59.681-0530: 7.702: Total time for which application threads were stopped: 0.0000788 seconds, Stopping threads took: 0.0000245 seconds
2020-02-10T11:20:59.681-0530: 7.702: Total time for which application threads were stopped: 0.0001561 seconds, Stopping threads took: 0.0000522 seconds
2020-02-10T11:20:59.682-0530: 7.703: Total time for which application threads were stopped: 0.0001400 seconds, Stopping threads took: 0.0000568 seconds
2020-02-10T11:20:59.682-0530: 7.703: Total time for which application threads were stopped: 0.0001248 seconds, Stopping threads took: 0.0000624 seconds
2020-02-10T11:20:59.682-0530: 7.703: Total time for which application threads were stopped: 0.0000728 seconds, Stopping threads took: 0.0000108 seconds
2020-02-10T11:20:59.682-0530: 7.703: Total time for which application threads were stopped: 0.0000746 seconds, Stopping threads took: 0.0000212 seconds
2020-02-10T11:20:59.682-0530: 7.704: Total time for which application threads were stopped: 0.0000696 seconds, Stopping threads took: 0.0000091 seconds
2020-02-10T11:20:59.683-0530: 7.704: Total time for which application threads were stopped: 0.0000971 seconds, Stopping threads took: 0.0000352 seconds
2020-02-10T11:20:59.683-0530: 7.704: Total time for which application threads were stopped: 0.0000703 seconds, Stopping threads took: 0.0000166 seconds
2020-02-10T11:20:59.683-0530: 7.704: Total time for which application threads were stopped: 0.0001181 seconds, Stopping threads took: 0.0000493 seconds
2020-02-10T11:20:59.683-0530: 7.704: Total time for which application threads were stopped: 0.0000946 seconds, Stopping threads took: 0.0000317 seconds
2020-02-10T11:20:59.683-0530: 7.704: Total time for which application threads were stopped: 0.0001266 seconds, Stopping threads took: 0.0000394 seconds
2020-02-10T11:20:59.683-0530: 7.704: Total time for which application threads were stopped: 0.0000603 seconds, Stopping threads took: 0.0000076 seconds
2020-02-10T11:20:59.683-0530: 7.705: Total time for which application threads were stopped: 0.0000985 seconds, Stopping threads took: 0.0000347 seconds
2020-02-10T11:20:59.684-0530: 7.705: Total time for which application threads were stopped: 0.0000861 seconds, Stopping threads took: 0.0000323 seconds
2020-02-10T11:20:59.684-0530: 7.705: Total time for which application threads were stopped: 0.0000620 seconds, Stopping threads took: 0.0000104 seconds
2020-02-10T11:20:59.684-0530: 7.705: Total time for which application threads were stopped: 0.0000961 seconds, Stopping threads took: 0.0000178 seconds
2020-02-10T11:20:59.684-0530: 7.705: Total time for which application threads were stopped: 0.0001521 seconds, Stopping threads took: 0.0000947 seconds
2020-02-10T11:20:59.685-0530: 7.706: Total time for which application threads were stopped: 0.0001642 seconds, Stopping threads took: 0.0000791 seconds
2020-02-10T11:20:59.879-0530: 7.900: Total time for which application threads were stopped: 0.0003392 seconds, Stopping threads took: 0.0000769 seconds
2020-02-10T11:20:59.921-0530: 7.942: Total time for which application threads were stopped: 0.0000843 seconds, Stopping threads took: 0.0000169 seconds
2020-02-10T11:21:00.673-0530: 8.694: Total time for which application threads were stopped: 0.0003066 seconds, Stopping threads took: 0.0000162 seconds
2020-02-10T11:21:00.682-0530: 8.703: Total time for which application threads were stopped: 0.0000910 seconds, Stopping threads took: 0.0000199 seconds
2020-02-10T11:21:00.685-0530: 8.706: Total time for which application threads were stopped: 0.0002821 seconds, Stopping threads took: 0.0000204 seconds
2020-02-10T11:21:00.686-0530: 8.707: Total time for which application threads were stopped: 0.0002609 seconds, Stopping threads took: 0.0000133 seconds
2020-02-10T11:21:00.712-0530: 8.733: Total time for which application threads were stopped: 0.0001132 seconds, Stopping threads took: 0.0000216 seconds
2020-02-10T11:21:00.751-0530: 8.772: Total time for which application threads were stopped: 0.0000812 seconds, Stopping threads took: 0.0000225 seconds
2020-02-10T11:21:00.760-0530: 8.781: Total time for which application threads were stopped: 0.0003077 seconds, Stopping threads took: 0.0000188 seconds
2020-02-10T11:21:00.763-0530: 8.784: Total time for which application threads were stopped: 0.0000773 seconds, Stopping threads took: 0.0000166 seconds
2020-02-10T11:21:00.772-0530: 8.793: Total time for which application threads were stopped: 0.0004089 seconds, Stopping threads took: 0.0000189 seconds
2020-02-10T11:21:00.784-0530: 8.805: Total time for which application threads were stopped: 0.0000972 seconds, Stopping threads took: 0.0000270 seconds
2020-02-10T11:21:00.820-0530: 8.841: Total time for which application threads were stopped: 0.0001025 seconds, Stopping threads took: 0.0000171 seconds
2020-02-10T11:21:00.832-0530: 8.853: Total time for which application threads were stopped: 0.0001430 seconds, Stopping threads took: 0.0000178 seconds
2020-02-10T11:21:00.856-0530: 8.877: Total time for which application threads were stopped: 0.0003640 seconds, Stopping threads took: 0.0000161 seconds
2020-02-10T11:21:00.890-0530: 8.911: Total time for which application threads were stopped: 0.0001023 seconds, Stopping threads took: 0.0000188 seconds
2020-02-10T11:21:01.058-0530: 9.079: Total time for which application threads were stopped: 0.0001398 seconds, Stopping threads took: 0.0000417 seconds
2020-02-10T11:21:01.100-0530: 9.121: Total time for which application threads were stopped: 0.0001284 seconds, Stopping threads took: 0.0000315 seconds
2020-02-10T11:21:01.108-0530: 9.129: Total time for which application threads were stopped: 0.0001261 seconds, Stopping threads took: 0.0000261 seconds
2020-02-10T11:21:01.174-0530: 9.195: Total time for which application threads were stopped: 0.0000991 seconds, Stopping threads took: 0.0000239 seconds
2020-02-10T11:21:01.238-0530: 9.260: Total time for which application threads were stopped: 0.0000834 seconds, Stopping threads took: 0.0000242 seconds
2020-02-10T11:21:01.289-0530: 9.310: Total time for which application threads were stopped: 0.0000790 seconds, Stopping threads took: 0.0000235 seconds
2020-02-10T11:21:01.349-0530: 9.371: Total time for which application threads were stopped: 0.0003530 seconds, Stopping threads took: 0.0001369 seconds
2020-02-10T11:21:01.354-0530: 9.375: Total time for which application threads were stopped: 0.0003157 seconds, Stopping threads took: 0.0000184 seconds
{Heap before GC invocations=1 (full 0):
 par new generation   total 109248K, used 98864K [0x00000007a0000000, 0x00000007a8000000, 0x00000007a8000000)
  eden space 87424K, 100% used [0x00000007a0000000, 0x00000007a5560000, 0x00000007a5560000)
  from space 21824K,  52% used [0x00000007a6ab0000, 0x00000007a75dc0a8, 0x00000007a8000000)
  to   space 21824K,   0% used [0x00000007a5560000, 0x00000007a5560000, 0x00000007a6ab0000)
 concurrent mark-sweep generation total 393216K, used 0K [0x00000007a8000000, 0x00000007c0000000, 0x00000007c0000000)
 Metaspace       used 24656K, capacity 25209K, committed 25612K, reserved 1071104K
  class space    used 2983K, capacity 3185K, committed 3272K, reserved 1048576K
2020-02-10T11:21:01.390-0530: 9.411: [GC (Allocation Failure) 2020-02-10T11:21:01.390-0530: 9.411: [ParNew
Desired survivor size 20112992 bytes, new threshold 8 (max 8)
- age   1:    5598704 bytes,    5598704 total
- age   2:    5079088 bytes,   10677792 total
: 98864K->15337K(109248K), 0.0174298 secs] 98864K->15337K(502464K), 0.0175987 secs] [Times: user=0.05 sys=0.01, real=0.01 secs] 
Heap after GC invocations=2 (full 0):
 par new generation   total 109248K, used 15337K [0x00000007a0000000, 0x00000007a8000000, 0x00000007a8000000)
  eden space 87424K,   0% used [0x00000007a0000000, 0x00000007a0000000, 0x00000007a5560000)
  from space 21824K,  70% used [0x00000007a5560000, 0x00000007a645a630, 0x00000007a6ab0000)
  to   space 21824K,   0% used [0x00000007a6ab0000, 0x00000007a6ab0000, 0x00000007a8000000)
 concurrent mark-sweep generation total 393216K, used 0K [0x00000007a8000000, 0x00000007c0000000, 0x00000007c0000000)
 Metaspace       used 24656K, capacity 25209K, committed 25612K, reserved 1071104K
  class space    used 2983K, capacity 3185K, committed 3272K, reserved 1048576K
}
2020-02-10T11:21:01.408-0530: 9.429: Total time for which application threads were stopped: 0.0178271 seconds, Stopping threads took: 0.0000216 seconds
2020-02-10T11:21:01.408-0530: 9.429: [GC (CMS Initial Mark) [1 CMS-initial-mark: 0K(393216K)] 15337K(502464K), 0.0050148 secs] [Times: user=0.02 sys=0.00, real=0.01 secs] 
2020-02-10T11:21:01.413-0530: 9.434: Total time for which application threads were stopped: 0.0053001 seconds, Stopping threads took: 0.0000561 seconds
2020-02-10T11:21:01.413-0530: 9.434: [CMS-concurrent-mark-start]
2020-02-10T11:21:01.413-0530: 9.434: [CMS-concurrent-mark: 0.000/0.000 secs] [Times: user=0.00 sys=0.00, real=0.00 secs] 
2020-02-10T11:21:01.414-0530: 9.435: [CMS-concurrent-preclean-start]
2020-02-10T11:21:01.414-0530: 9.435: Total time for which application threads were stopped: 0.0001393 seconds, Stopping threads took: 0.0000569 seconds
2020-02-10T11:21:01.415-0530: 9.436: [CMS-concurrent-preclean: 0.001/0.002 secs] [Times: user=0.00 sys=0.00, real=0.00 secs] 
2020-02-10T11:21:01.415-0530: 9.436: Total time for which application threads were stopped: 0.0002472 seconds, Stopping threads took: 0.0001354 seconds
2020-02-10T11:21:01.416-0530: 9.437: [GC (CMS Final Remark) [YG occupancy: 17026 K (109248 K)]{Heap before GC invocations=2 (full 1):
 par new generation   total 109248K, used 17026K [0x00000007a0000000, 0x00000007a8000000, 0x00000007a8000000)
  eden space 87424K,   1% used [0x00000007a0000000, 0x00000007a01a62c0, 0x00000007a5560000)
  from space 21824K,  70% used [0x00000007a5560000, 0x00000007a645a630, 0x00000007a6ab0000)
  to   space 21824K,   0% used [0x00000007a6ab0000, 0x00000007a6ab0000, 0x00000007a8000000)
 concurrent mark-sweep generation total 393216K, used 0K [0x00000007a8000000, 0x00000007c0000000, 0x00000007c0000000)
 Metaspace       used 24656K, capacity 25209K, committed 25612K, reserved 1071104K
  class space    used 2983K, capacity 3185K, committed 3272K, reserved 1048576K
2020-02-10T11:21:01.416-0530: 9.437: [GC (CMS Final Remark) 2020-02-10T11:21:01.416-0530: 9.437: [ParNew
Desired survivor size 20112992 bytes, new threshold 8 (max 8)
- age   1:      35984 bytes,      35984 total
- age   2:    4981624 bytes,    5017608 total
- age   3:    5078880 bytes,   10096488 total
: 17026K->12632K(109248K), 0.0107222 secs] 17026K->12632K(502464K), 0.0108333 secs] [Times: user=0.04 sys=0.00, real=0.01 secs] 
Heap after GC invocations=3 (full 1):
 par new generation   total 109248K, used 12632K [0x00000007a0000000, 0x00000007a8000000, 0x00000007a8000000)
  eden space 87424K,   0% used [0x00000007a0000000, 0x00000007a0000000, 0x00000007a5560000)
  from space 21824K,  57% used [0x00000007a6ab0000, 0x00000007a7706160, 0x00000007a8000000)
  to   space 21824K,   0% used [0x00000007a5560000, 0x00000007a5560000, 0x00000007a6ab0000)
 concurrent mark-sweep generation total 393216K, used 0K [0x00000007a8000000, 0x00000007c0000000, 0x00000007c0000000)
 Metaspace       used 24656K, capacity 25209K, committed 25612K, reserved 1071104K
  class space    used 2983K, capacity 3185K, committed 3272K, reserved 1048576K
}
2020-02-10T11:21:01.427-0530: 9.448: [Rescan (parallel) , 0.0040891 secs]2020-02-10T11:21:01.431-0530: 9.452: [weak refs processing, 0.0008775 secs]2020-02-10T11:21:01.432-0530: 9.453: [class unloading, 0.0050082 secs]2020-02-10T11:21:01.437-0530: 9.458: [scrub symbol table, 0.0071494 secs]2020-02-10T11:21:01.444-0530: 9.465: [scrub string table, 0.0005634 secs][1 CMS-remark: 0K(393216K)] 12632K(502464K), 0.0301519 secs] [Times: user=0.08 sys=0.00, real=0.03 secs] 
2020-02-10T11:21:01.446-0530: 9.467: Total time for which application threads were stopped: 0.0303916 seconds, Stopping threads took: 0.0000463 seconds
2020-02-10T11:21:01.446-0530: 9.467: [CMS-concurrent-sweep-start]
2020-02-10T11:21:01.446-0530: 9.467: Total time for which application threads were stopped: 0.0002797 seconds, Stopping threads took: 0.0000286 seconds
2020-02-10T11:21:01.446-0530: 9.467: [CMS-concurrent-sweep: 0.000/0.000 secs] [Times: user=0.00 sys=0.00, real=0.00 secs] 
2020-02-10T11:21:01.447-0530: 9.468: Total time for which application threads were stopped: 0.0003266 seconds, Stopping threads took: 0.0002312 seconds
2020-02-10T11:21:01.447-0530: 9.468: [CMS-concurrent-reset-start]
2020-02-10T11:21:01.448-0530: 9.469: Total time for which application threads were stopped: 0.0001293 seconds, Stopping threads took: 0.0000211 seconds
2020-02-10T11:21:01.449-0530: 9.470: Total time for which application threads were stopped: 0.0001460 seconds, Stopping threads took: 0.0000502 seconds
2020-02-10T11:21:01.450-0530: 9.471: Total time for which application threads were stopped: 0.0002322 seconds, Stopping threads took: 0.0000940 seconds
2020-02-10T11:21:01.452-0530: 9.473: Total time for which application threads were stopped: 0.0001822 seconds, Stopping threads took: 0.0000460 seconds
2020-02-10T11:21:01.453-0530: 9.474: Total time for which application threads were stopped: 0.0001865 seconds, Stopping threads took: 0.0000508 seconds
2020-02-10T11:21:01.453-0530: 9.474: [CMS-concurrent-reset: 0.005/0.006 secs] [Times: user=0.01 sys=0.01, real=0.01 secs] 
2020-02-10T11:21:01.453-0530: 9.474: Total time for which application threads were stopped: 0.0001575 seconds, Stopping threads took: 0.0000359 seconds
2020-02-10T11:21:01.453-0530: 9.474: Total time for which application threads were stopped: 0.0001710 seconds, Stopping threads took: 0.0000404 seconds
2020-02-10T11:21:01.454-0530: 9.475: Total time for which application threads were stopped: 0.0001506 seconds, Stopping threads took: 0.0000322 seconds
2020-02-10T11:21:01.454-0530: 9.475: Total time for which application threads were stopped: 0.0001382 seconds, Stopping threads took: 0.0000347 seconds
2020-02-10T11:21:01.454-0530: 9.475: Total time for which application threads were stopped: 0.0001290 seconds, Stopping threads took: 0.0000630 seconds
2020-02-10T11:21:01.454-0530: 9.475: Total time for which application threads were stopped: 0.0001118 seconds, Stopping threads took: 0.0000091 seconds
2020-02-10T11:21:01.454-0530: 9.475: Total time for which application threads were stopped: 0.0001130 seconds, Stopping threads took: 0.0000094 seconds
2020-02-10T11:21:01.454-0530: 9.476: Total time for which application threads were stopped: 0.0001131 seconds, Stopping threads took: 0.0000094 seconds
2020-02-10T11:21:01.455-0530: 9.476: Total time for which application threads were stopped: 0.0001102 seconds, Stopping threads took: 0.0000091 seconds
2020-02-10T11:21:01.455-0530: 9.476: Total time for which application threads were stopped: 0.0001080 seconds, Stopping threads took: 0.0000305 seconds
2020-02-10T11:21:01.455-0530: 9.476: Total time for which application threads were stopped: 0.0001090 seconds, Stopping threads took: 0.0000312 seconds
2020-02-10T11:21:02.457-0530: 10.478: Total time for which application threads were stopped: 0.0001558 seconds, Stopping threads took: 0.0000297 seconds
2020-02-10T11:21:06.712-0530: 14.733: Total time for which application threads were stopped: 0.0002183 seconds, Stopping threads took: 0.0000297 seconds
2020-02-10T11:21:06.713-0530: 14.734: Total time for which application threads were stopped: 0.0003294 seconds, Stopping threads took: 0.0002608 seconds
2020-02-10T11:21:06.713-0530: 14.734: Total time for which application threads were stopped: 0.0000966 seconds, Stopping threads took: 0.0000156 seconds
2020-02-10T11:21:06.714-0530: 14.735: Total time for which application threads were stopped: 0.0000984 seconds, Stopping threads took: 0.0000154 seconds
2020-02-10T11:21:06.769-0530: 14.790: Total time for which application threads were stopped: 0.0001233 seconds, Stopping threads took: 0.0000168 seconds
2020-02-10T11:21:06.769-0530: 14.790: Total time for which application threads were stopped: 0.0001011 seconds, Stopping threads took: 0.0000363 seconds
2020-02-10T11:21:06.770-0530: 14.790: Total time for which application threads were stopped: 0.0001277 seconds, Stopping threads took: 0.0000598 seconds
2020-02-10T11:21:06.770-0530: 14.791: Total time for which application threads were stopped: 0.0001070 seconds, Stopping threads took: 0.0000318 seconds
2020-02-10T11:21:06.770-0530: 14.791: Total time for which application threads were stopped: 0.0000687 seconds, Stopping threads took: 0.0000185 seconds
2020-02-10T11:21:06.770-0530: 14.791: Total time for which application threads were stopped: 0.0001174 seconds, Stopping threads took: 0.0000239 seconds
2020-02-10T11:21:06.770-0530: 14.791: Total time for which application threads were stopped: 0.0000618 seconds, Stopping threads took: 0.0000228 seconds
2020-02-10T11:21:06.771-0530: 14.791: Total time for which application threads were stopped: 0.0000467 seconds, Stopping threads took: 0.0000070 seconds
2020-02-10T11:21:06.771-0530: 14.792: Total time for which application threads were stopped: 0.0000875 seconds, Stopping threads took: 0.0000271 seconds
2020-02-10T11:21:06.771-0530: 14.792: Total time for which application threads were stopped: 0.0001095 seconds, Stopping threads took: 0.0000408 seconds
2020-02-10T11:21:06.771-0530: 14.792: Total time for which application threads were stopped: 0.0000634 seconds, Stopping threads took: 0.0000210 seconds
2020-02-10T11:21:06.771-0530: 14.792: Total time for which application threads were stopped: 0.0000599 seconds, Stopping threads took: 0.0000172 seconds
2020-02-10T11:21:06.771-0530: 14.792: Total time for which application threads were stopped: 0.0000884 seconds, Stopping threads took: 0.0000252 seconds
2020-02-10T11:21:06.771-0530: 14.792: Total time for which application threads were stopped: 0.0000592 seconds, Stopping threads took: 0.0000168 seconds
2020-02-10T11:21:06.771-0530: 14.792: Total time for which application threads were stopped: 0.0000603 seconds, Stopping threads took: 0.0000182 seconds
2020-02-10T11:21:06.772-0530: 14.792: Total time for which application threads were stopped: 0.0000811 seconds, Stopping threads took: 0.0000288 seconds
2020-02-10T11:21:06.772-0530: 14.793: Total time for which application threads were stopped: 0.0001041 seconds, Stopping threads took: 0.0000488 seconds
2020-02-10T11:21:06.772-0530: 14.793: Total time for which application threads were stopped: 0.0000601 seconds, Stopping threads took: 0.0000176 seconds
2020-02-10T11:21:06.772-0530: 14.793: Total time for which application threads were stopped: 0.0000582 seconds, Stopping threads took: 0.0000166 seconds
2020-02-10T11:21:06.772-0530: 14.793: Total time for which application threads were stopped: 0.0000953 seconds, Stopping threads took: 0.0000255 seconds
2020-02-10T11:21:06.772-0530: 14.793: Total time for which application threads were stopped: 0.0000594 seconds, Stopping threads took: 0.0000134 seconds
2020-02-10T11:21:06.772-0530: 14.793: Total time for which application threads were stopped: 0.0000756 seconds, Stopping threads took: 0.0000192 seconds
2020-02-10T11:21:06.772-0530: 14.793: Total time for which application threads were stopped: 0.0001089 seconds, Stopping threads took: 0.0000481 seconds
2020-02-10T11:21:06.773-0530: 14.793: Total time for which application threads were stopped: 0.0000743 seconds, Stopping threads took: 0.0000183 seconds
2020-02-10T11:21:06.773-0530: 14.794: Total time for which application threads were stopped: 0.0000782 seconds, Stopping threads took: 0.0000208 seconds
2020-02-10T11:21:06.773-0530: 14.794: Total time for which application threads were stopped: 0.0000946 seconds, Stopping threads took: 0.0000341 seconds
2020-02-10T11:21:06.773-0530: 14.794: Total time for which application threads were stopped: 0.0001063 seconds, Stopping threads took: 0.0000069 seconds
2020-02-10T11:21:06.773-0530: 14.794: Total time for which application threads were stopped: 0.0000933 seconds, Stopping threads took: 0.0000276 seconds
2020-02-10T11:21:06.773-0530: 14.794: Total time for which application threads were stopped: 0.0000871 seconds, Stopping threads took: 0.0000380 seconds
2020-02-10T11:21:06.774-0530: 14.794: Total time for which application threads were stopped: 0.0000626 seconds, Stopping threads took: 0.0000195 seconds
2020-02-10T11:21:06.774-0530: 14.795: Total time for which application threads were stopped: 0.0000770 seconds, Stopping threads took: 0.0000245 seconds
2020-02-10T11:21:06.774-0530: 14.795: Total time for which application threads were stopped: 0.0000756 seconds, Stopping threads took: 0.0000250 seconds
2020-02-10T11:21:06.774-0530: 14.795: Total time for which application threads were stopped: 0.0000758 seconds, Stopping threads took: 0.0000205 seconds
2020-02-10T11:21:06.774-0530: 14.795: Total time for which application threads were stopped: 0.0001250 seconds, Stopping threads took: 0.0000435 seconds
2020-02-10T11:21:06.775-0530: 14.795: Total time for which application threads were stopped: 0.0000717 seconds, Stopping threads took: 0.0000298 seconds
2020-02-10T11:21:06.775-0530: 14.796: Total time for which application threads were stopped: 0.0000811 seconds, Stopping threads took: 0.0000246 seconds
2020-02-10T11:21:06.775-0530: 14.796: Total time for which application threads were stopped: 0.0001024 seconds, Stopping threads took: 0.0000554 seconds
2020-02-10T11:21:06.775-0530: 14.796: Total time for which application threads were stopped: 0.0000657 seconds, Stopping threads took: 0.0000247 seconds
2020-02-10T11:21:06.775-0530: 14.796: Total time for which application threads were stopped: 0.0000604 seconds, Stopping threads took: 0.0000281 seconds
2020-02-10T11:21:06.776-0530: 14.796: Total time for which application threads were stopped: 0.0000870 seconds, Stopping threads took: 0.0000392 seconds
2020-02-10T11:21:06.776-0530: 14.797: Total time for which application threads were stopped: 0.0000623 seconds, Stopping threads took: 0.0000241 seconds
2020-02-10T11:21:06.776-0530: 14.797: Total time for which application threads were stopped: 0.0000560 seconds, Stopping threads took: 0.0000210 seconds
2020-02-10T11:21:06.776-0530: 14.797: Total time for which application threads were stopped: 0.0000640 seconds, Stopping threads took: 0.0000234 seconds
2020-02-10T11:21:06.776-0530: 14.797: Total time for which application threads were stopped: 0.0000571 seconds, Stopping threads took: 0.0000231 seconds
2020-02-10T11:21:06.776-0530: 14.797: Total time for which application threads were stopped: 0.0000586 seconds, Stopping threads took: 0.0000198 seconds
2020-02-10T11:21:06.776-0530: 14.797: Total time for which application threads were stopped: 0.0000581 seconds, Stopping threads took: 0.0000225 seconds
2020-02-10T11:21:06.776-0530: 14.797: Total time for which application threads were stopped: 0.0000571 seconds, Stopping threads took: 0.0000276 seconds
2020-02-10T11:21:06.776-0530: 14.797: Total time for which application threads were stopped: 0.0001043 seconds, Stopping threads took: 0.0000591 seconds
2020-02-10T11:21:06.776-0530: 14.797: Total time for which application threads were stopped: 0.0000948 seconds, Stopping threads took: 0.0000508 seconds
2020-02-10T11:21:06.777-0530: 14.797: Total time for which application threads were stopped: 0.0000905 seconds, Stopping threads took: 0.0000489 seconds
2020-02-10T11:21:06.777-0530: 14.798: Total time for which application threads were stopped: 0.0000433 seconds, Stopping threads took: 0.0000068 seconds
2020-02-10T11:21:06.777-0530: 14.798: Total time for which application threads were stopped: 0.0000404 seconds, Stopping threads took: 0.0000069 seconds
2020-02-10T11:21:06.777-0530: 14.798: Total time for which application threads were stopped: 0.0001141 seconds, Stopping threads took: 0.0000067 seconds
2020-02-10T11:21:06.778-0530: 14.799: Total time for which application threads were stopped: 0.0001117 seconds, Stopping threads took: 0.0000412 seconds
2020-02-10T11:21:06.778-0530: 14.799: Total time for which application threads were stopped: 0.0000786 seconds, Stopping threads took: 0.0000329 seconds
2020-02-10T11:21:06.778-0530: 14.799: Total time for which application threads were stopped: 0.0000657 seconds, Stopping threads took: 0.0000289 seconds
2020-02-10T11:21:06.778-0530: 14.799: Total time for which application threads were stopped: 0.0000670 seconds, Stopping threads took: 0.0000197 seconds
2020-02-10T11:21:06.778-0530: 14.799: Total time for which application threads were stopped: 0.0001342 seconds, Stopping threads took: 0.0000660 seconds
2020-02-10T11:21:06.779-0530: 14.800: Total time for which application threads were stopped: 0.0001171 seconds, Stopping threads took: 0.0000319 seconds
2020-02-10T11:21:06.779-0530: 14.800: Total time for which application threads were stopped: 0.0001054 seconds, Stopping threads took: 0.0000450 seconds
2020-02-10T11:21:06.779-0530: 14.800: Total time for which application threads were stopped: 0.0001123 seconds, Stopping threads took: 0.0000321 seconds
2020-02-10T11:21:06.779-0530: 14.800: Total time for which application threads were stopped: 0.0000785 seconds, Stopping threads took: 0.0000260 seconds
2020-02-10T11:21:06.780-0530: 14.801: Total time for which application threads were stopped: 0.0001320 seconds, Stopping threads took: 0.0000478 seconds
2020-02-10T11:21:06.780-0530: 14.801: Total time for which application threads were stopped: 0.0000821 seconds, Stopping threads took: 0.0000243 seconds
2020-02-10T11:21:06.780-0530: 14.801: Total time for which application threads were stopped: 0.0000917 seconds, Stopping threads took: 0.0000269 seconds
2020-02-10T11:21:06.781-0530: 14.801: Total time for which application threads were stopped: 0.0001168 seconds, Stopping threads took: 0.0000510 seconds
2020-02-10T11:21:06.781-0530: 14.802: Total time for which application threads were stopped: 0.0000558 seconds, Stopping threads took: 0.0000108 seconds
2020-02-10T11:21:06.781-0530: 14.802: Total time for which application threads were stopped: 0.0000747 seconds, Stopping threads took: 0.0000243 seconds
2020-02-10T11:21:06.781-0530: 14.802: Total time for which application threads were stopped: 0.0000749 seconds, Stopping threads took: 0.0000296 seconds
2020-02-10T11:21:06.781-0530: 14.802: Total time for which application threads were stopped: 0.0000612 seconds, Stopping threads took: 0.0000138 seconds
2020-02-10T11:21:06.781-0530: 14.802: Total time for which application threads were stopped: 0.0000616 seconds, Stopping threads took: 0.0000094 seconds
2020-02-10T11:21:06.782-0530: 14.803: Total time for which application threads were stopped: 0.0001541 seconds, Stopping threads took: 0.0000558 seconds
2020-02-10T11:21:06.784-0530: 14.805: Total time for which application threads were stopped: 0.0001250 seconds, Stopping threads took: 0.0000545 seconds
2020-02-10T11:21:06.805-0530: 14.826: Total time for which application threads were stopped: 0.0001963 seconds, Stopping threads took: 0.0000587 seconds
2020-02-10T11:21:06.806-0530: 14.827: Total time for which application threads were stopped: 0.0001094 seconds, Stopping threads took: 0.0000149 seconds
2020-02-10T11:21:06.806-0530: 14.827: Total time for which application threads were stopped: 0.0000910 seconds, Stopping threads took: 0.0000128 seconds
2020-02-10T11:21:06.806-0530: 14.827: Total time for which application threads were stopped: 0.0000828 seconds, Stopping threads took: 0.0000103 seconds
2020-02-10T11:21:06.841-0530: 14.862: Total time for which application threads were stopped: 0.0001756 seconds, Stopping threads took: 0.0000459 seconds
2020-02-10T11:21:06.842-0530: 14.863: Total time for which application threads were stopped: 0.0002498 seconds, Stopping threads took: 0.0001214 seconds
2020-02-10T11:21:06.848-0530: 14.869: Total time for which application threads were stopped: 0.0001179 seconds, Stopping threads took: 0.0000353 seconds
2020-02-10T11:21:06.853-0530: 14.874: Total time for which application threads were stopped: 0.0007300 seconds, Stopping threads took: 0.0006433 seconds
2020-02-10T11:21:06.854-0530: 14.875: Total time for which application threads were stopped: 0.0001989 seconds, Stopping threads took: 0.0000657 seconds
2020-02-10T11:21:06.859-0530: 14.880: Total time for which application threads were stopped: 0.0001606 seconds, Stopping threads took: 0.0000397 seconds
2020-02-10T11:21:06.860-0530: 14.881: Total time for which application threads were stopped: 0.0000959 seconds, Stopping threads took: 0.0000237 seconds
2020-02-10T11:21:06.867-0530: 14.888: Total time for which application threads were stopped: 0.0004247 seconds, Stopping threads took: 0.0001085 seconds
2020-02-10T11:21:06.870-0530: 14.891: Total time for which application threads were stopped: 0.0002425 seconds, Stopping threads took: 0.0001813 seconds
2020-02-10T11:21:06.871-0530: 14.891: Total time for which application threads were stopped: 0.0001342 seconds, Stopping threads took: 0.0000753 seconds
2020-02-10T11:21:06.871-0530: 14.892: Total time for which application threads were stopped: 0.0000817 seconds, Stopping threads took: 0.0000246 seconds
2020-02-10T11:21:06.871-0530: 14.892: Total time for which application threads were stopped: 0.0001849 seconds, Stopping threads took: 0.0001396 seconds
2020-02-10T11:21:06.874-0530: 14.895: Total time for which application threads were stopped: 0.0000984 seconds, Stopping threads took: 0.0000319 seconds
2020-02-10T11:21:06.875-0530: 14.896: Total time for which application threads were stopped: 0.0001798 seconds, Stopping threads took: 0.0001062 seconds
2020-02-10T11:21:06.876-0530: 14.897: Total time for which application threads were stopped: 0.0001124 seconds, Stopping threads took: 0.0000077 seconds
2020-02-10T11:21:06.876-0530: 14.897: Total time for which application threads were stopped: 0.0000596 seconds, Stopping threads took: 0.0000107 seconds
2020-02-10T11:21:06.876-0530: 14.897: Total time for which application threads were stopped: 0.0000949 seconds, Stopping threads took: 0.0000544 seconds
2020-02-10T11:21:06.888-0530: 14.909: Total time for which application threads were stopped: 0.0001723 seconds, Stopping threads took: 0.0000854 seconds
2020-02-10T11:21:06.889-0530: 14.910: Total time for which application threads were stopped: 0.0001066 seconds, Stopping threads took: 0.0000378 seconds
2020-02-10T11:21:06.890-0530: 14.911: Total time for which application threads were stopped: 0.0002115 seconds, Stopping threads took: 0.0001547 seconds
2020-02-10T11:21:06.891-0530: 14.912: Total time for which application threads were stopped: 0.0004280 seconds, Stopping threads took: 0.0002383 seconds
2020-02-10T11:21:06.892-0530: 14.913: Total time for which application threads were stopped: 0.0004353 seconds, Stopping threads took: 0.0001558 seconds
2020-02-10T11:21:06.898-0530: 14.919: Total time for which application threads were stopped: 0.0000728 seconds, Stopping threads took: 0.0000198 seconds
2020-02-10T11:21:06.898-0530: 14.919: Total time for which application threads were stopped: 0.0000469 seconds, Stopping threads took: 0.0000108 seconds
2020-02-10T11:21:06.898-0530: 14.919: Total time for which application threads were stopped: 0.0000407 seconds, Stopping threads took: 0.0000082 seconds
2020-02-10T11:21:06.898-0530: 14.919: Total time for which application threads were stopped: 0.0000715 seconds, Stopping threads took: 0.0000384 seconds
2020-02-10T11:21:06.903-0530: 14.923: Total time for which application threads were stopped: 0.0000971 seconds, Stopping threads took: 0.0000247 seconds
2020-02-10T11:21:06.903-0530: 14.924: Total time for which application threads were stopped: 0.0000795 seconds, Stopping threads took: 0.0000180 seconds
2020-02-10T11:21:06.903-0530: 14.924: Total time for which application threads were stopped: 0.0000649 seconds, Stopping threads took: 0.0000130 seconds
2020-02-10T11:21:06.903-0530: 14.924: Total time for which application threads were stopped: 0.0000653 seconds, Stopping threads took: 0.0000140 seconds
2020-02-10T11:21:06.962-0530: 14.983: Total time for which application threads were stopped: 0.0001242 seconds, Stopping threads took: 0.0000385 seconds
2020-02-10T11:21:06.963-0530: 14.983: Total time for which application threads were stopped: 0.0000997 seconds, Stopping threads took: 0.0000531 seconds
2020-02-10T11:21:06.963-0530: 14.984: Total time for which application threads were stopped: 0.0001630 seconds, Stopping threads took: 0.0000249 seconds
2020-02-10T11:21:06.963-0530: 14.984: Total time for which application threads were stopped: 0.0000583 seconds, Stopping threads took: 0.0000136 seconds
2020-02-10T11:21:06.973-0530: 14.994: Total time for which application threads were stopped: 0.0000735 seconds, Stopping threads took: 0.0000200 seconds
2020-02-10T11:21:07.026-0530: 15.047: Total time for which application threads were stopped: 0.0000773 seconds, Stopping threads took: 0.0000193 seconds
2020-02-10T11:21:07.026-0530: 15.047: Total time for which application threads were stopped: 0.0000482 seconds, Stopping threads took: 0.0000114 seconds
2020-02-10T11:21:07.026-0530: 15.047: Total time for which application threads were stopped: 0.0000457 seconds, Stopping threads took: 0.0000104 seconds
2020-02-10T11:21:07.030-0530: 15.051: Total time for which application threads were stopped: 0.0000696 seconds, Stopping threads took: 0.0000244 seconds
2020-02-10T11:21:07.030-0530: 15.051: Total time for which application threads were stopped: 0.0000490 seconds, Stopping threads took: 0.0000100 seconds
2020-02-10T11:21:07.030-0530: 15.051: Total time for which application threads were stopped: 0.0000422 seconds, Stopping threads took: 0.0000071 seconds
2020-02-10T11:21:07.058-0530: 15.079: Total time for which application threads were stopped: 0.0000871 seconds, Stopping threads took: 0.0000265 seconds
2020-02-10T11:21:07.059-0530: 15.080: Total time for which application threads were stopped: 0.0002465 seconds, Stopping threads took: 0.0000272 seconds
2020-02-10T11:21:07.059-0530: 15.080: Total time for which application threads were stopped: 0.0000665 seconds, Stopping threads took: 0.0000196 seconds
2020-02-10T11:21:07.198-0530: 15.219: Total time for which application threads were stopped: 0.0004629 seconds, Stopping threads took: 0.0000297 seconds
{Heap before GC invocations=3 (full 1):
 par new generation   total 109248K, used 100056K [0x00000007a0000000, 0x00000007a8000000, 0x00000007a8000000)
  eden space 87424K, 100% used [0x00000007a0000000, 0x00000007a5560000, 0x00000007a5560000)
  from space 21824K,  57% used [0x00000007a6ab0000, 0x00000007a7706160, 0x00000007a8000000)
  to   space 21824K,   0% used [0x00000007a5560000, 0x00000007a5560000, 0x00000007a6ab0000)
 concurrent mark-sweep generation total 393216K, used 0K [0x00000007a8000000, 0x00000007c0000000, 0x00000007c0000000)
 Metaspace       used 28515K, capacity 29205K, committed 29384K, reserved 1075200K
  class space    used 3491K, capacity 3719K, committed 3784K, reserved 1048576K
2020-02-10T11:21:07.241-0530: 15.262: [GC (Allocation Failure) 2020-02-10T11:21:07.241-0530: 15.262: [ParNew
Desired survivor size 20112992 bytes, new threshold 8 (max 8)
- age   1:    5207432 bytes,    5207432 total
- age   2:       9672 bytes,    5217104 total
- age   3:    2709848 bytes,    7926952 total
- age   4:    4902904 bytes,   12829856 total
: 100056K->17596K(109248K), 0.0163775 secs] 100056K->17596K(502464K), 0.0165170 secs] [Times: user=0.05 sys=0.01, real=0.01 secs] 
Heap after GC invocations=4 (full 1):
 par new generation   total 109248K, used 17596K [0x00000007a0000000, 0x00000007a8000000, 0x00000007a8000000)
  eden space 87424K,   0% used [0x00000007a0000000, 0x00000007a0000000, 0x00000007a5560000)
  from space 21824K,  80% used [0x00000007a5560000, 0x00000007a668f340, 0x00000007a6ab0000)
  to   space 21824K,   0% used [0x00000007a6ab0000, 0x00000007a6ab0000, 0x00000007a8000000)
 concurrent mark-sweep generation total 393216K, used 0K [0x00000007a8000000, 0x00000007c0000000, 0x00000007c0000000)
 Metaspace       used 28515K, capacity 29205K, committed 29384K, reserved 1075200K
  class space    used 3491K, capacity 3719K, committed 3784K, reserved 1048576K
}
2020-02-10T11:21:07.257-0530: 15.278: Total time for which application threads were stopped: 0.0168066 seconds, Stopping threads took: 0.0000229 seconds
2020-02-10T11:21:07.259-0530: 15.280: Total time for which application threads were stopped: 0.0008219 seconds, Stopping threads took: 0.0000490 seconds
2020-02-10T11:21:07.260-0530: 15.281: Total time for which application threads were stopped: 0.0005127 seconds, Stopping threads took: 0.0001422 seconds
2020-02-10T11:21:07.261-0530: 15.281: Total time for which application threads were stopped: 0.0001141 seconds, Stopping threads took: 0.0000382 seconds
2020-02-10T11:21:07.261-0530: 15.282: Total time for which application threads were stopped: 0.0001842 seconds, Stopping threads took: 0.0001175 seconds
2020-02-10T11:21:07.279-0530: 15.300: Total time for which application threads were stopped: 0.0006360 seconds, Stopping threads took: 0.0000572 seconds
2020-02-10T11:21:07.355-0530: 15.376: Total time for which application threads were stopped: 0.0000774 seconds, Stopping threads took: 0.0000220 seconds
2020-02-10T11:21:07.355-0530: 15.376: Total time for which application threads were stopped: 0.0000830 seconds, Stopping threads took: 0.0000211 seconds
2020-02-10T11:21:07.434-0530: 15.455: Total time for which application threads were stopped: 0.0001785 seconds, Stopping threads took: 0.0000556 seconds
2020-02-10T11:21:07.446-0530: 15.466: Total time for which application threads were stopped: 0.0000839 seconds, Stopping threads took: 0.0000211 seconds
2020-02-10T11:21:07.446-0530: 15.467: Total time for which application threads were stopped: 0.0000817 seconds, Stopping threads took: 0.0000203 seconds
2020-02-10T11:21:07.543-0530: 15.564: Total time for which application threads were stopped: 0.0001780 seconds, Stopping threads took: 0.0000577 seconds
2020-02-10T11:21:07.568-0530: 15.589: Total time for which application threads were stopped: 0.0000946 seconds, Stopping threads took: 0.0000225 seconds
2020-02-10T11:21:07.571-0530: 15.592: Total time for which application threads were stopped: 0.0001177 seconds, Stopping threads took: 0.0000468 seconds
2020-02-10T11:21:07.572-0530: 15.592: Total time for which application threads were stopped: 0.0000816 seconds, Stopping threads took: 0.0000326 seconds
2020-02-10T11:21:07.572-0530: 15.593: Total time for which application threads were stopped: 0.0000822 seconds, Stopping threads took: 0.0000200 seconds
2020-02-10T11:21:07.587-0530: 15.607: Total time for which application threads were stopped: 0.0001276 seconds, Stopping threads took: 0.0000500 seconds
2020-02-10T11:21:07.587-0530: 15.608: Total time for which application threads were stopped: 0.0000889 seconds, Stopping threads took: 0.0000356 seconds
2020-02-10T11:21:07.588-0530: 15.609: Total time for which application threads were stopped: 0.0001021 seconds, Stopping threads took: 0.0000383 seconds
2020-02-10T11:21:07.588-0530: 15.609: Total time for which application threads were stopped: 0.0000846 seconds, Stopping threads took: 0.0000328 seconds
2020-02-10T11:21:07.590-0530: 15.611: Total time for which application threads were stopped: 0.0001929 seconds, Stopping threads took: 0.0001039 seconds
2020-02-10T11:21:07.590-0530: 15.611: Total time for which application threads were stopped: 0.0000976 seconds, Stopping threads took: 0.0000278 seconds
2020-02-10T11:21:07.591-0530: 15.612: Total time for which application threads were stopped: 0.0001978 seconds, Stopping threads took: 0.0000507 seconds
2020-02-10T11:21:07.593-0530: 15.613: Total time for which application threads were stopped: 0.0003291 seconds, Stopping threads took: 0.0000819 seconds
2020-02-10T11:21:07.596-0530: 15.617: Total time for which application threads were stopped: 0.0001107 seconds, Stopping threads took: 0.0000230 seconds
2020-02-10T11:21:07.596-0530: 15.617: Total time for which application threads were stopped: 0.0000920 seconds, Stopping threads took: 0.0000374 seconds
2020-02-10T11:21:07.598-0530: 15.619: Total time for which application threads were stopped: 0.0001411 seconds, Stopping threads took: 0.0000228 seconds
2020-02-10T11:21:07.598-0530: 15.619: Total time for which application threads were stopped: 0.0000828 seconds, Stopping threads took: 0.0000190 seconds
2020-02-10T11:21:07.604-0530: 15.624: Total time for which application threads were stopped: 0.0000689 seconds, Stopping threads took: 0.0000172 seconds
2020-02-10T11:21:07.604-0530: 15.625: Total time for which application threads were stopped: 0.0000682 seconds, Stopping threads took: 0.0000143 seconds
2020-02-10T11:21:07.612-0530: 15.633: Total time for which application threads were stopped: 0.0002868 seconds, Stopping threads took: 0.0000501 seconds
2020-02-10T11:21:07.613-0530: 15.634: Total time for which application threads were stopped: 0.0000606 seconds, Stopping threads took: 0.0000206 seconds
2020-02-10T11:21:07.613-0530: 15.634: Total time for which application threads were stopped: 0.0001737 seconds, Stopping threads took: 0.0001178 seconds
2020-02-10T11:21:07.675-0530: 15.696: Total time for which application threads were stopped: 0.0003761 seconds, Stopping threads took: 0.0002791 seconds
2020-02-10T11:21:07.681-0530: 15.702: Total time for which application threads were stopped: 0.0001157 seconds, Stopping threads took: 0.0000440 seconds
{Heap before GC invocations=4 (full 1):
 par new generation   total 109248K, used 105020K [0x00000007a0000000, 0x00000007a8000000, 0x00000007a8000000)
  eden space 87424K, 100% used [0x00000007a0000000, 0x00000007a5560000, 0x00000007a5560000)
  from space 21824K,  80% used [0x00000007a5560000, 0x00000007a668f340, 0x00000007a6ab0000)
  to   space 21824K,   0% used [0x00000007a6ab0000, 0x00000007a6ab0000, 0x00000007a8000000)
 concurrent mark-sweep generation total 393216K, used 0K [0x00000007a8000000, 0x00000007c0000000, 0x00000007c0000000)
 Metaspace       used 29933K, capacity 30613K, committed 30792K, reserved 1077248K
  class space    used 3663K, capacity 3891K, committed 3912K, reserved 1048576K
2020-02-10T11:21:07.735-0530: 15.756: [GC (Allocation Failure) 2020-02-10T11:21:07.735-0530: 15.756: [ParNew
Desired survivor size 20112992 bytes, new threshold 8 (max 8)
- age   1:    2363792 bytes,    2363792 total
- age   2:    1781696 bytes,    4145488 total
- age   4:    2671456 bytes,    6816944 total
- age   5:    4895792 bytes,   11712736 total
: 105020K->15519K(109248K), 0.0155988 secs] 105020K->15519K(502464K), 0.0157278 secs] [Times: user=0.04 sys=0.00, real=0.02 secs] 
Heap after GC invocations=5 (full 1):
 par new generation   total 109248K, used 15519K [0x00000007a0000000, 0x00000007a8000000, 0x00000007a8000000)
  eden space 87424K,   0% used [0x00000007a0000000, 0x00000007a0000000, 0x00000007a5560000)
  from space 21824K,  71% used [0x00000007a6ab0000, 0x00000007a79d7f30, 0x00000007a8000000)
  to   space 21824K,   0% used [0x00000007a5560000, 0x00000007a5560000, 0x00000007a6ab0000)
 concurrent mark-sweep generation total 393216K, used 0K [0x00000007a8000000, 0x00000007c0000000, 0x00000007c0000000)
 Metaspace       used 29933K, capacity 30613K, committed 30792K, reserved 1077248K
  class space    used 3663K, capacity 3891K, committed 3912K, reserved 1048576K
}
2020-02-10T11:21:07.751-0530: 15.772: Total time for which application threads were stopped: 0.0159292 seconds, Stopping threads took: 0.0000258 seconds
2020-02-10T11:21:07.751-0530: 15.772: Total time for which application threads were stopped: 0.0001094 seconds, Stopping threads took: 0.0000513 seconds
2020-02-10T11:21:07.751-0530: 15.772: Total time for which application threads were stopped: 0.0000824 seconds, Stopping threads took: 0.0000341 seconds
2020-02-10T11:21:07.752-0530: 15.772: Total time for which application threads were stopped: 0.0000674 seconds, Stopping threads took: 0.0000261 seconds
2020-02-10T11:21:07.929-0530: 15.950: Total time for which application threads were stopped: 0.0001606 seconds, Stopping threads took: 0.0000484 seconds
{Heap before GC invocations=5 (full 1):
 par new generation   total 109248K, used 102943K [0x00000007a0000000, 0x00000007a8000000, 0x00000007a8000000)
  eden space 87424K, 100% used [0x00000007a0000000, 0x00000007a5560000, 0x00000007a5560000)
  from space 21824K,  71% used [0x00000007a6ab0000, 0x00000007a79d7f30, 0x00000007a8000000)
  to   space 21824K,   0% used [0x00000007a5560000, 0x00000007a5560000, 0x00000007a6ab0000)
 concurrent mark-sweep generation total 393216K, used 0K [0x00000007a8000000, 0x00000007c0000000, 0x00000007c0000000)
 Metaspace       used 30249K, capacity 30925K, committed 31432K, reserved 1077248K
  class space    used 3707K, capacity 3927K, committed 4040K, reserved 1048576K
2020-02-10T11:21:07.963-0530: 15.984: [GC (Allocation Failure) 2020-02-10T11:21:07.963-0530: 15.984: [ParNew
Desired survivor size 20112992 bytes, new threshold 8 (max 8)
- age   1:     561080 bytes,     561080 total
- age   2:    1089488 bytes,    1650568 total
- age   3:    1772024 bytes,    3422592 total
- age   5:    2671360 bytes,    6093952 total
- age   6:    4894920 bytes,   10988872 total
: 102943K->13530K(109248K), 0.0130723 secs] 102943K->13530K(502464K), 0.0131883 secs] [Times: user=0.05 sys=0.00, real=0.01 secs] 
Heap after GC invocations=6 (full 1):
 par new generation   total 109248K, used 13530K [0x00000007a0000000, 0x00000007a8000000, 0x00000007a8000000)
  eden space 87424K,   0% used [0x00000007a0000000, 0x00000007a0000000, 0x00000007a5560000)
  from space 21824K,  62% used [0x00000007a5560000, 0x00000007a6296bc0, 0x00000007a6ab0000)
  to   space 21824K,   0% used [0x00000007a6ab0000, 0x00000007a6ab0000, 0x00000007a8000000)
 concurrent mark-sweep generation total 393216K, used 0K [0x00000007a8000000, 0x00000007c0000000, 0x00000007c0000000)
 Metaspace       used 30249K, capacity 30925K, committed 31432K, reserved 1077248K
  class space    used 3707K, capacity 3927K, committed 4040K, reserved 1048576K
}
2020-02-10T11:21:07.976-0530: 15.997: Total time for which application threads were stopped: 0.0133996 seconds, Stopping threads took: 0.0000233 seconds
2020-02-10T11:21:07.977-0530: 15.997: Total time for which application threads were stopped: 0.0001010 seconds, Stopping threads took: 0.0000420 seconds
2020-02-10T11:21:08.078-0530: 16.099: Total time for which application threads were stopped: 0.0005490 seconds, Stopping threads took: 0.0000353 seconds
2020-02-10T11:21:08.092-0530: 16.112: Total time for which application threads were stopped: 0.0000825 seconds, Stopping threads took: 0.0000266 seconds
2020-02-10T11:21:08.171-0530: 16.192: Total time for which application threads were stopped: 0.0005233 seconds, Stopping threads took: 0.0000412 seconds
2020-02-10T11:21:08.531-0530: 16.552: Total time for which application threads were stopped: 0.0001213 seconds, Stopping threads took: 0.0000221 seconds
2020-02-10T11:21:08.559-0530: 16.580: Total time for which application threads were stopped: 0.0000861 seconds, Stopping threads took: 0.0000234 seconds
2020-02-10T11:21:08.560-0530: 16.580: Total time for which application threads were stopped: 0.0000889 seconds, Stopping threads took: 0.0000404 seconds
2020-02-10T11:21:08.560-0530: 16.581: Total time for which application threads were stopped: 0.0000469 seconds, Stopping threads took: 0.0000105 seconds
2020-02-10T11:21:08.584-0530: 16.605: Total time for which application threads were stopped: 0.0005490 seconds, Stopping threads took: 0.0000226 seconds
2020-02-10T11:21:08.599-0530: 16.620: Total time for which application threads were stopped: 0.0001021 seconds, Stopping threads took: 0.0000363 seconds
2020-02-10T11:21:08.603-0530: 16.623: Total time for which application threads were stopped: 0.0001203 seconds, Stopping threads took: 0.0000587 seconds
2020-02-10T11:21:08.625-0530: 16.646: Total time for which application threads were stopped: 0.0001426 seconds, Stopping threads took: 0.0000620 seconds
2020-02-10T11:21:08.626-0530: 16.647: Total time for which application threads were stopped: 0.0001563 seconds, Stopping threads took: 0.0000592 seconds
2020-02-10T11:21:08.744-0530: 16.765: Total time for which application threads were stopped: 0.0000879 seconds, Stopping threads took: 0.0000225 seconds
2020-02-10T11:21:08.745-0530: 16.766: Total time for which application threads were stopped: 0.0000731 seconds, Stopping threads took: 0.0000180 seconds
2020-02-10T11:21:08.794-0530: 16.815: Total time for which application threads were stopped: 0.0000958 seconds, Stopping threads took: 0.0000228 seconds
2020-02-10T11:21:08.795-0530: 16.815: Total time for which application threads were stopped: 0.0000660 seconds, Stopping threads took: 0.0000150 seconds
{Heap before GC invocations=6 (full 1):
 par new generation   total 109248K, used 100954K [0x00000007a0000000, 0x00000007a8000000, 0x00000007a8000000)
  eden space 87424K, 100% used [0x00000007a0000000, 0x00000007a5560000, 0x00000007a5560000)
  from space 21824K,  62% used [0x00000007a5560000, 0x00000007a6296bc0, 0x00000007a6ab0000)
  to   space 21824K,   0% used [0x00000007a6ab0000, 0x00000007a6ab0000, 0x00000007a8000000)
 concurrent mark-sweep generation total 393216K, used 0K [0x00000007a8000000, 0x00000007c0000000, 0x00000007c0000000)
 Metaspace       used 33801K, capacity 34549K, committed 35016K, reserved 1079296K
  class space    used 4180K, capacity 4441K, committed 4552K, reserved 1048576K
2020-02-10T11:21:08.868-0530: 16.889: [GC (Allocation Failure) 2020-02-10T11:21:08.868-0530: 16.889: [ParNew
Desired survivor size 20112992 bytes, new threshold 8 (max 8)
- age   1:    4365192 bytes,    4365192 total
- age   2:     148896 bytes,    4514088 total
- age   3:     483088 bytes,    4997176 total
- age   4:    1764632 bytes,    6761808 total
- age   6:    2663336 bytes,    9425144 total
- age   7:    4890544 bytes,   14315688 total
: 100954K->19103K(109248K), 0.0298202 secs] 100954K->19103K(502464K), 0.0299358 secs] [Times: user=0.07 sys=0.00, real=0.03 secs] 
Heap after GC invocations=7 (full 1):
 par new generation   total 109248K, used 19103K [0x00000007a0000000, 0x00000007a8000000, 0x00000007a8000000)
  eden space 87424K,   0% used [0x00000007a0000000, 0x00000007a0000000, 0x00000007a5560000)
  from space 21824K,  87% used [0x00000007a6ab0000, 0x00000007a7d57f00, 0x00000007a8000000)
  to   space 21824K,   0% used [0x00000007a5560000, 0x00000007a5560000, 0x00000007a6ab0000)
 concurrent mark-sweep generation total 393216K, used 0K [0x00000007a8000000, 0x00000007c0000000, 0x00000007c0000000)
 Metaspace       used 33801K, capacity 34549K, committed 35016K, reserved 1079296K
  class space    used 4180K, capacity 4441K, committed 4552K, reserved 1048576K
}
2020-02-10T11:21:08.898-0530: 16.919: Total time for which application threads were stopped: 0.0302237 seconds, Stopping threads took: 0.0000236 seconds
2020-02-10T11:21:08.899-0530: 16.920: Total time for which application threads were stopped: 0.0001080 seconds, Stopping threads took: 0.0000207 seconds
2020-02-10T11:21:08.899-0530: 16.920: Total time for which application threads were stopped: 0.0000725 seconds, Stopping threads took: 0.0000096 seconds
2020-02-10T11:21:08.922-0530: 16.943: Total time for which application threads were stopped: 0.0001031 seconds, Stopping threads took: 0.0000413 seconds
2020-02-10T11:21:08.923-0530: 16.944: Total time for which application threads were stopped: 0.0000588 seconds, Stopping threads took: 0.0000122 seconds
2020-02-10T11:21:09.031-0530: 17.051: Total time for which application threads were stopped: 0.0001239 seconds, Stopping threads took: 0.0000542 seconds
2020-02-10T11:21:09.031-0530: 17.052: Total time for which application threads were stopped: 0.0001107 seconds, Stopping threads took: 0.0000476 seconds
2020-02-10T11:21:09.055-0530: 17.075: Total time for which application threads were stopped: 0.0002325 seconds, Stopping threads took: 0.0000527 seconds
2020-02-10T11:21:10.060-0530: 18.081: Total time for which application threads were stopped: 0.0001685 seconds, Stopping threads took: 0.0000317 seconds
2020-02-10T11:21:14.261-0530: 22.282: Total time for which application threads were stopped: 0.0000956 seconds, Stopping threads took: 0.0000239 seconds
2020-02-10T11:21:14.275-0530: 22.296: Total time for which application threads were stopped: 0.0000776 seconds, Stopping threads took: 0.0000252 seconds
2020-02-10T11:21:14.276-0530: 22.296: Total time for which application threads were stopped: 0.0000374 seconds, Stopping threads took: 0.0000090 seconds
2020-02-10T11:21:14.276-0530: 22.296: Total time for which application threads were stopped: 0.0000291 seconds, Stopping threads took: 0.0000068 seconds
2020-02-10T11:21:14.302-0530: 22.323: Total time for which application threads were stopped: 0.0000776 seconds, Stopping threads took: 0.0000274 seconds
2020-02-10T11:21:14.440-0530: 22.461: Total time for which application threads were stopped: 0.0002012 seconds, Stopping threads took: 0.0000217 seconds
2020-02-10T11:21:14.480-0530: 22.501: Total time for which application threads were stopped: 0.0001182 seconds, Stopping threads took: 0.0000657 seconds
2020-02-10T11:21:14.485-0530: 22.505: Total time for which application threads were stopped: 0.0001404 seconds, Stopping threads took: 0.0000850 seconds
2020-02-10T11:21:14.492-0530: 22.512: Total time for which application threads were stopped: 0.0004607 seconds, Stopping threads took: 0.0000603 seconds
2020-02-10T11:21:14.622-0530: 22.643: Total time for which application threads were stopped: 0.0004053 seconds, Stopping threads took: 0.0000248 seconds
{Heap before GC invocations=7 (full 1):
 par new generation   total 109248K, used 106527K [0x00000007a0000000, 0x00000007a8000000, 0x00000007a8000000)
  eden space 87424K, 100% used [0x00000007a0000000, 0x00000007a5560000, 0x00000007a5560000)
  from space 21824K,  87% used [0x00000007a6ab0000, 0x00000007a7d57f00, 0x00000007a8000000)
  to   space 21824K,   0% used [0x00000007a5560000, 0x00000007a5560000, 0x00000007a6ab0000)
 concurrent mark-sweep generation total 393216K, used 0K [0x00000007a8000000, 0x00000007c0000000, 0x00000007c0000000)
 Metaspace       used 37207K, capacity 38085K, committed 38472K, reserved 1083392K
  class space    used 4611K, capacity 4861K, committed 4936K, reserved 1048576K
2020-02-10T11:21:14.738-0530: 22.759: [GC (Allocation Failure) 2020-02-10T11:21:14.738-0530: 22.759: [ParNew
Desired survivor size 20112992 bytes, new threshold 8 (max 8)
- age   1:    7004136 bytes,    7004136 total
- age   2:    1321480 bytes,    8325616 total
- age   3:     147600 bytes,    8473216 total
- age   4:     446088 bytes,    8919304 total
- age   5:    1751088 bytes,   10670392 total
- age   7:    2659056 bytes,   13329448 total
- age   8:    4880912 bytes,   18210360 total
: 106527K->20982K(109248K), 0.0184064 secs] 106527K->20982K(502464K), 0.0184808 secs] [Times: user=0.06 sys=0.00, real=0.02 secs] 
Heap after GC invocations=8 (full 1):
 par new generation   total 109248K, used 20982K [0x00000007a0000000, 0x00000007a8000000, 0x00000007a8000000)
  eden space 87424K,   0% used [0x00000007a0000000, 0x00000007a0000000, 0x00000007a5560000)
  from space 21824K,  96% used [0x00000007a5560000, 0x00000007a69ddbb8, 0x00000007a6ab0000)
  to   space 21824K,   0% used [0x00000007a6ab0000, 0x00000007a6ab0000, 0x00000007a8000000)
 concurrent mark-sweep generation total 393216K, used 0K [0x00000007a8000000, 0x00000007c0000000, 0x00000007c0000000)
 Metaspace       used 37207K, capacity 38085K, committed 38472K, reserved 1083392K
  class space    used 4611K, capacity 4861K, committed 4936K, reserved 1048576K
}
2020-02-10T11:21:14.756-0530: 22.777: Total time for which application threads were stopped: 0.0187090 seconds, Stopping threads took: 0.0000255 seconds
2020-02-10T11:21:14.757-0530: 22.778: Total time for which application threads were stopped: 0.0000710 seconds, Stopping threads took: 0.0000124 seconds
2020-02-10T11:21:14.757-0530: 22.778: Total time for which application threads were stopped: 0.0000601 seconds, Stopping threads took: 0.0000110 seconds
2020-02-10T11:21:14.783-0530: 22.804: Total time for which application threads were stopped: 0.0000721 seconds, Stopping threads took: 0.0000250 seconds
2020-02-10T11:21:14.785-0530: 22.806: Total time for which application threads were stopped: 0.0004110 seconds, Stopping threads took: 0.0000221 seconds
2020-02-10T11:21:14.801-0530: 22.822: Total time for which application threads were stopped: 0.0001495 seconds, Stopping threads took: 0.0000251 seconds
2020-02-10T11:21:14.848-0530: 22.869: Total time for which application threads were stopped: 0.0001337 seconds, Stopping threads took: 0.0000567 seconds
2020-02-10T11:21:14.850-0530: 22.871: Total time for which application threads were stopped: 0.0001072 seconds, Stopping threads took: 0.0000394 seconds
2020-02-10T11:21:14.850-0530: 22.871: Total time for which application threads were stopped: 0.0000807 seconds, Stopping threads took: 0.0000376 seconds
2020-02-10T11:21:14.852-0530: 22.872: Total time for which application threads were stopped: 0.0001348 seconds, Stopping threads took: 0.0000343 seconds
2020-02-10T11:21:14.854-0530: 22.874: Total time for which application threads were stopped: 0.0000841 seconds, Stopping threads took: 0.0000195 seconds
2020-02-10T11:21:14.856-0530: 22.876: Total time for which application threads were stopped: 0.0001021 seconds, Stopping threads took: 0.0000408 seconds
2020-02-10T11:21:14.856-0530: 22.877: Total time for which application threads were stopped: 0.0000774 seconds, Stopping threads took: 0.0000326 seconds
2020-02-10T11:21:14.857-0530: 22.878: Total time for which application threads were stopped: 0.0001700 seconds, Stopping threads took: 0.0000198 seconds
2020-02-10T11:21:14.866-0530: 22.887: Total time for which application threads were stopped: 0.0001312 seconds, Stopping threads took: 0.0000446 seconds
2020-02-10T11:21:14.908-0530: 22.928: Total time for which application threads were stopped: 0.0001763 seconds, Stopping threads took: 0.0000478 seconds
2020-02-10T11:21:14.912-0530: 22.933: Total time for which application threads were stopped: 0.0001084 seconds, Stopping threads took: 0.0000447 seconds
{Heap before GC invocations=8 (full 1):
 par new generation   total 109248K, used 108406K [0x00000007a0000000, 0x00000007a8000000, 0x00000007a8000000)
  eden space 87424K, 100% used [0x00000007a0000000, 0x00000007a5560000, 0x00000007a5560000)
  from space 21824K,  96% used [0x00000007a5560000, 0x00000007a69ddbb8, 0x00000007a6ab0000)
  to   space 21824K,   0% used [0x00000007a6ab0000, 0x00000007a6ab0000, 0x00000007a8000000)
 concurrent mark-sweep generation total 393216K, used 0K [0x00000007a8000000, 0x00000007c0000000, 0x00000007c0000000)
 Metaspace       used 38383K, capacity 39355K, committed 39624K, reserved 1083392K
  class space    used 4750K, capacity 5004K, committed 5064K, reserved 1048576K
2020-02-10T11:21:15.624-0530: 23.644: [GC (Allocation Failure) 2020-02-10T11:21:15.624-0530: 23.644: [ParNew
Desired survivor size 20112992 bytes, new threshold 8 (max 8)
- age   1:    1182848 bytes,    1182848 total
- age   2:    3548592 bytes,    4731440 total
- age   3:    1320040 bytes,    6051480 total
- age   4:     147568 bytes,    6199048 total
- age   5:     445680 bytes,    6644728 total
- age   6:    1702024 bytes,    8346752 total
- age   8:    2658832 bytes,   11005584 total
: 108406K->19056K(109248K), 0.0404539 secs] 108406K->24370K(502464K), 0.0405863 secs] [Times: user=0.14 sys=0.02, real=0.04 secs] 
Heap after GC invocations=9 (full 1):
 par new generation   total 109248K, used 19056K [0x00000007a0000000, 0x00000007a8000000, 0x00000007a8000000)
  eden space 87424K,   0% used [0x00000007a0000000, 0x00000007a0000000, 0x00000007a5560000)
  from space 21824K,  87% used [0x00000007a6ab0000, 0x00000007a7d4c1c8, 0x00000007a8000000)
  to   space 21824K,   0% used [0x00000007a5560000, 0x00000007a5560000, 0x00000007a6ab0000)
 concurrent mark-sweep generation total 393216K, used 5314K [0x00000007a8000000, 0x00000007c0000000, 0x00000007c0000000)
 Metaspace       used 38383K, capacity 39355K, committed 39624K, reserved 1083392K
  class space    used 4750K, capacity 5004K, committed 5064K, reserved 1048576K
}
2020-02-10T11:21:15.664-0530: 23.685: Total time for which application threads were stopped: 0.0409037 seconds, Stopping threads took: 0.0000239 seconds
2020-02-10T11:21:15.665-0530: 23.685: Total time for which application threads were stopped: 0.0000718 seconds, Stopping threads took: 0.0000340 seconds
2020-02-10T11:21:15.665-0530: 23.685: Total time for which application threads were stopped: 0.0000661 seconds, Stopping threads took: 0.0000252 seconds
2020-02-10T11:21:15.665-0530: 23.685: Total time for which application threads were stopped: 0.0000499 seconds, Stopping threads took: 0.0000241 seconds
{Heap before GC invocations=9 (full 1):
 par new generation   total 109248K, used 106480K [0x00000007a0000000, 0x00000007a8000000, 0x00000007a8000000)
  eden space 87424K, 100% used [0x00000007a0000000, 0x00000007a5560000, 0x00000007a5560000)
  from space 21824K,  87% used [0x00000007a6ab0000, 0x00000007a7d4c1c8, 0x00000007a8000000)
  to   space 21824K,   0% used [0x00000007a5560000, 0x00000007a5560000, 0x00000007a6ab0000)
 concurrent mark-sweep generation total 393216K, used 5314K [0x00000007a8000000, 0x00000007c0000000, 0x00000007c0000000)
 Metaspace       used 38409K, capacity 39355K, committed 39624K, reserved 1083392K
  class space    used 4750K, capacity 5004K, committed 5064K, reserved 1048576K
2020-02-10T11:21:16.083-0530: 24.103: [GC (Allocation Failure) 2020-02-10T11:21:16.083-0530: 24.103: [ParNew
Desired survivor size 20112992 bytes, new threshold 8 (max 8)
- age   1:       1032 bytes,       1032 total
- age   2:     316544 bytes,     317576 total
- age   3:    3548592 bytes,    3866168 total
- age   4:    1320040 bytes,    5186208 total
- age   5:     147568 bytes,    5333776 total
- age   6:     445680 bytes,    5779456 total
- age   7:    1701168 bytes,    7480624 total
: 106480K->11371K(109248K), 0.0163517 secs] 111794K->19379K(502464K), 0.0164521 secs] [Times: user=0.06 sys=0.00, real=0.01 secs] 
Heap after GC invocations=10 (full 1):
 par new generation   total 109248K, used 11371K [0x00000007a0000000, 0x00000007a8000000, 0x00000007a8000000)
  eden space 87424K,   0% used [0x00000007a0000000, 0x00000007a0000000, 0x00000007a5560000)
  from space 21824K,  52% used [0x00000007a5560000, 0x00000007a607af18, 0x00000007a6ab0000)
  to   space 21824K,   0% used [0x00000007a6ab0000, 0x00000007a6ab0000, 0x00000007a8000000)
 concurrent mark-sweep generation total 393216K, used 8008K [0x00000007a8000000, 0x00000007c0000000, 0x00000007c0000000)
 Metaspace       used 38409K, capacity 39355K, committed 39624K, reserved 1083392K
  class space    used 4750K, capacity 5004K, committed 5064K, reserved 1048576K
}
2020-02-10T11:21:16.099-0530: 24.120: Total time for which application threads were stopped: 0.0166248 seconds, Stopping threads took: 0.0000270 seconds
2020-02-10T11:21:16.951-0530: 24.971: Total time for which application threads were stopped: 0.0000832 seconds, Stopping threads took: 0.0000177 seconds
{Heap before GC invocations=10 (full 1):
 par new generation   total 109248K, used 98795K [0x00000007a0000000, 0x00000007a8000000, 0x00000007a8000000)
  eden space 87424K, 100% used [0x00000007a0000000, 0x00000007a5560000, 0x00000007a5560000)
  from space 21824K,  52% used [0x00000007a5560000, 0x00000007a607af18, 0x00000007a6ab0000)
  to   space 21824K,   0% used [0x00000007a6ab0000, 0x00000007a6ab0000, 0x00000007a8000000)
 concurrent mark-sweep generation total 393216K, used 8008K [0x00000007a8000000, 0x00000007c0000000, 0x00000007c0000000)
 Metaspace       used 38428K, capacity 39355K, committed 39624K, reserved 1083392K
  class space    used 4752K, capacity 5004K, committed 5064K, reserved 1048576K
2020-02-10T11:21:16.979-0530: 24.999: [GC (Allocation Failure) 2020-02-10T11:21:16.979-0530: 24.999: [ParNew
Desired survivor size 20112992 bytes, new threshold 8 (max 8)
- age   1:    2023816 bytes,    2023816 total
- age   2:        336 bytes,    2024152 total
- age   3:     315912 bytes,    2340064 total
- age   4:    3548592 bytes,    5888656 total
- age   5:    1320040 bytes,    7208696 total
- age   6:     147568 bytes,    7356264 total
- age   7:     445680 bytes,    7801944 total
- age   8:    1701168 bytes,    9503112 total
: 98795K->11471K(109248K), 0.0129700 secs] 106803K->19479K(502464K), 0.0130666 secs] [Times: user=0.04 sys=0.00, real=0.02 secs] 
Heap after GC invocations=11 (full 1):
 par new generation   total 109248K, used 11471K [0x00000007a0000000, 0x00000007a8000000, 0x00000007a8000000)
  eden space 87424K,   0% used [0x00000007a0000000, 0x00000007a0000000, 0x00000007a5560000)
  from space 21824K,  52% used [0x00000007a6ab0000, 0x00000007a75e3d08, 0x00000007a8000000)
  to   space 21824K,   0% used [0x00000007a5560000, 0x00000007a5560000, 0x00000007a6ab0000)
 concurrent mark-sweep generation total 393216K, used 8008K [0x00000007a8000000, 0x00000007c0000000, 0x00000007c0000000)
 Metaspace       used 38428K, capacity 39355K, committed 39624K, reserved 1083392K
  class space    used 4752K, capacity 5004K, committed 5064K, reserved 1048576K
}
2020-02-10T11:21:16.992-0530: 25.012: Total time for which application threads were stopped: 0.0132316 seconds, Stopping threads took: 0.0000189 seconds
2020-02-10T11:21:17.707-0530: 25.728: Total time for which application threads were stopped: 0.0001864 seconds, Stopping threads took: 0.0000222 seconds
2020-02-10T11:21:17.708-0530: 25.729: Total time for which application threads were stopped: 0.0000663 seconds, Stopping threads took: 0.0000213 seconds
2020-02-10T11:22:06.609-0530: 74.628: Total time for which application threads were stopped: 0.0000894 seconds, Stopping threads took: 0.0000375 seconds
2020-02-10T11:22:06.609-0530: 74.628: Total time for which application threads were stopped: 0.0000457 seconds, Stopping threads took: 0.0000100 seconds
2020-02-10T11:22:06.610-0530: 74.629: Total time for which application threads were stopped: 0.0000708 seconds, Stopping threads took: 0.0000150 seconds
2020-02-10T11:22:06.627-0530: 74.646: Total time for which application threads were stopped: 0.0004655 seconds, Stopping threads took: 0.0000171 seconds
2020-02-10T11:22:06.644-0530: 74.663: Total time for which application threads were stopped: 0.0000695 seconds, Stopping threads took: 0.0000199 seconds
2020-02-10T11:22:07.647-0530: 75.666: Total time for which application threads were stopped: 0.0001848 seconds, Stopping threads took: 0.0000520 seconds
2020-02-10T11:22:13.936-0530: 81.955: Total time for which application threads were stopped: 0.0000782 seconds, Stopping threads took: 0.0000241 seconds
2020-02-10T11:22:13.937-0530: 81.956: Total time for which application threads were stopped: 0.0000431 seconds, Stopping threads took: 0.0000075 seconds
2020-02-10T11:22:13.938-0530: 81.957: Total time for which application threads were stopped: 0.0000569 seconds, Stopping threads took: 0.0000139 seconds
2020-02-10T11:22:13.944-0530: 81.963: Total time for which application threads were stopped: 0.0001905 seconds, Stopping threads took: 0.0001016 seconds
2020-02-10T11:22:13.965-0530: 81.984: Total time for which application threads were stopped: 0.0005304 seconds, Stopping threads took: 0.0000271 seconds
2020-02-10T11:22:13.971-0530: 81.990: Total time for which application threads were stopped: 0.0000634 seconds, Stopping threads took: 0.0000237 seconds
2020-02-10T11:22:13.971-0530: 81.990: Total time for which application threads were stopped: 0.0000467 seconds, Stopping threads took: 0.0000101 seconds
2020-02-10T11:22:13.971-0530: 81.990: Total time for which application threads were stopped: 0.0000440 seconds, Stopping threads took: 0.0000089 seconds
2020-02-10T11:22:13.979-0530: 81.998: Total time for which application threads were stopped: 0.0000714 seconds, Stopping threads took: 0.0000240 seconds
2020-02-10T11:22:13.982-0530: 82.001: Total time for which application threads were stopped: 0.0000741 seconds, Stopping threads took: 0.0000253 seconds
2020-02-10T11:22:13.990-0530: 82.009: Total time for which application threads were stopped: 0.0000710 seconds, Stopping threads took: 0.0000255 seconds
2020-02-10T11:22:13.994-0530: 82.013: Total time for which application threads were stopped: 0.0000887 seconds, Stopping threads took: 0.0000225 seconds
2020-02-10T11:22:13.994-0530: 82.013: Total time for which application threads were stopped: 0.0000401 seconds, Stopping threads took: 0.0000074 seconds
2020-02-10T11:22:13.994-0530: 82.014: Total time for which application threads were stopped: 0.0011955 seconds, Stopping threads took: 0.0000075 seconds
2020-02-10T11:22:14.028-0530: 82.047: Total time for which application threads were stopped: 0.0001313 seconds, Stopping threads took: 0.0000226 seconds
2020-02-10T11:22:14.034-0530: 82.053: Total time for which application threads were stopped: 0.0000862 seconds, Stopping threads took: 0.0000242 seconds
2020-02-10T11:22:14.038-0530: 82.057: Total time for which application threads were stopped: 0.0004828 seconds, Stopping threads took: 0.0000209 seconds
2020-02-10T11:22:14.046-0530: 82.065: Total time for which application threads were stopped: 0.0001067 seconds, Stopping threads took: 0.0000239 seconds
{Heap before GC invocations=11 (full 1):
 par new generation   total 109248K, used 98895K [0x00000007a0000000, 0x00000007a8000000, 0x00000007a8000000)
  eden space 87424K, 100% used [0x00000007a0000000, 0x00000007a5560000, 0x00000007a5560000)
  from space 21824K,  52% used [0x00000007a6ab0000, 0x00000007a75e3d08, 0x00000007a8000000)
  to   space 21824K,   0% used [0x00000007a5560000, 0x00000007a5560000, 0x00000007a6ab0000)
 concurrent mark-sweep generation total 393216K, used 8008K [0x00000007a8000000, 0x00000007c0000000, 0x00000007c0000000)
 Metaspace       used 40187K, capacity 41275K, committed 41416K, reserved 1085440K
  class space    used 5005K, capacity 5274K, committed 5320K, reserved 1048576K
2020-02-10T11:22:14.072-0530: 82.091: [GC (Allocation Failure) 2020-02-10T11:22:14.072-0530: 82.091: [ParNew
Desired survivor size 20112992 bytes, new threshold 8 (max 8)
- age   1:    2620872 bytes,    2620872 total
- age   2:     178904 bytes,    2799776 total
- age   3:        336 bytes,    2800112 total
- age   4:     302344 bytes,    3102456 total
- age   5:    3545168 bytes,    6647624 total
- age   6:    1315552 bytes,    7963176 total
- age   7:     147472 bytes,    8110648 total
- age   8:     444880 bytes,    8555528 total
: 98895K->13354K(109248K), 0.0168513 secs] 106903K->23041K(502464K), 0.0169754 secs] [Times: user=0.06 sys=0.01, real=0.01 secs] 
Heap after GC invocations=12 (full 1):
 par new generation   total 109248K, used 13354K [0x00000007a0000000, 0x00000007a8000000, 0x00000007a8000000)
  eden space 87424K,   0% used [0x00000007a0000000, 0x00000007a0000000, 0x00000007a5560000)
  from space 21824K,  61% used [0x00000007a5560000, 0x00000007a626a8c8, 0x00000007a6ab0000)
  to   space 21824K,   0% used [0x00000007a6ab0000, 0x00000007a6ab0000, 0x00000007a8000000)
 concurrent mark-sweep generation total 393216K, used 9687K [0x00000007a8000000, 0x00000007c0000000, 0x00000007c0000000)
 Metaspace       used 40187K, capacity 41275K, committed 41416K, reserved 1085440K
  class space    used 5005K, capacity 5274K, committed 5320K, reserved 1048576K
}
2020-02-10T11:22:14.089-0530: 82.108: Total time for which application threads were stopped: 0.0171516 seconds, Stopping threads took: 0.0000196 seconds
2020-02-10T11:22:14.120-0530: 82.139: Total time for which application threads were stopped: 0.0000748 seconds, Stopping threads took: 0.0000254 seconds
2020-02-10T11:22:14.124-0530: 82.143: Total time for which application threads were stopped: 0.0000721 seconds, Stopping threads took: 0.0000260 seconds
2020-02-10T11:22:14.126-0530: 82.145: Total time for which application threads were stopped: 0.0000718 seconds, Stopping threads took: 0.0000202 seconds
2020-02-10T11:22:14.126-0530: 82.145: Total time for which application threads were stopped: 0.0000410 seconds, Stopping threads took: 0.0000088 seconds
2020-02-10T11:22:14.126-0530: 82.145: Total time for which application threads were stopped: 0.0000394 seconds, Stopping threads took: 0.0000087 seconds
2020-02-10T11:22:14.126-0530: 82.145: Total time for which application threads were stopped: 0.0000388 seconds, Stopping threads took: 0.0000084 seconds
2020-02-10T11:22:14.126-0530: 82.145: Total time for which application threads were stopped: 0.0000383 seconds, Stopping threads took: 0.0000081 seconds
2020-02-10T11:22:14.127-0530: 82.145: Total time for which application threads were stopped: 0.0000509 seconds, Stopping threads took: 0.0000104 seconds
2020-02-10T11:22:14.127-0530: 82.146: Total time for which application threads were stopped: 0.0000524 seconds, Stopping threads took: 0.0000134 seconds
2020-02-10T11:22:14.127-0530: 82.146: Total time for which application threads were stopped: 0.0000397 seconds, Stopping threads took: 0.0000086 seconds
2020-02-10T11:22:14.127-0530: 82.146: Total time for which application threads were stopped: 0.0000383 seconds, Stopping threads took: 0.0000085 seconds
2020-02-10T11:22:14.127-0530: 82.146: Total time for which application threads were stopped: 0.0000570 seconds, Stopping threads took: 0.0000143 seconds
2020-02-10T11:22:14.127-0530: 82.146: Total time for which application threads were stopped: 0.0000383 seconds, Stopping threads took: 0.0000087 seconds
2020-02-10T11:22:14.127-0530: 82.146: Total time for which application threads were stopped: 0.0000380 seconds, Stopping threads took: 0.0000083 seconds
2020-02-10T11:22:14.127-0530: 82.146: Total time for which application threads were stopped: 0.0000380 seconds, Stopping threads took: 0.0000083 seconds
2020-02-10T11:22:14.129-0530: 82.148: Total time for which application threads were stopped: 0.0000605 seconds, Stopping threads took: 0.0000242 seconds
2020-02-10T11:22:14.129-0530: 82.148: Total time for which application threads were stopped: 0.0000405 seconds, Stopping threads took: 0.0000069 seconds
2020-02-10T11:22:14.129-0530: 82.148: Total time for which application threads were stopped: 0.0000371 seconds, Stopping threads took: 0.0000067 seconds
2020-02-10T11:22:14.131-0530: 82.150: Total time for which application threads were stopped: 0.0000684 seconds, Stopping threads took: 0.0000256 seconds
2020-02-10T11:22:14.131-0530: 82.150: Total time for which application threads were stopped: 0.0000419 seconds, Stopping threads took: 0.0000078 seconds
2020-02-10T11:22:14.131-0530: 82.150: Total time for which application threads were stopped: 0.0000380 seconds, Stopping threads took: 0.0000067 seconds
2020-02-10T11:22:14.131-0530: 82.150: Total time for which application threads were stopped: 0.0000734 seconds, Stopping threads took: 0.0000063 seconds
2020-02-10T11:22:14.136-0530: 82.155: Total time for which application threads were stopped: 0.0000641 seconds, Stopping threads took: 0.0000246 seconds
2020-02-10T11:22:14.140-0530: 82.159: Total time for which application threads were stopped: 0.0001037 seconds, Stopping threads took: 0.0000230 seconds
2020-02-10T11:22:14.207-0530: 82.226: Total time for which application threads were stopped: 0.0001107 seconds, Stopping threads took: 0.0000211 seconds
2020-02-10T11:22:14.213-0530: 82.232: Total time for which application threads were stopped: 0.0000828 seconds, Stopping threads took: 0.0000252 seconds
2020-02-10T11:22:14.217-0530: 82.236: Total time for which application threads were stopped: 0.0000794 seconds, Stopping threads took: 0.0000241 seconds
2020-02-10T11:22:14.220-0530: 82.239: Total time for which application threads were stopped: 0.0000950 seconds, Stopping threads took: 0.0000252 seconds
2020-02-10T11:22:14.222-0530: 82.241: Total time for which application threads were stopped: 0.0001214 seconds, Stopping threads took: 0.0000655 seconds
2020-02-10T11:22:14.224-0530: 82.243: Total time for which application threads were stopped: 0.0001192 seconds, Stopping threads took: 0.0000476 seconds
2020-02-10T11:22:14.226-0530: 82.245: Total time for which application threads were stopped: 0.0001078 seconds, Stopping threads took: 0.0000452 seconds
2020-02-10T11:22:14.228-0530: 82.246: Total time for which application threads were stopped: 0.0001097 seconds, Stopping threads took: 0.0000450 seconds
2020-02-10T11:22:14.230-0530: 82.248: Total time for which application threads were stopped: 0.0001638 seconds, Stopping threads took: 0.0001070 seconds
2020-02-10T11:22:14.240-0530: 82.259: Total time for which application threads were stopped: 0.0001275 seconds, Stopping threads took: 0.0000525 seconds
2020-02-10T11:22:14.240-0530: 82.259: Total time for which application threads were stopped: 0.0000642 seconds, Stopping threads took: 0.0000137 seconds
2020-02-10T11:22:14.246-0530: 82.265: Total time for which application threads were stopped: 0.0000818 seconds, Stopping threads took: 0.0000235 seconds
2020-02-10T11:22:14.246-0530: 82.265: Total time for which application threads were stopped: 0.0000610 seconds, Stopping threads took: 0.0000132 seconds
2020-02-10T11:22:14.248-0530: 82.267: Total time for which application threads were stopped: 0.0000710 seconds, Stopping threads took: 0.0000224 seconds
2020-02-10T11:22:14.257-0530: 82.276: Total time for which application threads were stopped: 0.0002626 seconds, Stopping threads took: 0.0002018 seconds
2020-02-10T11:22:14.266-0530: 82.285: Total time for which application threads were stopped: 0.0000924 seconds, Stopping threads took: 0.0000221 seconds
2020-02-10T11:22:14.268-0530: 82.286: Total time for which application threads were stopped: 0.0001087 seconds, Stopping threads took: 0.0000458 seconds
2020-02-10T11:22:14.268-0530: 82.287: Total time for which application threads were stopped: 0.0000760 seconds, Stopping threads took: 0.0000249 seconds
2020-02-10T11:22:14.268-0530: 82.287: Total time for which application threads were stopped: 0.0000484 seconds, Stopping threads took: 0.0000121 seconds
2020-02-10T11:22:14.268-0530: 82.287: Total time for which application threads were stopped: 0.0000786 seconds, Stopping threads took: 0.0000289 seconds
2020-02-10T11:22:14.268-0530: 82.287: Total time for which application threads were stopped: 0.0000599 seconds, Stopping threads took: 0.0000200 seconds
2020-02-10T11:22:14.269-0530: 82.288: Total time for which application threads were stopped: 0.0000787 seconds, Stopping threads took: 0.0000329 seconds
2020-02-10T11:22:14.269-0530: 82.288: Total time for which application threads were stopped: 0.0000919 seconds, Stopping threads took: 0.0000397 seconds
2020-02-10T11:22:14.269-0530: 82.288: Total time for which application threads were stopped: 0.0000771 seconds, Stopping threads took: 0.0000307 seconds
2020-02-10T11:22:14.269-0530: 82.288: Total time for which application threads were stopped: 0.0000573 seconds, Stopping threads took: 0.0000118 seconds
2020-02-10T11:22:14.270-0530: 82.289: Total time for which application threads were stopped: 0.0000779 seconds, Stopping threads took: 0.0000199 seconds
2020-02-10T11:22:14.271-0530: 82.290: Total time for which application threads were stopped: 0.0001594 seconds, Stopping threads took: 0.0000317 seconds
2020-02-10T11:22:14.271-0530: 82.290: Total time for which application threads were stopped: 0.0000708 seconds, Stopping threads took: 0.0000310 seconds
2020-02-10T11:22:14.272-0530: 82.290: Total time for which application threads were stopped: 0.0000882 seconds, Stopping threads took: 0.0000462 seconds
2020-02-10T11:22:14.272-0530: 82.291: Total time for which application threads were stopped: 0.0000793 seconds, Stopping threads took: 0.0000355 seconds
2020-02-10T11:22:14.273-0530: 82.292: Total time for which application threads were stopped: 0.0000794 seconds, Stopping threads took: 0.0000202 seconds
2020-02-10T11:22:14.274-0530: 82.292: Total time for which application threads were stopped: 0.0000909 seconds, Stopping threads took: 0.0000483 seconds
2020-02-10T11:22:14.274-0530: 82.293: Total time for which application threads were stopped: 0.0000773 seconds, Stopping threads took: 0.0000394 seconds
2020-02-10T11:22:14.275-0530: 82.293: Total time for which application threads were stopped: 0.0001097 seconds, Stopping threads took: 0.0000152 seconds
2020-02-10T11:22:14.338-0530: 82.357: Total time for which application threads were stopped: 0.0000908 seconds, Stopping threads took: 0.0000261 seconds
2020-02-10T11:22:14.339-0530: 82.357: Total time for which application threads were stopped: 0.0000705 seconds, Stopping threads took: 0.0000210 seconds
2020-02-10T11:22:14.339-0530: 82.358: Total time for which application threads were stopped: 0.0000681 seconds, Stopping threads took: 0.0000226 seconds
2020-02-10T11:22:14.339-0530: 82.358: Total time for which application threads were stopped: 0.0000622 seconds, Stopping threads took: 0.0000262 seconds
2020-02-10T11:22:14.339-0530: 82.358: Total time for which application threads were stopped: 0.0000624 seconds, Stopping threads took: 0.0000186 seconds
2020-02-10T11:22:14.339-0530: 82.358: Total time for which application threads were stopped: 0.0000541 seconds, Stopping threads took: 0.0000190 seconds
2020-02-10T11:22:14.340-0530: 82.359: Total time for which application threads were stopped: 0.0000560 seconds, Stopping threads took: 0.0000205 seconds
2020-02-10T11:22:14.340-0530: 82.359: Total time for which application threads were stopped: 0.0000454 seconds, Stopping threads took: 0.0000077 seconds
2020-02-10T11:22:14.340-0530: 82.359: Total time for which application threads were stopped: 0.0000438 seconds, Stopping threads took: 0.0000070 seconds
2020-02-10T11:22:14.340-0530: 82.359: Total time for which application threads were stopped: 0.0000368 seconds, Stopping threads took: 0.0000056 seconds
2020-02-10T11:22:14.341-0530: 82.360: Total time for which application threads were stopped: 0.0000412 seconds, Stopping threads took: 0.0000070 seconds
2020-02-10T11:22:14.341-0530: 82.360: Total time for which application threads were stopped: 0.0000501 seconds, Stopping threads took: 0.0000089 seconds
2020-02-10T11:22:14.341-0530: 82.360: Total time for which application threads were stopped: 0.0000600 seconds, Stopping threads took: 0.0000105 seconds
2020-02-10T11:22:14.341-0530: 82.360: Total time for which application threads were stopped: 0.0000537 seconds, Stopping threads took: 0.0000105 seconds
2020-02-10T11:22:14.345-0530: 82.364: Total time for which application threads were stopped: 0.0000681 seconds, Stopping threads took: 0.0000177 seconds
2020-02-10T11:22:16.872-0530: 84.891: Total time for which application threads were stopped: 0.0000681 seconds, Stopping threads took: 0.0000194 seconds
2020-02-10T11:22:16.872-0530: 84.891: Total time for which application threads were stopped: 0.0000347 seconds, Stopping threads took: 0.0000066 seconds
2020-02-10T11:22:16.872-0530: 84.891: Total time for which application threads were stopped: 0.0000383 seconds, Stopping threads took: 0.0000071 seconds
2020-02-10T11:22:16.877-0530: 84.895: Total time for which application threads were stopped: 0.0000692 seconds, Stopping threads took: 0.0000174 seconds
2020-02-10T11:22:16.878-0530: 84.897: Total time for which application threads were stopped: 0.0000607 seconds, Stopping threads took: 0.0000201 seconds
2020-02-10T11:22:16.881-0530: 84.899: Total time for which application threads were stopped: 0.0004620 seconds, Stopping threads took: 0.0000232 seconds
2020-02-10T11:22:16.882-0530: 84.901: Total time for which application threads were stopped: 0.0001052 seconds, Stopping threads took: 0.0000165 seconds
2020-02-10T11:22:16.885-0530: 84.904: Total time for which application threads were stopped: 0.0000730 seconds, Stopping threads took: 0.0000254 seconds
2020-02-10T11:22:16.897-0530: 84.916: Total time for which application threads were stopped: 0.0001127 seconds, Stopping threads took: 0.0000287 seconds
2020-02-10T11:22:16.909-0530: 84.928: Total time for which application threads were stopped: 0.0004387 seconds, Stopping threads took: 0.0000243 seconds
2020-02-10T11:22:16.931-0530: 84.950: Total time for which application threads were stopped: 0.0000901 seconds, Stopping threads took: 0.0000181 seconds
2020-02-10T11:22:16.934-0530: 84.953: Total time for which application threads were stopped: 0.0000719 seconds, Stopping threads took: 0.0000235 seconds
2020-02-10T11:22:16.936-0530: 84.955: Total time for which application threads were stopped: 0.0000875 seconds, Stopping threads took: 0.0000385 seconds
2020-02-10T11:22:16.939-0530: 84.958: Total time for which application threads were stopped: 0.0001050 seconds, Stopping threads took: 0.0000406 seconds
2020-02-10T11:22:16.942-0530: 84.961: Total time for which application threads were stopped: 0.0000640 seconds, Stopping threads took: 0.0000189 seconds
2020-02-10T11:22:16.944-0530: 84.963: Total time for which application threads were stopped: 0.0000977 seconds, Stopping threads took: 0.0000215 seconds
2020-02-10T11:22:16.945-0530: 84.963: Total time for which application threads were stopped: 0.0000529 seconds, Stopping threads took: 0.0000161 seconds
2020-02-10T11:22:16.947-0530: 84.966: Total time for which application threads were stopped: 0.0000960 seconds, Stopping threads took: 0.0000495 seconds
2020-02-10T11:22:16.950-0530: 84.968: Total time for which application threads were stopped: 0.0000615 seconds, Stopping threads took: 0.0000174 seconds
2020-02-10T11:22:16.952-0530: 84.971: Total time for which application threads were stopped: 0.0000804 seconds, Stopping threads took: 0.0000357 seconds
2020-02-10T11:22:16.954-0530: 84.973: Total time for which application threads were stopped: 0.0000810 seconds, Stopping threads took: 0.0000230 seconds
2020-02-10T11:22:16.956-0530: 84.975: Total time for which application threads were stopped: 0.0001093 seconds, Stopping threads took: 0.0000475 seconds
2020-02-10T11:22:16.959-0530: 84.978: Total time for which application threads were stopped: 0.0001073 seconds, Stopping threads took: 0.0000418 seconds
2020-02-10T11:22:16.962-0530: 84.980: Total time for which application threads were stopped: 0.0001066 seconds, Stopping threads took: 0.0000416 seconds
2020-02-10T11:22:16.964-0530: 84.982: Total time for which application threads were stopped: 0.0000794 seconds, Stopping threads took: 0.0000336 seconds
2020-02-10T11:22:16.966-0530: 84.984: Total time for which application threads were stopped: 0.0000739 seconds, Stopping threads took: 0.0000224 seconds
2020-02-10T11:22:16.968-0530: 84.987: Total time for which application threads were stopped: 0.0001039 seconds, Stopping threads took: 0.0000346 seconds
2020-02-10T11:22:16.970-0530: 84.989: Total time for which application threads were stopped: 0.0000981 seconds, Stopping threads took: 0.0000503 seconds
2020-02-10T11:22:16.972-0530: 84.991: Total time for which application threads were stopped: 0.0001209 seconds, Stopping threads took: 0.0000472 seconds
2020-02-10T11:22:16.975-0530: 84.993: Total time for which application threads were stopped: 0.0002369 seconds, Stopping threads took: 0.0000434 seconds
2020-02-10T11:22:17.005-0530: 85.024: Total time for which application threads were stopped: 0.0001836 seconds, Stopping threads took: 0.0000207 seconds
2020-02-10T11:22:17.110-0530: 85.129: Total time for which application threads were stopped: 0.0002718 seconds, Stopping threads took: 0.0000534 seconds
2020-02-10T11:22:17.738-0530: 85.757: Total time for which application threads were stopped: 0.0001990 seconds, Stopping threads took: 0.0000207 seconds
2020-02-10T11:22:17.739-0530: 85.758: Total time for which application threads were stopped: 0.0001274 seconds, Stopping threads took: 0.0000268 seconds
2020-02-10T11:22:17.740-0530: 85.759: Total time for which application threads were stopped: 0.0004901 seconds, Stopping threads took: 0.0000111 seconds
2020-02-10T11:22:17.947-0530: 85.966: Total time for which application threads were stopped: 0.0001913 seconds, Stopping threads took: 0.0000249 seconds
2020-02-10T11:22:17.948-0530: 85.967: Total time for which application threads were stopped: 0.0000967 seconds, Stopping threads took: 0.0000259 seconds
2020-02-10T11:22:17.951-0530: 85.970: Total time for which application threads were stopped: 0.0001246 seconds, Stopping threads took: 0.0000249 seconds
2020-02-10T11:22:17.952-0530: 85.971: Total time for which application threads were stopped: 0.0001440 seconds, Stopping threads took: 0.0000458 seconds
2020-02-10T11:22:17.968-0530: 85.987: Total time for which application threads were stopped: 0.0001219 seconds, Stopping threads took: 0.0000503 seconds
2020-02-10T11:22:17.968-0530: 85.987: Total time for which application threads were stopped: 0.0000804 seconds, Stopping threads took: 0.0000276 seconds
2020-02-10T11:22:17.970-0530: 85.989: Total time for which application threads were stopped: 0.0001017 seconds, Stopping threads took: 0.0000260 seconds
2020-02-10T11:22:17.970-0530: 85.989: Total time for which application threads were stopped: 0.0000750 seconds, Stopping threads took: 0.0000266 seconds
2020-02-10T11:22:17.970-0530: 85.989: Total time for which application threads were stopped: 0.0001226 seconds, Stopping threads took: 0.0000571 seconds
2020-02-10T11:22:18.092-0530: 86.110: [GC (CMS Initial Mark) [1 CMS-initial-mark: 9687K(393216K)] 108127K(502464K), 0.0160633 secs] [Times: user=0.06 sys=0.00, real=0.01 secs] 
2020-02-10T11:22:18.108-0530: 86.127: Total time for which application threads were stopped: 0.0162610 seconds, Stopping threads took: 0.0000300 seconds
2020-02-10T11:22:18.108-0530: 86.127: [CMS-concurrent-mark-start]
2020-02-10T11:22:18.132-0530: 86.151: [CMS-concurrent-mark: 0.024/0.024 secs] [Times: user=0.06 sys=0.00, real=0.03 secs] 
2020-02-10T11:22:18.132-0530: 86.151: [CMS-concurrent-preclean-start]
2020-02-10T11:22:18.134-0530: 86.153: [CMS-concurrent-preclean: 0.002/0.002 secs] [Times: user=0.00 sys=0.00, real=0.00 secs] 
2020-02-10T11:22:18.134-0530: 86.153: [CMS-concurrent-abortable-preclean-start]
2020-02-10T11:22:20.446-0530: 88.465: Total time for which application threads were stopped: 0.0000833 seconds, Stopping threads took: 0.0000199 seconds
2020-02-10T11:22:20.447-0530: 88.466: Total time for which application threads were stopped: 0.0000694 seconds, Stopping threads took: 0.0000171 seconds
2020-02-10T11:22:20.448-0530: 88.466: Total time for which application threads were stopped: 0.0000507 seconds, Stopping threads took: 0.0000087 seconds
{Heap before GC invocations=12 (full 2):
 par new generation   total 109248K, used 100778K [0x00000007a0000000, 0x00000007a8000000, 0x00000007a8000000)
  eden space 87424K, 100% used [0x00000007a0000000, 0x00000007a5560000, 0x00000007a5560000)
  from space 21824K,  61% used [0x00000007a5560000, 0x00000007a626a8c8, 0x00000007a6ab0000)
  to   space 21824K,   0% used [0x00000007a6ab0000, 0x00000007a6ab0000, 0x00000007a8000000)
 concurrent mark-sweep generation total 393216K, used 9687K [0x00000007a8000000, 0x00000007c0000000, 0x00000007c0000000)
 Metaspace       used 42709K, capacity 43929K, committed 44016K, reserved 1087488K
  class space    used 5242K, capacity 5552K, committed 5568K, reserved 1048576K
2020-02-10T11:22:20.524-0530: 88.543: [GC (Allocation Failure) 2020-02-10T11:22:20.525-0530: 88.543: [ParNew
Desired survivor size 20112992 bytes, new threshold 8 (max 8)
- age   1:    4805288 bytes,    4805288 total
- age   2:    1501792 bytes,    6307080 total
- age   3:       2712 bytes,    6309792 total
- age   4:        336 bytes,    6310128 total
- age   5:     271344 bytes,    6581472 total
- age   6:    3227256 bytes,    9808728 total
- age   7:    1314232 bytes,   11122960 total
- age   8:     147296 bytes,   11270256 total
: 100778K->13166K(109248K), 0.0124550 secs] 110465K->23297K(502464K), 0.0125916 secs] [Times: user=0.05 sys=0.00, real=0.01 secs] 
Heap after GC invocations=13 (full 2):
 par new generation   total 109248K, used 13166K [0x00000007a0000000, 0x00000007a8000000, 0x00000007a8000000)
  eden space 87424K,   0% used [0x00000007a0000000, 0x00000007a0000000, 0x00000007a5560000)
  from space 21824K,  60% used [0x00000007a6ab0000, 0x00000007a778b938, 0x00000007a8000000)
  to   space 21824K,   0% used [0x00000007a5560000, 0x00000007a5560000, 0x00000007a6ab0000)
 concurrent mark-sweep generation total 393216K, used 10131K [0x00000007a8000000, 0x00000007c0000000, 0x00000007c0000000)
 Metaspace       used 42709K, capacity 43929K, committed 44016K, reserved 1087488K
  class space    used 5242K, capacity 5552K, committed 5568K, reserved 1048576K
}
2020-02-10T11:22:20.537-0530: 88.556: Total time for which application threads were stopped: 0.0128482 seconds, Stopping threads took: 0.0000264 seconds
2020-02-10T11:22:21.038-0530: 89.056: Total time for which application threads were stopped: 0.0001937 seconds, Stopping threads took: 0.0000611 seconds
2020-02-10T11:22:21.075-0530: 89.094: Total time for which application threads were stopped: 0.0001136 seconds, Stopping threads took: 0.0000232 seconds
2020-02-10T11:22:21.077-0530: 89.096: Total time for which application threads were stopped: 0.0001224 seconds, Stopping threads took: 0.0000421 seconds
2020-02-10T11:22:21.080-0530: 89.099: Total time for which application threads were stopped: 0.0000882 seconds, Stopping threads took: 0.0000237 seconds
2020-02-10T11:22:21.081-0530: 89.100: Total time for which application threads were stopped: 0.0000702 seconds, Stopping threads took: 0.0000268 seconds
2020-02-10T11:22:21.081-0530: 89.100: [CMS-concurrent-abortable-preclean: 1.192/2.946 secs] [Times: user=3.30 sys=0.07, real=2.95 secs] 
2020-02-10T11:22:21.081-0530: 89.100: [GC (CMS Final Remark) [YG occupancy: 57223 K (109248 K)]{Heap before GC invocations=13 (full 2):
 par new generation   total 109248K, used 57223K [0x00000007a0000000, 0x00000007a8000000, 0x00000007a8000000)
  eden space 87424K,  50% used [0x00000007a0000000, 0x00000007a2b06680, 0x00000007a5560000)
  from space 21824K,  60% used [0x00000007a6ab0000, 0x00000007a778b938, 0x00000007a8000000)
  to   space 21824K,   0% used [0x00000007a5560000, 0x00000007a5560000, 0x00000007a6ab0000)
 concurrent mark-sweep generation total 393216K, used 10131K [0x00000007a8000000, 0x00000007c0000000, 0x00000007c0000000)
 Metaspace       used 42754K, capacity 43999K, committed 44016K, reserved 1087488K
  class space    used 5243K, capacity 5553K, committed 5568K, reserved 1048576K
2020-02-10T11:22:21.081-0530: 89.100: [GC (CMS Final Remark) 2020-02-10T11:22:21.081-0530: 89.100: [ParNew
Desired survivor size 20112992 bytes, new threshold 8 (max 8)
- age   1:     111496 bytes,     111496 total
- age   2:    2845960 bytes,    2957456 total
- age   3:    1501792 bytes,    4459248 total
- age   4:       2712 bytes,    4461960 total
- age   5:        336 bytes,    4462296 total
- age   6:     270432 bytes,    4732728 total
- age   7:    3206616 bytes,    7939344 total
- age   8:    1314192 bytes,    9253536 total
: 57223K->13608K(109248K), 0.0120150 secs] 67355K->23887K(502464K), 0.0121132 secs] [Times: user=0.04 sys=0.00, real=0.01 secs] 
Heap after GC invocations=14 (full 2):
 par new generation   total 109248K, used 13608K [0x00000007a0000000, 0x00000007a8000000, 0x00000007a8000000)
  eden space 87424K,   0% used [0x00000007a0000000, 0x00000007a0000000, 0x00000007a5560000)
  from space 21824K,  62% used [0x00000007a5560000, 0x00000007a62aa230, 0x00000007a6ab0000)
  to   space 21824K,   0% used [0x00000007a6ab0000, 0x00000007a6ab0000, 0x00000007a8000000)
 concurrent mark-sweep generation total 393216K, used 10278K [0x00000007a8000000, 0x00000007c0000000, 0x00000007c0000000)
 Metaspace       used 42754K, capacity 43999K, committed 44016K, reserved 1087488K
  class space    used 5243K, capacity 5553K, committed 5568K, reserved 1048576K
}
2020-02-10T11:22:21.093-0530: 89.112: [Rescan (parallel) , 0.0049495 secs]2020-02-10T11:22:21.098-0530: 89.117: [weak refs processing, 0.0019731 secs]2020-02-10T11:22:21.100-0530: 89.119: [class unloading, 0.0119500 secs]2020-02-10T11:22:21.112-0530: 89.131: [scrub symbol table, 0.0125559 secs]2020-02-10T11:22:21.125-0530: 89.144: [scrub string table, 0.0013091 secs][1 CMS-remark: 10278K(393216K)] 23887K(502464K), 0.0469750 secs] [Times: user=0.14 sys=0.01, real=0.04 secs] 
2020-02-10T11:22:21.128-0530: 89.147: Total time for which application threads were stopped: 0.0470799 seconds, Stopping threads took: 0.0000051 seconds
2020-02-10T11:22:21.129-0530: 89.148: [CMS-concurrent-sweep-start]
2020-02-10T11:22:21.129-0530: 89.148: Total time for which application threads were stopped: 0.0000959 seconds, Stopping threads took: 0.0000437 seconds
2020-02-10T11:22:21.129-0530: 89.148: Total time for which application threads were stopped: 0.0000685 seconds, Stopping threads took: 0.0000261 seconds
2020-02-10T11:22:21.129-0530: 89.148: Total time for which application threads were stopped: 0.0000666 seconds, Stopping threads took: 0.0000261 seconds
2020-02-10T11:22:21.137-0530: 89.156: [CMS-concurrent-sweep: 0.008/0.009 secs] [Times: user=0.01 sys=0.00, real=0.01 secs] 
2020-02-10T11:22:21.138-0530: 89.156: [CMS-concurrent-reset-start]
2020-02-10T11:22:21.139-0530: 89.157: [CMS-concurrent-reset: 0.001/0.001 secs] [Times: user=0.00 sys=0.00, real=0.00 secs] 
2020-02-10T11:22:22.133-0530: 90.152: Total time for which application threads were stopped: 0.0001032 seconds, Stopping threads took: 0.0000303 seconds
2020-02-10T11:22:23.848-0530: 91.867: Total time for which application threads were stopped: 0.0001372 seconds, Stopping threads took: 0.0000229 seconds
2020-02-10T11:22:23.869-0530: 91.888: Total time for which application threads were stopped: 0.0001102 seconds, Stopping threads took: 0.0000221 seconds
2020-02-10T11:22:23.871-0530: 91.890: Total time for which application threads were stopped: 0.0001220 seconds, Stopping threads took: 0.0000527 seconds
2020-02-10T11:22:23.872-0530: 91.890: Total time for which application threads were stopped: 0.0001100 seconds, Stopping threads took: 0.0000444 seconds
2020-02-10T11:22:23.872-0530: 91.891: Total time for which application threads were stopped: 0.0000942 seconds, Stopping threads took: 0.0000302 seconds
2020-02-10T11:22:24.874-0530: 92.892: Total time for which application threads were stopped: 0.0001511 seconds, Stopping threads took: 0.0000341 seconds
2020-02-10T11:22:26.579-0530: 94.597: Total time for which application threads were stopped: 0.0001851 seconds, Stopping threads took: 0.0000476 seconds
2020-02-10T11:22:26.609-0530: 94.628: Total time for which application threads were stopped: 0.0001000 seconds, Stopping threads took: 0.0000220 seconds
2020-02-10T11:22:26.612-0530: 94.630: Total time for which application threads were stopped: 0.0001350 seconds, Stopping threads took: 0.0000467 seconds
2020-02-10T11:22:26.612-0530: 94.631: Total time for which application threads were stopped: 0.0000941 seconds, Stopping threads took: 0.0000292 seconds
2020-02-10T11:22:26.612-0530: 94.631: Total time for which application threads were stopped: 0.0000972 seconds, Stopping threads took: 0.0000296 seconds
2020-02-10T11:22:27.613-0530: 95.631: Total time for which application threads were stopped: 0.0001063 seconds, Stopping threads took: 0.0000423 seconds
{Heap before GC invocations=14 (full 2):
 par new generation   total 109248K, used 101032K [0x00000007a0000000, 0x00000007a8000000, 0x00000007a8000000)
  eden space 87424K, 100% used [0x00000007a0000000, 0x00000007a5560000, 0x00000007a5560000)
  from space 21824K,  62% used [0x00000007a5560000, 0x00000007a62aa230, 0x00000007a6ab0000)
  to   space 21824K,   0% used [0x00000007a6ab0000, 0x00000007a6ab0000, 0x00000007a8000000)
 concurrent mark-sweep generation total 393216K, used 10265K [0x00000007a8000000, 0x00000007c0000000, 0x00000007c0000000)
 Metaspace       used 42810K, capacity 44005K, committed 44272K, reserved 1087488K
  class space    used 5243K, capacity 5554K, committed 5568K, reserved 1048576K
2020-02-10T11:22:28.961-0530: 96.980: [GC (Allocation Failure) 2020-02-10T11:22:28.962-0530: 96.980: [ParNew
Desired survivor size 20112992 bytes, new threshold 8 (max 8)
- age   1:    1334728 bytes,    1334728 total
- age   2:      76544 bytes,    1411272 total
- age   3:    2702416 bytes,    4113688 total
- age   4:    1501792 bytes,    5615480 total
- age   5:       2712 bytes,    5618192 total
- age   6:        336 bytes,    5618528 total
- age   7:     269304 bytes,    5887832 total
- age   8:    3150752 bytes,    9038584 total
: 101032K->10322K(109248K), 0.0143246 secs] 111298K->21893K(502464K), 0.0144511 secs] [Times: user=0.05 sys=0.00, real=0.01 secs] 
Heap after GC invocations=15 (full 2):
 par new generation   total 109248K, used 10322K [0x00000007a0000000, 0x00000007a8000000, 0x00000007a8000000)
  eden space 87424K,   0% used [0x00000007a0000000, 0x00000007a0000000, 0x00000007a5560000)
  from space 21824K,  47% used [0x00000007a6ab0000, 0x00000007a74c4920, 0x00000007a8000000)
  to   space 21824K,   0% used [0x00000007a5560000, 0x00000007a5560000, 0x00000007a6ab0000)
 concurrent mark-sweep generation total 393216K, used 11570K [0x00000007a8000000, 0x00000007c0000000, 0x00000007c0000000)
 Metaspace       used 42810K, capacity 44005K, committed 44272K, reserved 1087488K
  class space    used 5243K, capacity 5554K, committed 5568K, reserved 1048576K
}
2020-02-10T11:22:28.976-0530: 96.994: Total time for which application threads were stopped: 0.0146500 seconds, Stopping threads took: 0.0000275 seconds
2020-02-10T11:22:29.129-0530: 97.147: Total time for which application threads were stopped: 0.0001489 seconds, Stopping threads took: 0.0000246 seconds
2020-02-10T11:22:29.165-0530: 97.184: Total time for which application threads were stopped: 0.0001757 seconds, Stopping threads took: 0.0000239 seconds
2020-02-10T11:22:29.169-0530: 97.187: Total time for which application threads were stopped: 0.0002250 seconds, Stopping threads took: 0.0000908 seconds
2020-02-10T11:22:29.169-0530: 97.187: Total time for which application threads were stopped: 0.0002603 seconds, Stopping threads took: 0.0001744 seconds
2020-02-10T11:22:29.169-0530: 97.188: Total time for which application threads were stopped: 0.0001313 seconds, Stopping threads took: 0.0000475 seconds
2020-02-10T11:22:30.170-0530: 98.188: Total time for which application threads were stopped: 0.0000892 seconds, Stopping threads took: 0.0000273 seconds
2020-02-10T11:22:31.612-0530: 99.630: Total time for which application threads were stopped: 0.0001322 seconds, Stopping threads took: 0.0000250 seconds
2020-02-10T11:22:31.638-0530: 99.656: Total time for which application threads were stopped: 0.0001062 seconds, Stopping threads took: 0.0000215 seconds
2020-02-10T11:22:31.642-0530: 99.660: Total time for which application threads were stopped: 0.0001262 seconds, Stopping threads took: 0.0000497 seconds
2020-02-10T11:22:31.642-0530: 99.661: Total time for which application threads were stopped: 0.0001142 seconds, Stopping threads took: 0.0000458 seconds
2020-02-10T11:22:31.643-0530: 99.661: Total time for which application threads were stopped: 0.0001015 seconds, Stopping threads took: 0.0000395 seconds
{Heap before GC invocations=15 (full 2):
 par new generation   total 109248K, used 97746K [0x00000007a0000000, 0x00000007a8000000, 0x00000007a8000000)
  eden space 87424K, 100% used [0x00000007a0000000, 0x00000007a5560000, 0x00000007a5560000)
  from space 21824K,  47% used [0x00000007a6ab0000, 0x00000007a74c4920, 0x00000007a8000000)
  to   space 21824K,   0% used [0x00000007a5560000, 0x00000007a5560000, 0x00000007a6ab0000)
 concurrent mark-sweep generation total 393216K, used 11570K [0x00000007a8000000, 0x00000007c0000000, 0x00000007c0000000)
 Metaspace       used 42893K, capacity 44139K, committed 44272K, reserved 1087488K
  class space    used 5244K, capacity 5555K, committed 5568K, reserved 1048576K
2020-02-10T11:22:34.039-0530: 102.057: [GC (Allocation Failure) 2020-02-10T11:22:34.039-0530: 102.057: [ParNew
Desired survivor size 20112992 bytes, new threshold 8 (max 8)
- age   1:    1724256 bytes,    1724256 total
- age   2:     128312 bytes,    1852568 total
- age   3:      75168 bytes,    1927736 total
- age   4:    2701512 bytes,    4629248 total
- age   5:    1501792 bytes,    6131040 total
- age   6:       2712 bytes,    6133752 total
- age   7:        336 bytes,    6134088 total
- age   8:     269280 bytes,    6403368 total
: 97746K->9542K(109248K), 0.0166230 secs] 109317K->24326K(502464K), 0.0167422 secs] [Times: user=0.06 sys=0.01, real=0.02 secs] 
Heap after GC invocations=16 (full 2):
 par new generation   total 109248K, used 9542K [0x00000007a0000000, 0x00000007a8000000, 0x00000007a8000000)
  eden space 87424K,   0% used [0x00000007a0000000, 0x00000007a0000000, 0x00000007a5560000)
  from space 21824K,  43% used [0x00000007a5560000, 0x00000007a5eb1a28, 0x00000007a6ab0000)
  to   space 21824K,   0% used [0x00000007a6ab0000, 0x00000007a6ab0000, 0x00000007a8000000)
 concurrent mark-sweep generation total 393216K, used 14784K [0x00000007a8000000, 0x00000007c0000000, 0x00000007c0000000)
 Metaspace       used 42893K, capacity 44139K, committed 44272K, reserved 1087488K
  class space    used 5244K, capacity 5555K, committed 5568K, reserved 1048576K
}
2020-02-10T11:22:34.055-0530: 102.074: Total time for which application threads were stopped: 0.0169549 seconds, Stopping threads took: 0.0000447 seconds
2020-02-10T11:22:34.073-0530: 102.092: Total time for which application threads were stopped: 0.0001122 seconds, Stopping threads took: 0.0000274 seconds
2020-02-10T11:22:34.097-0530: 102.116: Total time for which application threads were stopped: 0.0001108 seconds, Stopping threads took: 0.0000232 seconds
2020-02-10T11:22:34.105-0530: 102.123: Total time for which application threads were stopped: 0.0004826 seconds, Stopping threads took: 0.0003912 seconds
2020-02-10T11:22:34.105-0530: 102.123: Total time for which application threads were stopped: 0.0001164 seconds, Stopping threads took: 0.0000385 seconds
2020-02-10T11:22:34.105-0530: 102.124: Total time for which application threads were stopped: 0.0001088 seconds, Stopping threads took: 0.0000408 seconds
2020-02-10T11:22:36.530-0530: 104.549: Total time for which application threads were stopped: 0.0001114 seconds, Stopping threads took: 0.0000221 seconds
2020-02-10T11:22:36.552-0530: 104.570: Total time for which application threads were stopped: 0.0001327 seconds, Stopping threads took: 0.0000488 seconds
2020-02-10T11:22:36.559-0530: 104.577: Total time for which application threads were stopped: 0.0007490 seconds, Stopping threads took: 0.0006463 seconds
2020-02-10T11:22:36.562-0530: 104.580: Total time for which application threads were stopped: 0.0006829 seconds, Stopping threads took: 0.0005908 seconds
2020-02-10T11:22:36.563-0530: 104.581: Total time for which application threads were stopped: 0.0001134 seconds, Stopping threads took: 0.0000418 seconds
2020-02-10T11:22:37.565-0530: 105.583: Total time for which application threads were stopped: 0.0002440 seconds, Stopping threads took: 0.0000895 seconds
2020-02-10T11:22:38.954-0530: 106.972: Total time for which application threads were stopped: 0.0001381 seconds, Stopping threads took: 0.0000260 seconds
2020-02-10T11:22:38.979-0530: 106.997: Total time for which application threads were stopped: 0.0001304 seconds, Stopping threads took: 0.0000467 seconds
2020-02-10T11:22:38.983-0530: 107.001: Total time for which application threads were stopped: 0.0001311 seconds, Stopping threads took: 0.0000569 seconds
2020-02-10T11:22:38.983-0530: 107.002: Total time for which application threads were stopped: 0.0001275 seconds, Stopping threads took: 0.0000401 seconds
2020-02-10T11:22:38.984-0530: 107.002: Total time for which application threads were stopped: 0.0001443 seconds, Stopping threads took: 0.0000269 seconds
2020-02-10T11:22:39.984-0530: 108.002: Total time for which application threads were stopped: 0.0001356 seconds, Stopping threads took: 0.0000356 seconds
{Heap before GC invocations=16 (full 2):
 par new generation   total 109248K, used 96966K [0x00000007a0000000, 0x00000007a8000000, 0x00000007a8000000)
  eden space 87424K, 100% used [0x00000007a0000000, 0x00000007a5560000, 0x00000007a5560000)
  from space 21824K,  43% used [0x00000007a5560000, 0x00000007a5eb1a28, 0x00000007a6ab0000)
  to   space 21824K,   0% used [0x00000007a6ab0000, 0x00000007a6ab0000, 0x00000007a8000000)
 concurrent mark-sweep generation total 393216K, used 14784K [0x00000007a8000000, 0x00000007c0000000, 0x00000007c0000000)
 Metaspace       used 42948K, capacity 44143K, committed 44272K, reserved 1087488K
  class space    used 5244K, capacity 5555K, committed 5568K, reserved 1048576K
2020-02-10T11:22:41.248-0530: 109.266: [GC (Allocation Failure) 2020-02-10T11:22:41.248-0530: 109.266: [ParNew
Desired survivor size 20112992 bytes, new threshold 8 (max 8)
- age   1:    1195440 bytes,    1195440 total
- age   2:     128968 bytes,    1324408 total
- age   3:     127008 bytes,    1451416 total
- age   4:      75168 bytes,    1526584 total
- age   5:    4929656 bytes,    6456240 total
- age   6:    1501376 bytes,    7957616 total
- age   7:       2712 bytes,    7960328 total
- age   8:        336 bytes,    7960664 total
: 96966K->9515K(109248K), 0.0066428 secs] 111750K->24570K(502464K), 0.0067128 secs] [Times: user=0.03 sys=0.00, real=0.01 secs] 
Heap after GC invocations=17 (full 2):
 par new generation   total 109248K, used 9515K [0x00000007a0000000, 0x00000007a8000000, 0x00000007a8000000)
  eden space 87424K,   0% used [0x00000007a0000000, 0x00000007a0000000, 0x00000007a5560000)
  from space 21824K,  43% used [0x00000007a6ab0000, 0x00000007a73fac48, 0x00000007a8000000)
  to   space 21824K,   0% used [0x00000007a5560000, 0x00000007a5560000, 0x00000007a6ab0000)
 concurrent mark-sweep generation total 393216K, used 15055K [0x00000007a8000000, 0x00000007c0000000, 0x00000007c0000000)
 Metaspace       used 42948K, capacity 44143K, committed 44272K, reserved 1087488K
  class space    used 5244K, capacity 5555K, committed 5568K, reserved 1048576K
}
2020-02-10T11:22:41.255-0530: 109.273: Total time for which application threads were stopped: 0.0069435 seconds, Stopping threads took: 0.0000249 seconds
2020-02-10T11:22:41.348-0530: 109.366: Total time for which application threads were stopped: 0.0001038 seconds, Stopping threads took: 0.0000245 seconds
2020-02-10T11:22:41.370-0530: 109.388: Total time for which application threads were stopped: 0.0002547 seconds, Stopping threads took: 0.0000422 seconds
2020-02-10T11:22:41.372-0530: 109.390: Total time for which application threads were stopped: 0.0001228 seconds, Stopping threads took: 0.0000425 seconds
2020-02-10T11:22:41.372-0530: 109.390: Total time for which application threads were stopped: 0.0000796 seconds, Stopping threads took: 0.0000261 seconds
2020-02-10T11:22:41.372-0530: 109.390: Total time for which application threads were stopped: 0.0001601 seconds, Stopping threads took: 0.0000773 seconds
2020-02-10T11:22:41.373-0530: 109.391: Total time for which application threads were stopped: 0.0000929 seconds, Stopping threads took: 0.0000287 seconds
2020-02-10T11:22:41.373-0530: 109.391: Total time for which application threads were stopped: 0.0001065 seconds, Stopping threads took: 0.0000532 seconds
2020-02-10T11:22:41.373-0530: 109.391: Total time for which application threads were stopped: 0.0000719 seconds, Stopping threads took: 0.0000127 seconds
2020-02-10T11:22:41.378-0530: 109.396: Total time for which application threads were stopped: 0.0001383 seconds, Stopping threads took: 0.0000472 seconds
2020-02-10T11:22:41.379-0530: 109.397: Total time for which application threads were stopped: 0.0001241 seconds, Stopping threads took: 0.0000265 seconds
2020-02-10T11:22:41.380-0530: 109.398: Total time for which application threads were stopped: 0.0001585 seconds, Stopping threads took: 0.0000464 seconds
2020-02-10T11:22:41.499-0530: 109.518: Total time for which application threads were stopped: 0.0008718 seconds, Stopping threads took: 0.0000281 seconds
{Heap before GC invocations=17 (full 2):
 par new generation   total 109248K, used 96939K [0x00000007a0000000, 0x00000007a8000000, 0x00000007a8000000)
  eden space 87424K, 100% used [0x00000007a0000000, 0x00000007a5560000, 0x00000007a5560000)
  from space 21824K,  43% used [0x00000007a6ab0000, 0x00000007a73fac48, 0x00000007a8000000)
  to   space 21824K,   0% used [0x00000007a5560000, 0x00000007a5560000, 0x00000007a6ab0000)
 concurrent mark-sweep generation total 393216K, used 15055K [0x00000007a8000000, 0x00000007c0000000, 0x00000007c0000000)
 Metaspace       used 43174K, capacity 44431K, committed 44608K, reserved 1087488K
  class space    used 5269K, capacity 5587K, committed 5696K, reserved 1048576K
2020-02-10T11:22:42.127-0530: 110.145: [GC (Allocation Failure) 2020-02-10T11:22:42.127-0530: 110.145: [ParNew
Desired survivor size 20112992 bytes, new threshold 8 (max 8)
- age   1:    1999856 bytes,    1999856 total
- age   2:     257512 bytes,    2257368 total
- age   3:     127368 bytes,    2384736 total
- age   4:     126936 bytes,    2511672 total
- age   5:      75168 bytes,    2586840 total
- age   6:    2701656 bytes,    5288496 total
- age   7:    1501376 bytes,    6789872 total
- age   8:       2712 bytes,    6792584 total
: 96939K->7362K(109248K), 0.0052421 secs] 111994K->22417K(502464K), 0.0053994 secs] [Times: user=0.02 sys=0.00, real=0.01 secs] 
Heap after GC invocations=18 (full 2):
 par new generation   total 109248K, used 7362K [0x00000007a0000000, 0x00000007a8000000, 0x00000007a8000000)
  eden space 87424K,   0% used [0x00000007a0000000, 0x00000007a0000000, 0x00000007a5560000)
  from space 21824K,  33% used [0x00000007a5560000, 0x00000007a5c90820, 0x00000007a6ab0000)
  to   space 21824K,   0% used [0x00000007a6ab0000, 0x00000007a6ab0000, 0x00000007a8000000)
 concurrent mark-sweep generation total 393216K, used 15055K [0x00000007a8000000, 0x00000007c0000000, 0x00000007c0000000)
 Metaspace       used 43174K, capacity 44431K, committed 44608K, reserved 1087488K
  class space    used 5269K, capacity 5587K, committed 5696K, reserved 1048576K
}
2020-02-10T11:22:42.132-0530: 110.150: Total time for which application threads were stopped: 0.0057345 seconds, Stopping threads took: 0.0000727 seconds
2020-02-10T11:22:42.326-0530: 110.344: Total time for which application threads were stopped: 0.0008462 seconds, Stopping threads took: 0.0000252 seconds
2020-02-10T11:22:43.329-0530: 111.347: Total time for which application threads were stopped: 0.0002151 seconds, Stopping threads took: 0.0000269 seconds
2020-02-10T11:22:44.333-0530: 112.351: Total time for which application threads were stopped: 0.0001726 seconds, Stopping threads took: 0.0000833 seconds
2020-02-10T11:22:44.403-0530: 112.421: Total time for which application threads were stopped: 0.0002017 seconds, Stopping threads took: 0.0000635 seconds
2020-02-10T11:22:44.403-0530: 112.421: Total time for which application threads were stopped: 0.0000759 seconds, Stopping threads took: 0.0000184 seconds
2020-02-10T11:22:44.404-0530: 112.422: Total time for which application threads were stopped: 0.0000868 seconds, Stopping threads took: 0.0000202 seconds
2020-02-10T11:22:44.404-0530: 112.422: Total time for which application threads were stopped: 0.0000704 seconds, Stopping threads took: 0.0000126 seconds
2020-02-10T11:22:44.404-0530: 112.422: Total time for which application threads were stopped: 0.0000536 seconds, Stopping threads took: 0.0000101 seconds
2020-02-10T11:22:44.404-0530: 112.422: Total time for which application threads were stopped: 0.0000502 seconds, Stopping threads took: 0.0000094 seconds
2020-02-10T11:22:44.405-0530: 112.423: Total time for which application threads were stopped: 0.0000791 seconds, Stopping threads took: 0.0000163 seconds
2020-02-10T11:22:44.405-0530: 112.423: Total time for which application threads were stopped: 0.0000652 seconds, Stopping threads took: 0.0000143 seconds
2020-02-10T11:22:44.405-0530: 112.423: Total time for which application threads were stopped: 0.0000612 seconds, Stopping threads took: 0.0000112 seconds
2020-02-10T11:22:44.405-0530: 112.423: Total time for which application threads were stopped: 0.0000538 seconds, Stopping threads took: 0.0000102 seconds
2020-02-10T11:22:44.406-0530: 112.423: Total time for which application threads were stopped: 0.0000533 seconds, Stopping threads took: 0.0000101 seconds
2020-02-10T11:22:44.406-0530: 112.424: Total time for which application threads were stopped: 0.0000516 seconds, Stopping threads took: 0.0000100 seconds
2020-02-10T11:22:44.422-0530: 112.440: Total time for which application threads were stopped: 0.0000977 seconds, Stopping threads took: 0.0000238 seconds
2020-02-10T11:22:44.441-0530: 112.459: Total time for which application threads were stopped: 0.0002983 seconds, Stopping threads took: 0.0002046 seconds
2020-02-10T11:22:44.445-0530: 112.463: Total time for which application threads were stopped: 0.0004224 seconds, Stopping threads took: 0.0003275 seconds
2020-02-10T11:22:44.445-0530: 112.463: Total time for which application threads were stopped: 0.0001081 seconds, Stopping threads took: 0.0000452 seconds
2020-02-10T11:22:44.447-0530: 112.465: Total time for which application threads were stopped: 0.0001323 seconds, Stopping threads took: 0.0000441 seconds
2020-02-10T11:22:44.448-0530: 112.466: Total time for which application threads were stopped: 0.0000917 seconds, Stopping threads took: 0.0000323 seconds
2020-02-10T11:22:44.448-0530: 112.466: Total time for which application threads were stopped: 0.0000768 seconds, Stopping threads took: 0.0000255 seconds
2020-02-10T11:22:44.448-0530: 112.466: Total time for which application threads were stopped: 0.0000773 seconds, Stopping threads took: 0.0000291 seconds
2020-02-10T11:22:44.449-0530: 112.467: Total time for which application threads were stopped: 0.0001220 seconds, Stopping threads took: 0.0000411 seconds
2020-02-10T11:22:44.450-0530: 112.468: Total time for which application threads were stopped: 0.0001082 seconds, Stopping threads took: 0.0000372 seconds
2020-02-10T11:22:44.450-0530: 112.468: Total time for which application threads were stopped: 0.0000667 seconds, Stopping threads took: 0.0000108 seconds
2020-02-10T11:22:44.450-0530: 112.468: Total time for which application threads were stopped: 0.0000926 seconds, Stopping threads took: 0.0000171 seconds
2020-02-10T11:22:44.451-0530: 112.469: Total time for which application threads were stopped: 0.0000718 seconds, Stopping threads took: 0.0000265 seconds
2020-02-10T11:22:44.451-0530: 112.469: Total time for which application threads were stopped: 0.0000799 seconds, Stopping threads took: 0.0000146 seconds
2020-02-10T11:22:44.451-0530: 112.469: Total time for which application threads were stopped: 0.0000925 seconds, Stopping threads took: 0.0000205 seconds
2020-02-10T11:22:44.452-0530: 112.470: Total time for which application threads were stopped: 0.0000841 seconds, Stopping threads took: 0.0000241 seconds
2020-02-10T11:22:44.452-0530: 112.470: Total time for which application threads were stopped: 0.0000483 seconds, Stopping threads took: 0.0000081 seconds
2020-02-10T11:22:44.453-0530: 112.471: Total time for which application threads were stopped: 0.0000600 seconds, Stopping threads took: 0.0000090 seconds
2020-02-10T11:22:44.453-0530: 112.471: Total time for which application threads were stopped: 0.0000616 seconds, Stopping threads took: 0.0000104 seconds
2020-02-10T11:22:44.453-0530: 112.471: Total time for which application threads were stopped: 0.0000707 seconds, Stopping threads took: 0.0000129 seconds
2020-02-10T11:22:44.453-0530: 112.471: Total time for which application threads were stopped: 0.0000981 seconds, Stopping threads took: 0.0000355 seconds
2020-02-10T11:22:44.454-0530: 112.472: Total time for which application threads were stopped: 0.0000972 seconds, Stopping threads took: 0.0000343 seconds
2020-02-10T11:22:44.454-0530: 112.472: Total time for which application threads were stopped: 0.0000818 seconds, Stopping threads took: 0.0000306 seconds
2020-02-10T11:22:44.454-0530: 112.472: Total time for which application threads were stopped: 0.0000790 seconds, Stopping threads took: 0.0000295 seconds
2020-02-10T11:22:44.454-0530: 112.472: Total time for which application threads were stopped: 0.0000701 seconds, Stopping threads took: 0.0000101 seconds
2020-02-10T11:22:44.455-0530: 112.473: Total time for which application threads were stopped: 0.0000865 seconds, Stopping threads took: 0.0000115 seconds
2020-02-10T11:22:44.455-0530: 112.473: Total time for which application threads were stopped: 0.0001972 seconds, Stopping threads took: 0.0001570 seconds
2020-02-10T11:22:44.455-0530: 112.473: Total time for which application threads were stopped: 0.0000627 seconds, Stopping threads took: 0.0000135 seconds
2020-02-10T11:22:44.456-0530: 112.474: Total time for which application threads were stopped: 0.0001103 seconds, Stopping threads took: 0.0000397 seconds
2020-02-10T11:22:44.456-0530: 112.474: Total time for which application threads were stopped: 0.0001167 seconds, Stopping threads took: 0.0000444 seconds
2020-02-10T11:22:44.457-0530: 112.475: Total time for which application threads were stopped: 0.0000877 seconds, Stopping threads took: 0.0000280 seconds
2020-02-10T11:22:44.457-0530: 112.475: Total time for which application threads were stopped: 0.0000924 seconds, Stopping threads took: 0.0000473 seconds
2020-02-10T11:22:44.457-0530: 112.475: Total time for which application threads were stopped: 0.0000859 seconds, Stopping threads took: 0.0000267 seconds
2020-02-10T11:22:44.459-0530: 112.477: Total time for which application threads were stopped: 0.0001289 seconds, Stopping threads took: 0.0000686 seconds
2020-02-10T11:22:44.459-0530: 112.477: Total time for which application threads were stopped: 0.0001856 seconds, Stopping threads took: 0.0000573 seconds
2020-02-10T11:22:44.460-0530: 112.478: Total time for which application threads were stopped: 0.0002107 seconds, Stopping threads took: 0.0000393 seconds
2020-02-10T11:22:45.466-0530: 113.484: Total time for which application threads were stopped: 0.0001575 seconds, Stopping threads took: 0.0000322 seconds
{Heap before GC invocations=18 (full 2):
 par new generation   total 109248K, used 94786K [0x00000007a0000000, 0x00000007a8000000, 0x00000007a8000000)
  eden space 87424K, 100% used [0x00000007a0000000, 0x00000007a5560000, 0x00000007a5560000)
  from space 21824K,  33% used [0x00000007a5560000, 0x00000007a5c90820, 0x00000007a6ab0000)
  to   space 21824K,   0% used [0x00000007a6ab0000, 0x00000007a6ab0000, 0x00000007a8000000)
 concurrent mark-sweep generation total 393216K, used 15055K [0x00000007a8000000, 0x00000007c0000000, 0x00000007c0000000)
 Metaspace       used 43359K, capacity 44591K, committed 44864K, reserved 1089536K
  class space    used 5292K, capacity 5593K, committed 5696K, reserved 1048576K
2020-02-10T11:22:46.743-0530: 114.761: [GC (Allocation Failure) 2020-02-10T11:22:46.743-0530: 114.761: [ParNew
Desired survivor size 20112992 bytes, new threshold 8 (max 8)
- age   1:    2671176 bytes,    2671176 total
- age   2:    1393272 bytes,    4064448 total
- age   3:      94304 bytes,    4158752 total
- age   4:      66528 bytes,    4225280 total
- age   5:      66080 bytes,    4291360 total
- age   6:      43504 bytes,    4334864 total
- age   7:    2665888 bytes,    7000752 total
- age   8:    1501376 bytes,    8502128 total
: 94786K->11397K(109248K), 0.0059966 secs] 109841K->26455K(502464K), 0.0061456 secs] [Times: user=0.02 sys=0.00, real=0.00 secs] 
Heap after GC invocations=19 (full 2):
 par new generation   total 109248K, used 11397K [0x00000007a0000000, 0x00000007a8000000, 0x00000007a8000000)
  eden space 87424K,   0% used [0x00000007a0000000, 0x00000007a0000000, 0x00000007a5560000)
  from space 21824K,  52% used [0x00000007a6ab0000, 0x00000007a75d1650, 0x00000007a8000000)
  to   space 21824K,   0% used [0x00000007a5560000, 0x00000007a5560000, 0x00000007a6ab0000)
 concurrent mark-sweep generation total 393216K, used 15058K [0x00000007a8000000, 0x00000007c0000000, 0x00000007c0000000)
 Metaspace       used 43359K, capacity 44591K, committed 44864K, reserved 1089536K
  class space    used 5292K, capacity 5593K, committed 5696K, reserved 1048576K
}
2020-02-10T11:22:46.749-0530: 114.767: Total time for which application threads were stopped: 0.0063573 seconds, Stopping threads took: 0.0000256 seconds
2020-02-10T11:22:46.791-0530: 114.808: Total time for which application threads were stopped: 0.0001865 seconds, Stopping threads took: 0.0000837 seconds
2020-02-10T11:22:46.810-0530: 114.828: Total time for which application threads were stopped: 0.0000999 seconds, Stopping threads took: 0.0000228 seconds
2020-02-10T11:22:46.810-0530: 114.828: Total time for which application threads were stopped: 0.0000759 seconds, Stopping threads took: 0.0000142 seconds
2020-02-10T11:22:46.810-0530: 114.828: Total time for which application threads were stopped: 0.0000601 seconds, Stopping threads took: 0.0000104 seconds
2020-02-10T11:22:49.204-0530: 117.221: Total time for which application threads were stopped: 0.0001047 seconds, Stopping threads took: 0.0000255 seconds
2020-02-10T11:22:49.220-0530: 117.238: Total time for which application threads were stopped: 0.0001093 seconds, Stopping threads took: 0.0000229 seconds
2020-02-10T11:22:49.220-0530: 117.238: Total time for which application threads were stopped: 0.0000780 seconds, Stopping threads took: 0.0000159 seconds
2020-02-10T11:22:49.220-0530: 117.238: Total time for which application threads were stopped: 0.0000527 seconds, Stopping threads took: 0.0000114 seconds
2020-02-10T11:22:49.222-0530: 117.240: Total time for which application threads were stopped: 0.0001306 seconds, Stopping threads took: 0.0000492 seconds
2020-02-10T11:22:49.222-0530: 117.240: Total time for which application threads were stopped: 0.0000801 seconds, Stopping threads took: 0.0000266 seconds
2020-02-10T11:22:49.222-0530: 117.240: Total time for which application threads were stopped: 0.0000799 seconds, Stopping threads took: 0.0000247 seconds
2020-02-10T11:22:51.671-0530: 119.689: Total time for which application threads were stopped: 0.0001463 seconds, Stopping threads took: 0.0000470 seconds
2020-02-10T11:22:51.689-0530: 119.707: Total time for which application threads were stopped: 0.0001255 seconds, Stopping threads took: 0.0000417 seconds
2020-02-10T11:22:51.691-0530: 119.709: Total time for which application threads were stopped: 0.0001329 seconds, Stopping threads took: 0.0000504 seconds
2020-02-10T11:22:51.692-0530: 119.710: Total time for which application threads were stopped: 0.0001013 seconds, Stopping threads took: 0.0000224 seconds
2020-02-10T11:22:51.694-0530: 119.712: Total time for which application threads were stopped: 0.0001287 seconds, Stopping threads took: 0.0000572 seconds
2020-02-10T11:22:52.696-0530: 120.714: Total time for which application threads were stopped: 0.0000785 seconds, Stopping threads took: 0.0000239 seconds
{Heap before GC invocations=19 (full 2):
 par new generation   total 109248K, used 98821K [0x00000007a0000000, 0x00000007a8000000, 0x00000007a8000000)
  eden space 87424K, 100% used [0x00000007a0000000, 0x00000007a5560000, 0x00000007a5560000)
  from space 21824K,  52% used [0x00000007a6ab0000, 0x00000007a75d1650, 0x00000007a8000000)
  to   space 21824K,   0% used [0x00000007a5560000, 0x00000007a5560000, 0x00000007a6ab0000)
 concurrent mark-sweep generation total 393216K, used 15058K [0x00000007a8000000, 0x00000007c0000000, 0x00000007c0000000)
 Metaspace       used 43395K, capacity 44663K, committed 44864K, reserved 1089536K
  class space    used 5292K, capacity 5593K, committed 5696K, reserved 1048576K
2020-02-10T11:22:54.178-0530: 122.196: [GC (Allocation Failure) 2020-02-10T11:22:54.178-0530: 122.196: [ParNew
Desired survivor size 20112992 bytes, new threshold 8 (max 8)
- age   1:     820568 bytes,     820568 total
- age   2:     805288 bytes,    1625856 total
- age   3:    1392040 bytes,    3017896 total
- age   4:      25648 bytes,    3043544 total
- age   5:      66456 bytes,    3110000 total
- age   6:      66080 bytes,    3176080 total
- age   7:      43504 bytes,    3219584 total
- age   8:    2665888 bytes,    5885472 total
: 98821K->7810K(109248K), 0.0060422 secs] 113879K->24342K(502464K), 0.0061138 secs] [Times: user=0.02 sys=0.00, real=0.01 secs] 
Heap after GC invocations=20 (full 2):
 par new generation   total 109248K, used 7810K [0x00000007a0000000, 0x00000007a8000000, 0x00000007a8000000)
  eden space 87424K,   0% used [0x00000007a0000000, 0x00000007a0000000, 0x00000007a5560000)
  from space 21824K,  35% used [0x00000007a5560000, 0x00000007a5d00a18, 0x00000007a6ab0000)
  to   space 21824K,   0% used [0x00000007a6ab0000, 0x00000007a6ab0000, 0x00000007a8000000)
 concurrent mark-sweep generation total 393216K, used 16531K [0x00000007a8000000, 0x00000007c0000000, 0x00000007c0000000)
 Metaspace       used 43395K, capacity 44663K, committed 44864K, reserved 1089536K
  class space    used 5292K, capacity 5593K, committed 5696K, reserved 1048576K
}
2020-02-10T11:22:54.184-0530: 122.202: Total time for which application threads were stopped: 0.0063625 seconds, Stopping threads took: 0.0000291 seconds
2020-02-10T11:22:54.185-0530: 122.202: Total time for which application threads were stopped: 0.0002633 seconds, Stopping threads took: 0.0001007 seconds
2020-02-10T11:22:54.280-0530: 122.297: Total time for which application threads were stopped: 0.0001023 seconds, Stopping threads took: 0.0000253 seconds
2020-02-10T11:22:54.298-0530: 122.316: Total time for which application threads were stopped: 0.0000982 seconds, Stopping threads took: 0.0000231 seconds
2020-02-10T11:22:54.300-0530: 122.317: Total time for which application threads were stopped: 0.0001121 seconds, Stopping threads took: 0.0000540 seconds
2020-02-10T11:22:54.301-0530: 122.318: Total time for which application threads were stopped: 0.0001037 seconds, Stopping threads took: 0.0000440 seconds
2020-02-10T11:22:54.301-0530: 122.319: Total time for which application threads were stopped: 0.0000758 seconds, Stopping threads took: 0.0000313 seconds
2020-02-10T11:22:56.525-0530: 124.543: Total time for which application threads were stopped: 0.0001447 seconds, Stopping threads took: 0.0000466 seconds
2020-02-10T11:22:56.541-0530: 124.558: Total time for which application threads were stopped: 0.0000978 seconds, Stopping threads took: 0.0000210 seconds
2020-02-10T11:22:56.543-0530: 124.560: Total time for which application threads were stopped: 0.0001200 seconds, Stopping threads took: 0.0000467 seconds
2020-02-10T11:22:56.543-0530: 124.560: Total time for which application threads were stopped: 0.0001006 seconds, Stopping threads took: 0.0000341 seconds
2020-02-10T11:22:56.543-0530: 124.561: Total time for which application threads were stopped: 0.0000918 seconds, Stopping threads took: 0.0000352 seconds
2020-02-10T11:22:57.543-0530: 125.561: Total time for which application threads were stopped: 0.0000890 seconds, Stopping threads took: 0.0000255 seconds
{Heap before GC invocations=20 (full 2):
 par new generation   total 109248K, used 95234K [0x00000007a0000000, 0x00000007a8000000, 0x00000007a8000000)
  eden space 87424K, 100% used [0x00000007a0000000, 0x00000007a5560000, 0x00000007a5560000)
  from space 21824K,  35% used [0x00000007a5560000, 0x00000007a5d00a18, 0x00000007a6ab0000)
  to   space 21824K,   0% used [0x00000007a6ab0000, 0x00000007a6ab0000, 0x00000007a8000000)
 concurrent mark-sweep generation total 393216K, used 16531K [0x00000007a8000000, 0x00000007c0000000, 0x00000007c0000000)
 Metaspace       used 43428K, capacity 44663K, committed 44864K, reserved 1089536K
  class space    used 5292K, capacity 5593K, committed 5696K, reserved 1048576K
2020-02-10T11:22:58.739-0530: 126.756: [GC (Allocation Failure) 2020-02-10T11:22:58.739-0530: 126.756: [ParNew
Desired survivor size 20112992 bytes, new threshold 8 (max 8)
- age   1:    1571736 bytes,    1571736 total
- age   2:     166024 bytes,    1737760 total
- age   3:     803976 bytes,    2541736 total
- age   4:    1392040 bytes,    3933776 total
- age   5:      25576 bytes,    3959352 total
- age   6:      66456 bytes,    4025808 total
- age   7:      66080 bytes,    4091888 total
- age   8:      43504 bytes,    4135392 total
: 95234K->5093K(109248K), 0.0065900 secs] 111766K->24233K(502464K), 0.0067035 secs] [Times: user=0.02 sys=0.00, real=0.01 secs] 
Heap after GC invocations=21 (full 2):
 par new generation   total 109248K, used 5093K [0x00000007a0000000, 0x00000007a8000000, 0x00000007a8000000)
  eden space 87424K,   0% used [0x00000007a0000000, 0x00000007a0000000, 0x00000007a5560000)
  from space 21824K,  23% used [0x00000007a6ab0000, 0x00000007a6fa9560, 0x00000007a8000000)
  to   space 21824K,   0% used [0x00000007a5560000, 0x00000007a5560000, 0x00000007a6ab0000)
 concurrent mark-sweep generation total 393216K, used 19140K [0x00000007a8000000, 0x00000007c0000000, 0x00000007c0000000)
 Metaspace       used 43428K, capacity 44663K, committed 44864K, reserved 1089536K
  class space    used 5292K, capacity 5593K, committed 5696K, reserved 1048576K
}
2020-02-10T11:22:58.745-0530: 126.763: Total time for which application threads were stopped: 0.0068746 seconds, Stopping threads took: 0.0000220 seconds
2020-02-10T11:22:58.790-0530: 126.808: Total time for which application threads were stopped: 0.0001078 seconds, Stopping threads took: 0.0000244 seconds
2020-02-10T11:22:58.808-0530: 126.826: Total time for which application threads were stopped: 0.0001036 seconds, Stopping threads took: 0.0000223 seconds
2020-02-10T11:22:58.811-0530: 126.829: Total time for which application threads were stopped: 0.0003693 seconds, Stopping threads took: 0.0002831 seconds
2020-02-10T11:22:58.814-0530: 126.831: Total time for which application threads were stopped: 0.0000991 seconds, Stopping threads took: 0.0000220 seconds
2020-02-10T11:22:58.814-0530: 126.832: Total time for which application threads were stopped: 0.0001965 seconds, Stopping threads took: 0.0000111 seconds
2020-02-10T11:22:59.819-0530: 127.837: Total time for which application threads were stopped: 0.0001182 seconds, Stopping threads took: 0.0000348 seconds
2020-02-10T11:23:01.126-0530: 129.144: Total time for which application threads were stopped: 0.0001596 seconds, Stopping threads took: 0.0000486 seconds
2020-02-10T11:23:01.143-0530: 129.160: Total time for which application threads were stopped: 0.0001034 seconds, Stopping threads took: 0.0000224 seconds
2020-02-10T11:23:01.145-0530: 129.163: Total time for which application threads were stopped: 0.0001327 seconds, Stopping threads took: 0.0000519 seconds
2020-02-10T11:23:01.146-0530: 129.164: Total time for which application threads were stopped: 0.0002724 seconds, Stopping threads took: 0.0000392 seconds
2020-02-10T11:23:02.150-0530: 130.168: Total time for which application threads were stopped: 0.0001155 seconds, Stopping threads took: 0.0000328 seconds
{Heap before GC invocations=21 (full 2):
 par new generation   total 109248K, used 92489K [0x00000007a0000000, 0x00000007a8000000, 0x00000007a8000000)
  eden space 87424K,  99% used [0x00000007a0000000, 0x00000007a5558ee0, 0x00000007a5560000)
  from space 21824K,  23% used [0x00000007a6ab0000, 0x00000007a6fa9560, 0x00000007a8000000)
  to   space 21824K,   0% used [0x00000007a5560000, 0x00000007a5560000, 0x00000007a6ab0000)
 concurrent mark-sweep generation total 393216K, used 19140K [0x00000007a8000000, 0x00000007c0000000, 0x00000007c0000000)
 Metaspace       used 43462K, capacity 44667K, committed 44864K, reserved 1089536K
  class space    used 5292K, capacity 5593K, committed 5696K, reserved 1048576K
2020-02-10T11:23:03.411-0530: 131.429: [GC (Allocation Failure) 2020-02-10T11:23:03.411-0530: 131.429: [ParNew
Desired survivor size 20112992 bytes, new threshold 8 (max 8)
- age   1:    1777448 bytes,    1777448 total
- age   2:      68504 bytes,    1845952 total
- age   3:      96904 bytes,    1942856 total
- age   4:     803624 bytes,    2746480 total
- age   5:    1392040 bytes,    4138520 total
- age   6:      25576 bytes,    4164096 total
- age   7:      66456 bytes,    4230552 total
- age   8:      66080 bytes,    4296632 total
: 92489K->6043K(109248K), 0.0055352 secs] 111629K->25226K(502464K), 0.0056535 secs] [Times: user=0.02 sys=0.00, real=0.00 secs] 
Heap after GC invocations=22 (full 2):
 par new generation   total 109248K, used 6043K [0x00000007a0000000, 0x00000007a8000000, 0x00000007a8000000)
  eden space 87424K,   0% used [0x00000007a0000000, 0x00000007a0000000, 0x00000007a5560000)
  from space 21824K,  27% used [0x00000007a5560000, 0x00000007a5b46d68, 0x00000007a6ab0000)
  to   space 21824K,   0% used [0x00000007a6ab0000, 0x00000007a6ab0000, 0x00000007a8000000)
 concurrent mark-sweep generation total 393216K, used 19182K [0x00000007a8000000, 0x00000007c0000000, 0x00000007c0000000)
 Metaspace       used 43462K, capacity 44667K, committed 44864K, reserved 1089536K
  class space    used 5292K, capacity 5593K, committed 5696K, reserved 1048576K
}
2020-02-10T11:23:03.417-0530: 131.434: Total time for which application threads were stopped: 0.0058309 seconds, Stopping threads took: 0.0000262 seconds
2020-02-10T11:23:03.423-0530: 131.441: Total time for which application threads were stopped: 0.0001139 seconds, Stopping threads took: 0.0000449 seconds
2020-02-10T11:23:03.441-0530: 131.459: Total time for which application threads were stopped: 0.0000940 seconds, Stopping threads took: 0.0000224 seconds
2020-02-10T11:23:03.444-0530: 131.462: Total time for which application threads were stopped: 0.0001228 seconds, Stopping threads took: 0.0000234 seconds
2020-02-10T11:23:03.452-0530: 131.470: Total time for which application threads were stopped: 0.0003035 seconds, Stopping threads took: 0.0000574 seconds
2020-02-10T11:23:03.454-0530: 131.472: Total time for which application threads were stopped: 0.0001264 seconds, Stopping threads took: 0.0000442 seconds
{Heap before GC invocations=22 (full 2):
 par new generation   total 109248K, used 93467K [0x00000007a0000000, 0x00000007a8000000, 0x00000007a8000000)
  eden space 87424K, 100% used [0x00000007a0000000, 0x00000007a5560000, 0x00000007a5560000)
  from space 21824K,  27% used [0x00000007a5560000, 0x00000007a5b46d68, 0x00000007a6ab0000)
  to   space 21824K,   0% used [0x00000007a6ab0000, 0x00000007a6ab0000, 0x00000007a8000000)
 concurrent mark-sweep generation total 393216K, used 19182K [0x00000007a8000000, 0x00000007c0000000, 0x00000007c0000000)
 Metaspace       used 43481K, capacity 44731K, committed 44864K, reserved 1089536K
  class space    used 5292K, capacity 5593K, committed 5696K, reserved 1048576K
2020-02-10T11:23:03.961-0530: 131.978: [GC (Allocation Failure) 2020-02-10T11:23:03.961-0530: 131.978: [ParNew
Desired survivor size 20112992 bytes, new threshold 8 (max 8)
- age   1:    2769328 bytes,    2769328 total
- age   2:     207864 bytes,    2977192 total
- age   3:      67032 bytes,    3044224 total
- age   4:      96904 bytes,    3141128 total
- age   5:     803624 bytes,    3944752 total
- age   6:    1392040 bytes,    5336792 total
- age   7:      25576 bytes,    5362368 total
- age   8:      66456 bytes,    5428824 total
: 93467K->6668K(109248K), 0.0114286 secs] 112650K->25915K(502464K), 0.0115710 secs] [Times: user=0.03 sys=0.00, real=0.01 secs] 
Heap after GC invocations=23 (full 2):
 par new generation   total 109248K, used 6668K [0x00000007a0000000, 0x00000007a8000000, 0x00000007a8000000)
  eden space 87424K,   0% used [0x00000007a0000000, 0x00000007a0000000, 0x00000007a5560000)
  from space 21824K,  30% used [0x00000007a6ab0000, 0x00000007a71330f0, 0x00000007a8000000)
  to   space 21824K,   0% used [0x00000007a5560000, 0x00000007a5560000, 0x00000007a6ab0000)
 concurrent mark-sweep generation total 393216K, used 19247K [0x00000007a8000000, 0x00000007c0000000, 0x00000007c0000000)
 Metaspace       used 43481K, capacity 44731K, committed 44864K, reserved 1089536K
  class space    used 5292K, capacity 5593K, committed 5696K, reserved 1048576K
}
2020-02-10T11:23:03.973-0530: 131.990: Total time for which application threads were stopped: 0.0119140 seconds, Stopping threads took: 0.0000293 seconds
2020-02-10T11:23:04.978-0530: 132.995: Total time for which application threads were stopped: 0.0002025 seconds, Stopping threads took: 0.0000328 seconds
2020-02-10T11:23:06.224-0530: 134.241: Total time for which application threads were stopped: 0.0002388 seconds, Stopping threads took: 0.0000235 seconds
2020-02-10T11:23:06.224-0530: 134.241: Total time for which application threads were stopped: 0.0000656 seconds, Stopping threads took: 0.0000144 seconds
2020-02-10T11:23:06.224-0530: 134.242: Total time for which application threads were stopped: 0.0000608 seconds, Stopping threads took: 0.0000117 seconds
2020-02-10T11:23:06.225-0530: 134.242: Total time for which application threads were stopped: 0.0000412 seconds, Stopping threads took: 0.0000097 seconds
2020-02-10T11:23:06.225-0530: 134.242: Total time for which application threads were stopped: 0.0000497 seconds, Stopping threads took: 0.0000097 seconds
2020-02-10T11:23:06.225-0530: 134.242: Total time for which application threads were stopped: 0.0000489 seconds, Stopping threads took: 0.0000092 seconds
2020-02-10T11:23:06.225-0530: 134.243: Total time for which application threads were stopped: 0.0000632 seconds, Stopping threads took: 0.0000131 seconds
2020-02-10T11:23:06.225-0530: 134.243: Total time for which application threads were stopped: 0.0000522 seconds, Stopping threads took: 0.0000099 seconds
2020-02-10T11:23:06.226-0530: 134.243: Total time for which application threads were stopped: 0.0001980 seconds, Stopping threads took: 0.0000118 seconds
2020-02-10T11:23:06.269-0530: 134.287: Total time for which application threads were stopped: 0.0001730 seconds, Stopping threads took: 0.0000480 seconds
2020-02-10T11:23:06.270-0530: 134.287: Total time for which application threads were stopped: 0.0001167 seconds, Stopping threads took: 0.0000398 seconds
2020-02-10T11:23:06.272-0530: 134.290: Total time for which application threads were stopped: 0.0001488 seconds, Stopping threads took: 0.0000608 seconds
2020-02-10T11:23:06.273-0530: 134.290: Total time for which application threads were stopped: 0.0000774 seconds, Stopping threads took: 0.0000259 seconds
2020-02-10T11:23:06.273-0530: 134.290: Total time for which application threads were stopped: 0.0000748 seconds, Stopping threads took: 0.0000170 seconds
2020-02-10T11:23:06.273-0530: 134.290: Total time for which application threads were stopped: 0.0000756 seconds, Stopping threads took: 0.0000253 seconds
2020-02-10T11:23:06.275-0530: 134.292: Total time for which application threads were stopped: 0.0000977 seconds, Stopping threads took: 0.0000212 seconds
2020-02-10T11:23:06.275-0530: 134.293: Total time for which application threads were stopped: 0.0000760 seconds, Stopping threads took: 0.0000129 seconds
2020-02-10T11:23:06.275-0530: 134.293: Total time for which application threads were stopped: 0.0000633 seconds, Stopping threads took: 0.0000106 seconds
2020-02-10T11:23:06.276-0530: 134.293: Total time for which application threads were stopped: 0.0000876 seconds, Stopping threads took: 0.0000121 seconds
2020-02-10T11:23:06.276-0530: 134.293: Total time for which application threads were stopped: 0.0000735 seconds, Stopping threads took: 0.0000121 seconds
2020-02-10T11:23:06.276-0530: 134.293: Total time for which application threads were stopped: 0.0000583 seconds, Stopping threads took: 0.0000095 seconds
2020-02-10T11:23:06.276-0530: 134.294: Total time for which application threads were stopped: 0.0000614 seconds, Stopping threads took: 0.0000106 seconds
2020-02-10T11:23:06.277-0530: 134.294: Total time for which application threads were stopped: 0.0001079 seconds, Stopping threads took: 0.0000115 seconds
2020-02-10T11:23:06.277-0530: 134.294: Total time for which application threads were stopped: 0.0000698 seconds, Stopping threads took: 0.0000110 seconds
2020-02-10T11:23:06.277-0530: 134.294: Total time for which application threads were stopped: 0.0000617 seconds, Stopping threads took: 0.0000111 seconds
2020-02-10T11:23:06.277-0530: 134.294: Total time for which application threads were stopped: 0.0000594 seconds, Stopping threads took: 0.0000100 seconds
2020-02-10T11:23:06.277-0530: 134.295: Total time for which application threads were stopped: 0.0000892 seconds, Stopping threads took: 0.0000105 seconds
2020-02-10T11:23:06.278-0530: 134.295: Total time for which application threads were stopped: 0.0000759 seconds, Stopping threads took: 0.0000131 seconds
2020-02-10T11:23:06.278-0530: 134.295: Total time for which application threads were stopped: 0.0000631 seconds, Stopping threads took: 0.0000098 seconds
2020-02-10T11:23:06.278-0530: 134.295: Total time for which application threads were stopped: 0.0001868 seconds, Stopping threads took: 0.0000106 seconds
2020-02-10T11:23:06.278-0530: 134.296: Total time for which application threads were stopped: 0.0000684 seconds, Stopping threads took: 0.0000118 seconds
2020-02-10T11:23:06.279-0530: 134.296: Total time for which application threads were stopped: 0.0000724 seconds, Stopping threads took: 0.0000126 seconds
2020-02-10T11:23:06.280-0530: 134.297: Total time for which application threads were stopped: 0.0001147 seconds, Stopping threads took: 0.0000196 seconds
2020-02-10T11:23:06.280-0530: 134.298: Total time for which application threads were stopped: 0.0000699 seconds, Stopping threads took: 0.0000116 seconds
2020-02-10T11:23:06.281-0530: 134.298: Total time for which application threads were stopped: 0.0000734 seconds, Stopping threads took: 0.0000132 seconds
2020-02-10T11:23:06.281-0530: 134.299: Total time for which application threads were stopped: 0.0001006 seconds, Stopping threads took: 0.0000210 seconds
2020-02-10T11:23:06.283-0530: 134.300: Total time for which application threads were stopped: 0.0001296 seconds, Stopping threads took: 0.0000221 seconds
2020-02-10T11:23:06.283-0530: 134.301: Total time for which application threads were stopped: 0.0000839 seconds, Stopping threads took: 0.0000223 seconds
2020-02-10T11:23:07.287-0530: 135.304: Total time for which application threads were stopped: 0.0001831 seconds, Stopping threads took: 0.0000376 seconds
{Heap before GC invocations=23 (full 2):
 par new generation   total 109248K, used 94092K [0x00000007a0000000, 0x00000007a8000000, 0x00000007a8000000)
  eden space 87424K, 100% used [0x00000007a0000000, 0x00000007a5560000, 0x00000007a5560000)
  from space 21824K,  30% used [0x00000007a6ab0000, 0x00000007a71330f0, 0x00000007a8000000)
  to   space 21824K,   0% used [0x00000007a5560000, 0x00000007a5560000, 0x00000007a6ab0000)
 concurrent mark-sweep generation total 393216K, used 19247K [0x00000007a8000000, 0x00000007c0000000, 0x00000007c0000000)
 Metaspace       used 43530K, capacity 44795K, committed 45120K, reserved 1089536K
  class space    used 5292K, capacity 5593K, committed 5696K, reserved 1048576K
2020-02-10T11:23:08.425-0530: 136.443: [GC (Allocation Failure) 2020-02-10T11:23:08.425-0530: 136.443: [ParNew
Desired survivor size 20112992 bytes, new threshold 8 (max 8)
- age   1:    2225736 bytes,    2225736 total
- age   2:    2277048 bytes,    4502784 total
- age   3:      73936 bytes,    4576720 total
- age   4:       6216 bytes,    4582936 total
- age   5:       6328 bytes,    4589264 total
- age   6:      40104 bytes,    4629368 total
- age   7:      25920 bytes,    4655288 total
- age   8:      25576 bytes,    4680864 total
: 94092K->8019K(109248K), 0.0041613 secs] 113339K->27331K(502464K), 0.0042727 secs] [Times: user=0.01 sys=0.00, real=0.01 secs] 
Heap after GC invocations=24 (full 2):
 par new generation   total 109248K, used 8019K [0x00000007a0000000, 0x00000007a8000000, 0x00000007a8000000)
  eden space 87424K,   0% used [0x00000007a0000000, 0x00000007a0000000, 0x00000007a5560000)
  from space 21824K,  36% used [0x00000007a5560000, 0x00000007a5d34cd8, 0x00000007a6ab0000)
  to   space 21824K,   0% used [0x00000007a6ab0000, 0x00000007a6ab0000, 0x00000007a8000000)
 concurrent mark-sweep generation total 393216K, used 19312K [0x00000007a8000000, 0x00000007c0000000, 0x00000007c0000000)
 Metaspace       used 43530K, capacity 44795K, committed 45120K, reserved 1089536K
  class space    used 5292K, capacity 5593K, committed 5696K, reserved 1048576K
}
2020-02-10T11:23:08.430-0530: 136.447: Total time for which application threads were stopped: 0.0044486 seconds, Stopping threads took: 0.0000381 seconds
2020-02-10T11:23:08.503-0530: 136.520: Total time for which application threads were stopped: 0.0001338 seconds, Stopping threads took: 0.0000273 seconds
2020-02-10T11:23:08.517-0530: 136.535: Total time for which application threads were stopped: 0.0001566 seconds, Stopping threads took: 0.0000531 seconds
2020-02-10T11:23:08.518-0530: 136.535: Total time for which application threads were stopped: 0.0000763 seconds, Stopping threads took: 0.0000122 seconds
2020-02-10T11:23:08.518-0530: 136.535: Total time for which application threads were stopped: 0.0000918 seconds, Stopping threads took: 0.0000278 seconds
2020-02-10T11:23:09.519-0530: 137.536: Total time for which application threads were stopped: 0.0000948 seconds, Stopping threads took: 0.0000421 seconds
2020-02-10T11:23:10.872-0530: 138.889: Total time for which application threads were stopped: 0.0000844 seconds, Stopping threads took: 0.0000206 seconds
2020-02-10T11:23:10.887-0530: 138.904: Total time for which application threads were stopped: 0.0001316 seconds, Stopping threads took: 0.0000567 seconds
2020-02-10T11:23:10.887-0530: 138.904: Total time for which application threads were stopped: 0.0001275 seconds, Stopping threads took: 0.0000371 seconds
2020-02-10T11:23:10.887-0530: 138.904: Total time for which application threads were stopped: 0.0000548 seconds, Stopping threads took: 0.0000121 seconds
{Heap before GC invocations=24 (full 2):
 par new generation   total 109248K, used 95443K [0x00000007a0000000, 0x00000007a8000000, 0x00000007a8000000)
  eden space 87424K, 100% used [0x00000007a0000000, 0x00000007a5560000, 0x00000007a5560000)
  from space 21824K,  36% used [0x00000007a5560000, 0x00000007a5d34cd8, 0x00000007a6ab0000)
  to   space 21824K,   0% used [0x00000007a6ab0000, 0x00000007a6ab0000, 0x00000007a8000000)
 concurrent mark-sweep generation total 393216K, used 19312K [0x00000007a8000000, 0x00000007c0000000, 0x00000007c0000000)
 Metaspace       used 43548K, capacity 44795K, committed 45120K, reserved 1089536K
  class space    used 5292K, capacity 5593K, committed 5696K, reserved 1048576K
2020-02-10T11:23:13.198-0530: 141.215: [GC (Allocation Failure) 2020-02-10T11:23:13.198-0530: 141.215: [ParNew
Desired survivor size 20112992 bytes, new threshold 8 (max 8)
- age   1:    1561696 bytes,    1561696 total
- age   2:    1455800 bytes,    3017496 total
- age   3:    2275840 bytes,    5293336 total
- age   4:       5816 bytes,    5299152 total
- age   5:       4616 bytes,    5303768 total
- age   6:       6256 bytes,    5310024 total
- age   7:      40104 bytes,    5350128 total
- age   8:      25920 bytes,    5376048 total
: 95443K->6293K(109248K), 0.0041530 secs] 114755K->25630K(502464K), 0.0042639 secs] [Times: user=0.01 sys=0.00, real=0.01 secs] 
Heap after GC invocations=25 (full 2):
 par new generation   total 109248K, used 6293K [0x00000007a0000000, 0x00000007a8000000, 0x00000007a8000000)
  eden space 87424K,   0% used [0x00000007a0000000, 0x00000007a0000000, 0x00000007a5560000)
  from space 21824K,  28% used [0x00000007a6ab0000, 0x00000007a70d5420, 0x00000007a8000000)
  to   space 21824K,   0% used [0x00000007a5560000, 0x00000007a5560000, 0x00000007a6ab0000)
 concurrent mark-sweep generation total 393216K, used 19337K [0x00000007a8000000, 0x00000007c0000000, 0x00000007c0000000)
 Metaspace       used 43548K, capacity 44795K, committed 45120K, reserved 1089536K
  class space    used 5292K, capacity 5593K, committed 5696K, reserved 1048576K
}
2020-02-10T11:23:13.203-0530: 141.220: Total time for which application threads were stopped: 0.0044404 seconds, Stopping threads took: 0.0000293 seconds
2020-02-10T11:23:13.243-0530: 141.260: Total time for which application threads were stopped: 0.0001752 seconds, Stopping threads took: 0.0000991 seconds
2020-02-10T11:23:13.259-0530: 141.277: Total time for which application threads were stopped: 0.0001211 seconds, Stopping threads took: 0.0000610 seconds
2020-02-10T11:23:13.260-0530: 141.277: Total time for which application threads were stopped: 0.0001267 seconds, Stopping threads took: 0.0000649 seconds
2020-02-10T11:23:13.260-0530: 141.277: Total time for which application threads were stopped: 0.0000833 seconds, Stopping threads took: 0.0000408 seconds
2020-02-10T11:23:14.260-0530: 142.277: Total time for which application threads were stopped: 0.0000804 seconds, Stopping threads took: 0.0000258 seconds
2020-02-10T11:23:15.476-0530: 143.493: Total time for which application threads were stopped: 0.0000948 seconds, Stopping threads took: 0.0000213 seconds
2020-02-10T11:23:15.494-0530: 143.511: Total time for which application threads were stopped: 0.0001357 seconds, Stopping threads took: 0.0000568 seconds
2020-02-10T11:23:15.496-0530: 143.513: Total time for which application threads were stopped: 0.0000827 seconds, Stopping threads took: 0.0000253 seconds
2020-02-10T11:23:15.496-0530: 143.513: Total time for which application threads were stopped: 0.0000985 seconds, Stopping threads took: 0.0000331 seconds
{Heap before GC invocations=25 (full 2):
 par new generation   total 109248K, used 93556K [0x00000007a0000000, 0x00000007a8000000, 0x00000007a8000000)
  eden space 87424K,  99% used [0x00000007a0000000, 0x00000007a5537f98, 0x00000007a5560000)
  from space 21824K,  28% used [0x00000007a6ab0000, 0x00000007a70d5420, 0x00000007a8000000)
  to   space 21824K,   0% used [0x00000007a5560000, 0x00000007a5560000, 0x00000007a6ab0000)
 concurrent mark-sweep generation total 393216K, used 19337K [0x00000007a8000000, 0x00000007c0000000, 0x00000007c0000000)
 Metaspace       used 43564K, capacity 44795K, committed 45120K, reserved 1089536K
  class space    used 5292K, capacity 5593K, committed 5696K, reserved 1048576K
2020-02-10T11:23:17.753-0530: 145.770: [GC (Allocation Failure) 2020-02-10T11:23:17.753-0530: 145.770: [ParNew
Desired survivor size 20112992 bytes, new threshold 8 (max 8)
- age   1:    1816208 bytes,    1816208 total
- age   2:      68552 bytes,    1884760 total
- age   3:    1386968 bytes,    3271728 total
- age   4:    2275840 bytes,    5547568 total
- age   5:       4968 bytes,    5552536 total
- age   6:       4544 bytes,    5557080 total
- age   7:       6256 bytes,    5563336 total
- age   8:      39720 bytes,    5603056 total
: 93556K->7891K(109248K), 0.0046064 secs] 112893K->27254K(502464K), 0.0046974 secs] [Times: user=0.01 sys=0.00, real=0.00 secs] 
Heap after GC invocations=26 (full 2):
 par new generation   total 109248K, used 7891K [0x00000007a0000000, 0x00000007a8000000, 0x00000007a8000000)
  eden space 87424K,   0% used [0x00000007a0000000, 0x00000007a0000000, 0x00000007a5560000)
  from space 21824K,  36% used [0x00000007a5560000, 0x00000007a5d14f98, 0x00000007a6ab0000)
  to   space 21824K,   0% used [0x00000007a6ab0000, 0x00000007a6ab0000, 0x00000007a8000000)
 concurrent mark-sweep generation total 393216K, used 19362K [0x00000007a8000000, 0x00000007c0000000, 0x00000007c0000000)
 Metaspace       used 43564K, capacity 44795K, committed 45120K, reserved 1089536K
  class space    used 5292K, capacity 5593K, committed 5696K, reserved 1048576K
}
2020-02-10T11:23:17.758-0530: 145.775: Total time for which application threads were stopped: 0.0048735 seconds, Stopping threads took: 0.0000309 seconds
2020-02-10T11:23:17.773-0530: 145.790: Total time for which application threads were stopped: 0.0000941 seconds, Stopping threads took: 0.0000364 seconds
2020-02-10T11:23:17.790-0530: 145.807: Total time for which application threads were stopped: 0.0001078 seconds, Stopping threads took: 0.0000424 seconds
2020-02-10T11:23:17.792-0530: 145.809: Total time for which application threads were stopped: 0.0001055 seconds, Stopping threads took: 0.0000232 seconds
2020-02-10T11:23:17.792-0530: 145.809: Total time for which application threads were stopped: 0.0000713 seconds, Stopping threads took: 0.0000161 seconds
2020-02-10T11:23:18.795-0530: 146.812: Total time for which application threads were stopped: 0.0001270 seconds, Stopping threads took: 0.0000320 seconds
2020-02-10T11:23:20.061-0530: 148.078: Total time for which application threads were stopped: 0.0001471 seconds, Stopping threads took: 0.0000230 seconds
2020-02-10T11:23:20.083-0530: 148.100: Total time for which application threads were stopped: 0.0001162 seconds, Stopping threads took: 0.0000457 seconds
2020-02-10T11:23:20.083-0530: 148.100: Total time for which application threads were stopped: 0.0000790 seconds, Stopping threads took: 0.0000394 seconds
2020-02-10T11:23:20.083-0530: 148.100: Total time for which application threads were stopped: 0.0000609 seconds, Stopping threads took: 0.0000229 seconds
2020-02-10T11:23:21.087-0530: 149.104: Total time for which application threads were stopped: 0.0001154 seconds, Stopping threads took: 0.0000316 seconds
{Heap before GC invocations=26 (full 2):
 par new generation   total 109248K, used 95315K [0x00000007a0000000, 0x00000007a8000000, 0x00000007a8000000)
  eden space 87424K, 100% used [0x00000007a0000000, 0x00000007a5560000, 0x00000007a5560000)
  from space 21824K,  36% used [0x00000007a5560000, 0x00000007a5d14f98, 0x00000007a6ab0000)
  to   space 21824K,   0% used [0x00000007a6ab0000, 0x00000007a6ab0000, 0x00000007a8000000)
 concurrent mark-sweep generation total 393216K, used 19362K [0x00000007a8000000, 0x00000007c0000000, 0x00000007c0000000)
 Metaspace       used 43601K, capacity 44829K, committed 45120K, reserved 1089536K
  class space    used 5295K, capacity 5598K, committed 5696K, reserved 1048576K
2020-02-10T11:23:22.302-0530: 150.319: [GC (Allocation Failure) 2020-02-10T11:23:22.302-0530: 150.319: [ParNew
Desired survivor size 20112992 bytes, new threshold 8 (max 8)
- age   1:    1915088 bytes,    1915088 total
- age   2:      68456 bytes,    1983544 total
- age   3:      67320 bytes,    2050864 total
- age   4:    1386896 bytes,    3437760 total
- age   5:    2275840 bytes,    5713600 total
- age   6:       4896 bytes,    5718496 total
- age   7:       4544 bytes,    5723040 total
- age   8:       6256 bytes,    5729296 total
: 95315K->7126K(109248K), 0.0049542 secs] 114678K->26527K(502464K), 0.0050707 secs] [Times: user=0.02 sys=0.00, real=0.00 secs] 
Heap after GC invocations=27 (full 2):
 par new generation   total 109248K, used 7126K [0x00000007a0000000, 0x00000007a8000000, 0x00000007a8000000)
  eden space 87424K,   0% used [0x00000007a0000000, 0x00000007a0000000, 0x00000007a5560000)
  from space 21824K,  32% used [0x00000007a6ab0000, 0x00000007a71a59d0, 0x00000007a8000000)
  to   space 21824K,   0% used [0x00000007a5560000, 0x00000007a5560000, 0x00000007a6ab0000)
 concurrent mark-sweep generation total 393216K, used 19401K [0x00000007a8000000, 0x00000007c0000000, 0x00000007c0000000)
 Metaspace       used 43601K, capacity 44829K, committed 45120K, reserved 1089536K
  class space    used 5295K, capacity 5598K, committed 5696K, reserved 1048576K
}
2020-02-10T11:23:22.307-0530: 150.324: Total time for which application threads were stopped: 0.0052501 seconds, Stopping threads took: 0.0000248 seconds
2020-02-10T11:23:22.308-0530: 150.325: Total time for which application threads were stopped: 0.0000738 seconds, Stopping threads took: 0.0000216 seconds
2020-02-10T11:23:22.326-0530: 150.343: Total time for which application threads were stopped: 0.0001322 seconds, Stopping threads took: 0.0000710 seconds
2020-02-10T11:23:22.326-0530: 150.343: Total time for which application threads were stopped: 0.0000857 seconds, Stopping threads took: 0.0000426 seconds
2020-02-10T11:23:22.326-0530: 150.343: Total time for which application threads were stopped: 0.0000822 seconds, Stopping threads took: 0.0000308 seconds
2020-02-10T11:23:23.328-0530: 151.345: Total time for which application threads were stopped: 0.0001010 seconds, Stopping threads took: 0.0000301 seconds
2020-02-10T11:23:24.480-0530: 152.497: Total time for which application threads were stopped: 0.0001004 seconds, Stopping threads took: 0.0000244 seconds
2020-02-10T11:23:24.494-0530: 152.511: Total time for which application threads were stopped: 0.0001203 seconds, Stopping threads took: 0.0000252 seconds
2020-02-10T11:23:24.496-0530: 152.513: Total time for which application threads were stopped: 0.0001233 seconds, Stopping threads took: 0.0000505 seconds
2020-02-10T11:23:24.500-0530: 152.516: Total time for which application threads were stopped: 0.0001588 seconds, Stopping threads took: 0.0000950 seconds
2020-02-10T11:23:24.500-0530: 152.517: Total time for which application threads were stopped: 0.0001354 seconds, Stopping threads took: 0.0000729 seconds
2020-02-10T11:23:24.501-0530: 152.517: Total time for which application threads were stopped: 0.0001511 seconds, Stopping threads took: 0.0001084 seconds
{Heap before GC invocations=27 (full 2):
 par new generation   total 109248K, used 94550K [0x00000007a0000000, 0x00000007a8000000, 0x00000007a8000000)
  eden space 87424K, 100% used [0x00000007a0000000, 0x00000007a5560000, 0x00000007a5560000)
  from space 21824K,  32% used [0x00000007a6ab0000, 0x00000007a71a59d0, 0x00000007a8000000)
  to   space 21824K,   0% used [0x00000007a5560000, 0x00000007a5560000, 0x00000007a6ab0000)
 concurrent mark-sweep generation total 393216K, used 19401K [0x00000007a8000000, 0x00000007c0000000, 0x00000007c0000000)
 Metaspace       used 43616K, capacity 44895K, committed 45120K, reserved 1089536K
  class space    used 5296K, capacity 5599K, committed 5696K, reserved 1048576K
2020-02-10T11:23:24.678-0530: 152.695: [GC (Allocation Failure) 2020-02-10T11:23:24.678-0530: 152.695: [ParNew
Desired survivor size 20112992 bytes, new threshold 8 (max 8)
- age   1:     570728 bytes,     570728 total
- age   2:     185032 bytes,     755760 total
- age   3:      67064 bytes,     822824 total
- age   4:      67320 bytes,     890144 total
- age   5:    1386824 bytes,    2276968 total
- age   6:    2275840 bytes,    4552808 total
- age   7:       4896 bytes,    4557704 total
- age   8:       4544 bytes,    4562248 total
: 94550K->8729K(109248K), 0.0150062 secs] 113951K->28136K(502464K), 0.0151715 secs] [Times: user=0.02 sys=0.00, real=0.02 secs] 
Heap after GC invocations=28 (full 2):
 par new generation   total 109248K, used 8729K [0x00000007a0000000, 0x00000007a8000000, 0x00000007a8000000)
  eden space 87424K,   0% used [0x00000007a0000000, 0x00000007a0000000, 0x00000007a5560000)
  from space 21824K,  39% used [0x00000007a5560000, 0x00000007a5de64e0, 0x00000007a6ab0000)
  to   space 21824K,   0% used [0x00000007a6ab0000, 0x00000007a6ab0000, 0x00000007a8000000)
 concurrent mark-sweep generation total 393216K, used 19407K [0x00000007a8000000, 0x00000007c0000000, 0x00000007c0000000)
 Metaspace       used 43616K, capacity 44895K, committed 45120K, reserved 1089536K
  class space    used 5296K, capacity 5599K, committed 5696K, reserved 1048576K
}
2020-02-10T11:23:24.693-0530: 152.710: Total time for which application threads were stopped: 0.0155690 seconds, Stopping threads took: 0.0000590 seconds
{Heap before GC invocations=28 (full 2):
 par new generation   total 109248K, used 96153K [0x00000007a0000000, 0x00000007a8000000, 0x00000007a8000000)
  eden space 87424K, 100% used [0x00000007a0000000, 0x00000007a5560000, 0x00000007a5560000)
  from space 21824K,  39% used [0x00000007a5560000, 0x00000007a5de64e0, 0x00000007a6ab0000)
  to   space 21824K,   0% used [0x00000007a6ab0000, 0x00000007a6ab0000, 0x00000007a8000000)
 concurrent mark-sweep generation total 393216K, used 19407K [0x00000007a8000000, 0x00000007c0000000, 0x00000007c0000000)
 Metaspace       used 43619K, capacity 44895K, committed 45120K, reserved 1089536K
  class space    used 5296K, capacity 5599K, committed 5696K, reserved 1048576K
2020-02-10T11:23:25.012-0530: 153.029: [GC (Allocation Failure) 2020-02-10T11:23:25.012-0530: 153.029: [ParNew
Desired survivor size 20112992 bytes, new threshold 8 (max 8)
- age   1:     123912 bytes,     123912 total
- age   2:     478472 bytes,     602384 total
- age   3:     184120 bytes,     786504 total
- age   4:      67064 bytes,     853568 total
- age   5:      67320 bytes,     920888 total
- age   6:    1386824 bytes,    2307712 total
- age   7:    2275840 bytes,    4583552 total
- age   8:       4896 bytes,    4588448 total
: 96153K->5726K(109248K), 0.0038893 secs] 115560K->25138K(502464K), 0.0040140 secs] [Times: user=0.01 sys=0.00, real=0.00 secs] 
Heap after GC invocations=29 (full 2):
 par new generation   total 109248K, used 5726K [0x00000007a0000000, 0x00000007a8000000, 0x00000007a8000000)
  eden space 87424K,   0% used [0x00000007a0000000, 0x00000007a0000000, 0x00000007a5560000)
  from space 21824K,  26% used [0x00000007a6ab0000, 0x00000007a70478c0, 0x00000007a8000000)
  to   space 21824K,   0% used [0x00000007a5560000, 0x00000007a5560000, 0x00000007a6ab0000)
 concurrent mark-sweep generation total 393216K, used 19412K [0x00000007a8000000, 0x00000007c0000000, 0x00000007c0000000)
 Metaspace       used 43619K, capacity 44895K, committed 45120K, reserved 1089536K
  class space    used 5296K, capacity 5599K, committed 5696K, reserved 1048576K
}
2020-02-10T11:23:25.016-0530: 153.033: Total time for which application threads were stopped: 0.0042420 seconds, Stopping threads took: 0.0000231 seconds
2020-02-10T11:23:25.088-0530: 153.105: Total time for which application threads were stopped: 0.0001717 seconds, Stopping threads took: 0.0000758 seconds
2020-02-10T11:23:26.089-0530: 154.105: Total time for which application threads were stopped: 0.0001630 seconds, Stopping threads took: 0.0000257 seconds
2020-02-10T11:23:27.226-0530: 155.243: Total time for which application threads were stopped: 0.0001717 seconds, Stopping threads took: 0.0000293 seconds
2020-02-10T11:23:27.240-0530: 155.257: Total time for which application threads were stopped: 0.0001390 seconds, Stopping threads took: 0.0000518 seconds
2020-02-10T11:23:27.241-0530: 155.257: Total time for which application threads were stopped: 0.0000780 seconds, Stopping threads took: 0.0000163 seconds
2020-02-10T11:23:27.241-0530: 155.257: Total time for which application threads were stopped: 0.0000962 seconds, Stopping threads took: 0.0000335 seconds
2020-02-10T11:23:27.243-0530: 155.259: Total time for which application threads were stopped: 0.0001002 seconds, Stopping threads took: 0.0000258 seconds
2020-02-10T11:23:27.243-0530: 155.260: Total time for which application threads were stopped: 0.0001168 seconds, Stopping threads took: 0.0000170 seconds
2020-02-10T11:23:27.245-0530: 155.261: Total time for which application threads were stopped: 0.0001144 seconds, Stopping threads took: 0.0000391 seconds
2020-02-10T11:23:27.247-0530: 155.263: Total time for which application threads were stopped: 0.0001684 seconds, Stopping threads took: 0.0000436 seconds
2020-02-10T11:23:27.247-0530: 155.264: Total time for which application threads were stopped: 0.0001158 seconds, Stopping threads took: 0.0000245 seconds
2020-02-10T11:23:27.247-0530: 155.264: Total time for which application threads were stopped: 0.0001117 seconds, Stopping threads took: 0.0000503 seconds
2020-02-10T11:23:27.248-0530: 155.264: Total time for which application threads were stopped: 0.0001265 seconds, Stopping threads took: 0.0000535 seconds
2020-02-10T11:23:27.248-0530: 155.265: Total time for which application threads were stopped: 0.0002115 seconds, Stopping threads took: 0.0000529 seconds
2020-02-10T11:23:27.249-0530: 155.265: Total time for which application threads were stopped: 0.0000774 seconds, Stopping threads took: 0.0000150 seconds
2020-02-10T11:23:27.249-0530: 155.266: Total time for which application threads were stopped: 0.0000563 seconds, Stopping threads took: 0.0000135 seconds
2020-02-10T11:23:27.249-0530: 155.266: Total time for which application threads were stopped: 0.0000768 seconds, Stopping threads took: 0.0000197 seconds
2020-02-10T11:23:27.250-0530: 155.266: Total time for which application threads were stopped: 0.0000833 seconds, Stopping threads took: 0.0000370 seconds
2020-02-10T11:23:27.250-0530: 155.267: Total time for which application threads were stopped: 0.0001232 seconds, Stopping threads took: 0.0000612 seconds
2020-02-10T11:23:27.250-0530: 155.267: Total time for which application threads were stopped: 0.0000668 seconds, Stopping threads took: 0.0000287 seconds
2020-02-10T11:23:28.251-0530: 156.268: Total time for which application threads were stopped: 0.0000861 seconds, Stopping threads took: 0.0000309 seconds
{Heap before GC invocations=29 (full 2):
 par new generation   total 109248K, used 93150K [0x00000007a0000000, 0x00000007a8000000, 0x00000007a8000000)
  eden space 87424K, 100% used [0x00000007a0000000, 0x00000007a5560000, 0x00000007a5560000)
  from space 21824K,  26% used [0x00000007a6ab0000, 0x00000007a70478c0, 0x00000007a8000000)
  to   space 21824K,   0% used [0x00000007a5560000, 0x00000007a5560000, 0x00000007a6ab0000)
 concurrent mark-sweep generation total 393216K, used 19412K [0x00000007a8000000, 0x00000007c0000000, 0x00000007c0000000)
 Metaspace       used 43664K, capacity 44959K, committed 45120K, reserved 1089536K
  class space    used 5296K, capacity 5599K, committed 5696K, reserved 1048576K
2020-02-10T11:23:29.593-0530: 157.610: [GC (Allocation Failure) 2020-02-10T11:23:29.594-0530: 157.610: [ParNew
Desired survivor size 20112992 bytes, new threshold 8 (max 8)
- age   1:    1808240 bytes,    1808240 total
- age   3:      73216 bytes,    1881456 total
- age   4:      52880 bytes,    1934336 total
- age   5:       6280 bytes,    1940616 total
- age   6:       5040 bytes,    1945656 total
- age   7:       2992 bytes,    1948648 total
- age   8:        744 bytes,    1949392 total
: 93150K->4851K(109248K), 0.0038206 secs] 112562K->24268K(502464K), 0.0039140 secs] [Times: user=0.01 sys=0.00, real=0.00 secs] 
Heap after GC invocations=30 (full 2):
 par new generation   total 109248K, used 4851K [0x00000007a0000000, 0x00000007a8000000, 0x00000007a8000000)
  eden space 87424K,   0% used [0x00000007a0000000, 0x00000007a0000000, 0x00000007a5560000)
  from space 21824K,  22% used [0x00000007a5560000, 0x00000007a5a1cda0, 0x00000007a6ab0000)
  to   space 21824K,   0% used [0x00000007a6ab0000, 0x00000007a6ab0000, 0x00000007a8000000)
 concurrent mark-sweep generation total 393216K, used 19416K [0x00000007a8000000, 0x00000007c0000000, 0x00000007c0000000)
 Metaspace       used 43664K, capacity 44959K, committed 45120K, reserved 1089536K
  class space    used 5296K, capacity 5599K, committed 5696K, reserved 1048576K
}
2020-02-10T11:23:29.597-0530: 157.614: Total time for which application threads were stopped: 0.0040987 seconds, Stopping threads took: 0.0000226 seconds
2020-02-10T11:23:29.631-0530: 157.648: Total time for which application threads were stopped: 0.0001320 seconds, Stopping threads took: 0.0000452 seconds
2020-02-10T11:23:29.644-0530: 157.661: Total time for which application threads were stopped: 0.0001623 seconds, Stopping threads took: 0.0000478 seconds
2020-02-10T11:23:29.644-0530: 157.661: Total time for which application threads were stopped: 0.0001058 seconds, Stopping threads took: 0.0000394 seconds
2020-02-10T11:23:29.645-0530: 157.661: Total time for which application threads were stopped: 0.0001088 seconds, Stopping threads took: 0.0000506 seconds
2020-02-10T11:23:30.646-0530: 158.662: Total time for which application threads were stopped: 0.0000984 seconds, Stopping threads took: 0.0000291 seconds
2020-02-10T11:23:31.877-0530: 159.893: Total time for which application threads were stopped: 0.0000965 seconds, Stopping threads took: 0.0000223 seconds
2020-02-10T11:23:31.887-0530: 159.903: Total time for which application threads were stopped: 0.0001530 seconds, Stopping threads took: 0.0000970 seconds
2020-02-10T11:23:31.887-0530: 159.904: Total time for which application threads were stopped: 0.0000948 seconds, Stopping threads took: 0.0000437 seconds
2020-02-10T11:23:31.887-0530: 159.904: Total time for which application threads were stopped: 0.0000647 seconds, Stopping threads took: 0.0000292 seconds
2020-02-10T11:23:32.891-0530: 160.907: Total time for which application threads were stopped: 0.0000990 seconds, Stopping threads took: 0.0000307 seconds
{Heap before GC invocations=30 (full 2):
 par new generation   total 109248K, used 92275K [0x00000007a0000000, 0x00000007a8000000, 0x00000007a8000000)
  eden space 87424K, 100% used [0x00000007a0000000, 0x00000007a5560000, 0x00000007a5560000)
  from space 21824K,  22% used [0x00000007a5560000, 0x00000007a5a1cda0, 0x00000007a6ab0000)
  to   space 21824K,   0% used [0x00000007a6ab0000, 0x00000007a6ab0000, 0x00000007a8000000)
 concurrent mark-sweep generation total 393216K, used 19416K [0x00000007a8000000, 0x00000007c0000000, 0x00000007c0000000)
 Metaspace       used 43690K, capacity 44959K, committed 45120K, reserved 1089536K
  class space    used 5296K, capacity 5599K, committed 5696K, reserved 1048576K
2020-02-10T11:23:33.998-0530: 162.015: [GC (Allocation Failure) 2020-02-10T11:23:33.998-0530: 162.015: [ParNew
Desired survivor size 20112992 bytes, new threshold 8 (max 8)
- age   1:    1779968 bytes,    1779968 total
- age   2:     105520 bytes,    1885488 total
- age   4:       3400 bytes,    1888888 total
- age   5:      52880 bytes,    1941768 total
- age   6:       6136 bytes,    1947904 total
- age   7:       5040 bytes,    1952944 total
- age   8:       2992 bytes,    1955936 total
: 92275K->2639K(109248K), 0.0042440 secs] 111692K->22057K(502464K), 0.0043801 secs] [Times: user=0.02 sys=0.00, real=0.01 secs] 
Heap after GC invocations=31 (full 2):
 par new generation   total 109248K, used 2639K [0x00000007a0000000, 0x00000007a8000000, 0x00000007a8000000)
  eden space 87424K,   0% used [0x00000007a0000000, 0x00000007a0000000, 0x00000007a5560000)
  from space 21824K,  12% used [0x00000007a6ab0000, 0x00000007a6d43ef0, 0x00000007a8000000)
  to   space 21824K,   0% used [0x00000007a5560000, 0x00000007a5560000, 0x00000007a6ab0000)
 concurrent mark-sweep generation total 393216K, used 19417K [0x00000007a8000000, 0x00000007c0000000, 0x00000007c0000000)
 Metaspace       used 43690K, capacity 44959K, committed 45120K, reserved 1089536K
  class space    used 5296K, capacity 5599K, committed 5696K, reserved 1048576K
}
2020-02-10T11:23:34.003-0530: 162.019: Total time for which application threads were stopped: 0.0046061 seconds, Stopping threads took: 0.0000294 seconds
2020-02-10T11:23:34.009-0530: 162.026: Total time for which application threads were stopped: 0.0000804 seconds, Stopping threads took: 0.0000217 seconds
2020-02-10T11:23:34.024-0530: 162.040: Total time for which application threads were stopped: 0.0001308 seconds, Stopping threads took: 0.0000538 seconds
2020-02-10T11:23:34.024-0530: 162.040: Total time for which application threads were stopped: 0.0000660 seconds, Stopping threads took: 0.0000115 seconds
2020-02-10T11:23:34.024-0530: 162.040: Total time for which application threads were stopped: 0.0000825 seconds, Stopping threads took: 0.0000258 seconds
2020-02-10T11:23:35.024-0530: 163.041: Total time for which application threads were stopped: 0.0000726 seconds, Stopping threads took: 0.0000241 seconds
2020-02-10T11:23:36.324-0530: 164.341: Total time for which application threads were stopped: 0.0000860 seconds, Stopping threads took: 0.0000224 seconds
2020-02-10T11:23:36.336-0530: 164.353: Total time for which application threads were stopped: 0.0001454 seconds, Stopping threads took: 0.0000601 seconds
2020-02-10T11:23:36.336-0530: 164.353: Total time for which application threads were stopped: 0.0000804 seconds, Stopping threads took: 0.0000143 seconds
2020-02-10T11:23:36.337-0530: 164.353: Total time for which application threads were stopped: 0.0000891 seconds, Stopping threads took: 0.0000257 seconds
2020-02-10T11:23:38.572-0530: 166.588: Total time for which application threads were stopped: 0.0000947 seconds, Stopping threads took: 0.0000349 seconds
2020-02-10T11:23:38.589-0530: 166.605: Total time for which application threads were stopped: 0.0001193 seconds, Stopping threads took: 0.0000475 seconds
2020-02-10T11:23:38.589-0530: 166.605: Total time for which application threads were stopped: 0.0000645 seconds, Stopping threads took: 0.0000230 seconds
2020-02-10T11:23:38.592-0530: 166.608: Total time for which application threads were stopped: 0.0000981 seconds, Stopping threads took: 0.0000250 seconds
{Heap before GC invocations=31 (full 2):
 par new generation   total 109248K, used 90063K [0x00000007a0000000, 0x00000007a8000000, 0x00000007a8000000)
  eden space 87424K, 100% used [0x00000007a0000000, 0x00000007a5560000, 0x00000007a5560000)
  from space 21824K,  12% used [0x00000007a6ab0000, 0x00000007a6d43ef0, 0x00000007a8000000)
  to   space 21824K,   0% used [0x00000007a5560000, 0x00000007a5560000, 0x00000007a6ab0000)
 concurrent mark-sweep generation total 393216K, used 19417K [0x00000007a8000000, 0x00000007c0000000, 0x00000007c0000000)
 Metaspace       used 43719K, capacity 44967K, committed 45120K, reserved 1089536K
  class space    used 5296K, capacity 5599K, committed 5696K, reserved 1048576K
2020-02-10T11:23:40.772-0530: 168.788: [GC (Allocation Failure) 2020-02-10T11:23:40.772-0530: 168.788: [ParNew
Desired survivor size 20112992 bytes, new threshold 8 (max 8)
- age   1:    1159832 bytes,    1159832 total
- age   2:      65032 bytes,    1224864 total
- age   3:     103608 bytes,    1328472 total
- age   5:       3328 bytes,    1331800 total
- age   6:      52736 bytes,    1384536 total
- age   7:       6136 bytes,    1390672 total
- age   8:       5040 bytes,    1395712 total
: 90063K->1814K(109248K), 0.0039955 secs] 109481K->21235K(502464K), 0.0041221 secs] [Times: user=0.01 sys=0.00, real=0.00 secs] 
Heap after GC invocations=32 (full 2):
 par new generation   total 109248K, used 1814K [0x00000007a0000000, 0x00000007a8000000, 0x00000007a8000000)
  eden space 87424K,   0% used [0x00000007a0000000, 0x00000007a0000000, 0x00000007a5560000)
  from space 21824K,   8% used [0x00000007a5560000, 0x00000007a5725ba8, 0x00000007a6ab0000)
  to   space 21824K,   0% used [0x00000007a6ab0000, 0x00000007a6ab0000, 0x00000007a8000000)
 concurrent mark-sweep generation total 393216K, used 19420K [0x00000007a8000000, 0x00000007c0000000, 0x00000007c0000000)
 Metaspace       used 43719K, capacity 44967K, committed 45120K, reserved 1089536K
  class space    used 5296K, capacity 5599K, committed 5696K, reserved 1048576K
}
2020-02-10T11:23:40.776-0530: 168.792: Total time for which application threads were stopped: 0.0043159 seconds, Stopping threads took: 0.0000217 seconds
2020-02-10T11:23:40.834-0530: 168.850: Total time for which application threads were stopped: 0.0001176 seconds, Stopping threads took: 0.0000240 seconds
2020-02-10T11:23:40.849-0530: 168.866: Total time for which application threads were stopped: 0.0000953 seconds, Stopping threads took: 0.0000206 seconds
2020-02-10T11:23:40.849-0530: 168.866: Total time for which application threads were stopped: 0.0000529 seconds, Stopping threads took: 0.0000106 seconds
2020-02-10T11:23:40.849-0530: 168.866: Total time for which application threads were stopped: 0.0000567 seconds, Stopping threads took: 0.0000090 seconds
2020-02-10T11:23:40.851-0530: 168.867: Total time for which application threads were stopped: 0.0001146 seconds, Stopping threads took: 0.0000435 seconds
2020-02-10T11:23:40.851-0530: 168.867: Total time for which application threads were stopped: 0.0001027 seconds, Stopping threads took: 0.0000578 seconds
2020-02-10T11:23:40.851-0530: 168.868: Total time for which application threads were stopped: 0.0000598 seconds, Stopping threads took: 0.0000230 seconds
2020-02-10T11:23:43.054-0530: 171.071: Total time for which application threads were stopped: 0.0001022 seconds, Stopping threads took: 0.0000226 seconds
2020-02-10T11:23:43.073-0530: 171.089: Total time for which application threads were stopped: 0.0000949 seconds, Stopping threads took: 0.0000219 seconds
2020-02-10T11:23:43.073-0530: 171.089: Total time for which application threads were stopped: 0.0000769 seconds, Stopping threads took: 0.0000133 seconds
2020-02-10T11:23:43.073-0530: 171.089: Total time for which application threads were stopped: 0.0000557 seconds, Stopping threads took: 0.0000095 seconds
2020-02-10T11:23:44.074-0530: 172.090: Total time for which application threads were stopped: 0.0001028 seconds, Stopping threads took: 0.0000355 seconds
{Heap before GC invocations=32 (full 2):
 par new generation   total 109248K, used 89238K [0x00000007a0000000, 0x00000007a8000000, 0x00000007a8000000)
  eden space 87424K, 100% used [0x00000007a0000000, 0x00000007a5560000, 0x00000007a5560000)
  from space 21824K,   8% used [0x00000007a5560000, 0x00000007a5725ba8, 0x00000007a6ab0000)
  to   space 21824K,   0% used [0x00000007a6ab0000, 0x00000007a6ab0000, 0x00000007a8000000)
 concurrent mark-sweep generation total 393216K, used 19420K [0x00000007a8000000, 0x00000007c0000000, 0x00000007c0000000)
 Metaspace       used 43738K, capacity 45031K, committed 45376K, reserved 1089536K
  class space    used 5296K, capacity 5599K, committed 5696K, reserved 1048576K
2020-02-10T11:23:45.209-0530: 173.225: [GC (Allocation Failure) 2020-02-10T11:23:45.209-0530: 173.225: [ParNew
Desired survivor size 20112992 bytes, new threshold 8 (max 8)
- age   1:    1785504 bytes,    1785504 total
- age   2:     167016 bytes,    1952520 total
- age   3:      63800 bytes,    2016320 total
- age   4:     103464 bytes,    2119784 total
- age   6:       3328 bytes,    2123112 total
- age   7:      52736 bytes,    2175848 total
- age   8:       6136 bytes,    2181984 total
: 89238K->2502K(109248K), 0.0043627 secs] 108659K->21927K(502464K), 0.0044730 secs] [Times: user=0.02 sys=0.00, real=0.01 secs] 
Heap after GC invocations=33 (full 2):
 par new generation   total 109248K, used 2502K [0x00000007a0000000, 0x00000007a8000000, 0x00000007a8000000)
  eden space 87424K,   0% used [0x00000007a0000000, 0x00000007a0000000, 0x00000007a5560000)
  from space 21824K,  11% used [0x00000007a6ab0000, 0x00000007a6d218d8, 0x00000007a8000000)
  to   space 21824K,   0% used [0x00000007a5560000, 0x00000007a5560000, 0x00000007a6ab0000)
 concurrent mark-sweep generation total 393216K, used 19425K [0x00000007a8000000, 0x00000007c0000000, 0x00000007c0000000)
 Metaspace       used 43738K, capacity 45031K, committed 45376K, reserved 1089536K
  class space    used 5296K, capacity 5599K, committed 5696K, reserved 1048576K
}
2020-02-10T11:23:45.213-0530: 173.229: Total time for which application threads were stopped: 0.0046405 seconds, Stopping threads took: 0.0000225 seconds
2020-02-10T11:23:45.261-0530: 173.278: Total time for which application threads were stopped: 0.0001283 seconds, Stopping threads took: 0.0000442 seconds
2020-02-10T11:23:45.281-0530: 173.298: Total time for which application threads were stopped: 0.0025572 seconds, Stopping threads took: 0.0024391 seconds
2020-02-10T11:23:45.290-0530: 173.306: Total time for which application threads were stopped: 0.0001985 seconds, Stopping threads took: 0.0000552 seconds
2020-02-10T11:23:45.294-0530: 173.310: Total time for which application threads were stopped: 0.0001397 seconds, Stopping threads took: 0.0000257 seconds
2020-02-10T11:23:45.296-0530: 173.312: Total time for which application threads were stopped: 0.0001314 seconds, Stopping threads took: 0.0000470 seconds
2020-02-10T11:23:45.296-0530: 173.312: Total time for which application threads were stopped: 0.0000988 seconds, Stopping threads took: 0.0000272 seconds
{Heap before GC invocations=33 (full 2):
 par new generation   total 109248K, used 89926K [0x00000007a0000000, 0x00000007a8000000, 0x00000007a8000000)
  eden space 87424K, 100% used [0x00000007a0000000, 0x00000007a5560000, 0x00000007a5560000)
  from space 21824K,  11% used [0x00000007a6ab0000, 0x00000007a6d218d8, 0x00000007a8000000)
  to   space 21824K,   0% used [0x00000007a5560000, 0x00000007a5560000, 0x00000007a6ab0000)
 concurrent mark-sweep generation total 393216K, used 19425K [0x00000007a8000000, 0x00000007c0000000, 0x00000007c0000000)
 Metaspace       used 43760K, capacity 45095K, committed 45376K, reserved 1089536K
  class space    used 5296K, capacity 5599K, committed 5696K, reserved 1048576K
2020-02-10T11:23:45.464-0530: 173.480: [GC (Allocation Failure) 2020-02-10T11:23:45.464-0530: 173.480: [ParNew
Desired survivor size 20112992 bytes, new threshold 8 (max 8)
- age   1:     513024 bytes,     513024 total
- age   2:     203792 bytes,     716816 total
- age   3:      97784 bytes,     814600 total
- age   4:      63800 bytes,     878400 total
- age   5:     103464 bytes,     981864 total
- age   7:       3328 bytes,     985192 total
- age   8:      52736 bytes,    1037928 total
: 89926K->2072K(109248K), 0.0085129 secs] 109351K->21504K(502464K), 0.0086585 secs] [Times: user=0.02 sys=0.00, real=0.01 secs] 
Heap after GC invocations=34 (full 2):
 par new generation   total 109248K, used 2072K [0x00000007a0000000, 0x00000007a8000000, 0x00000007a8000000)
  eden space 87424K,   0% used [0x00000007a0000000, 0x00000007a0000000, 0x00000007a5560000)
  from space 21824K,   9% used [0x00000007a5560000, 0x00000007a5766340, 0x00000007a6ab0000)
  to   space 21824K,   0% used [0x00000007a6ab0000, 0x00000007a6ab0000, 0x00000007a8000000)
 concurrent mark-sweep generation total 393216K, used 19431K [0x00000007a8000000, 0x00000007c0000000, 0x00000007c0000000)
 Metaspace       used 43760K, capacity 45095K, committed 45376K, reserved 1089536K
  class space    used 5296K, capacity 5599K, committed 5696K, reserved 1048576K
}
2020-02-10T11:23:45.472-0530: 173.488: Total time for which application threads were stopped: 0.0089599 seconds, Stopping threads took: 0.0000523 seconds
{Heap before GC invocations=34 (full 2):
 par new generation   total 109248K, used 89496K [0x00000007a0000000, 0x00000007a8000000, 0x00000007a8000000)
  eden space 87424K, 100% used [0x00000007a0000000, 0x00000007a5560000, 0x00000007a5560000)
  from space 21824K,   9% used [0x00000007a5560000, 0x00000007a5766340, 0x00000007a6ab0000)
  to   space 21824K,   0% used [0x00000007a6ab0000, 0x00000007a6ab0000, 0x00000007a8000000)
 concurrent mark-sweep generation total 393216K, used 19431K [0x00000007a8000000, 0x00000007c0000000, 0x00000007c0000000)
 Metaspace       used 43761K, capacity 45095K, committed 45376K, reserved 1089536K
  class space    used 5296K, capacity 5599K, committed 5696K, reserved 1048576K
2020-02-10T11:23:45.727-0530: 173.743: [GC (Allocation Failure) 2020-02-10T11:23:45.727-0530: 173.743: [ParNew
Desired survivor size 20112992 bytes, new threshold 8 (max 8)
- age   1:     144312 bytes,     144312 total
- age   2:     380200 bytes,     524512 total
- age   3:     202880 bytes,     727392 total
- age   4:      97784 bytes,     825176 total
- age   5:      63800 bytes,     888976 total
- age   6:     103464 bytes,     992440 total
- age   8:       3328 bytes,     995768 total
: 89496K->1462K(109248K), 0.0033307 secs] 108928K->20945K(502464K), 0.0034217 secs] [Times: user=0.01 sys=0.00, real=0.01 secs] 
Heap after GC invocations=35 (full 2):
 par new generation   total 109248K, used 1462K [0x00000007a0000000, 0x00000007a8000000, 0x00000007a8000000)
  eden space 87424K,   0% used [0x00000007a0000000, 0x00000007a0000000, 0x00000007a5560000)
  from space 21824K,   6% used [0x00000007a6ab0000, 0x00000007a6c1d998, 0x00000007a8000000)
  to   space 21824K,   0% used [0x00000007a5560000, 0x00000007a5560000, 0x00000007a6ab0000)
 concurrent mark-sweep generation total 393216K, used 19482K [0x00000007a8000000, 0x00000007c0000000, 0x00000007c0000000)
 Metaspace       used 43761K, capacity 45095K, committed 45376K, reserved 1089536K
  class space    used 5296K, capacity 5599K, committed 5696K, reserved 1048576K
}
2020-02-10T11:23:45.730-0530: 173.746: Total time for which application threads were stopped: 0.0036471 seconds, Stopping threads took: 0.0000372 seconds
2020-02-10T11:23:45.903-0530: 173.919: Total time for which application threads were stopped: 0.0004284 seconds, Stopping threads took: 0.0000234 seconds
2020-02-10T11:23:46.907-0530: 174.923: Total time for which application threads were stopped: 0.0001963 seconds, Stopping threads took: 0.0000315 seconds
2020-02-10T11:23:47.813-0530: 175.829: Total time for which application threads were stopped: 0.0002026 seconds, Stopping threads took: 0.0000201 seconds
2020-02-10T11:23:47.826-0530: 175.842: Total time for which application threads were stopped: 0.0001723 seconds, Stopping threads took: 0.0000461 seconds
2020-02-10T11:23:47.827-0530: 175.843: Total time for which application threads were stopped: 0.0000936 seconds, Stopping threads took: 0.0000298 seconds
2020-02-10T11:23:47.827-0530: 175.843: Total time for which application threads were stopped: 0.0000832 seconds, Stopping threads took: 0.0000282 seconds
2020-02-10T11:23:47.829-0530: 175.845: Total time for which application threads were stopped: 0.0000822 seconds, Stopping threads took: 0.0000235 seconds
2020-02-10T11:23:47.830-0530: 175.846: Total time for which application threads were stopped: 0.0000811 seconds, Stopping threads took: 0.0000172 seconds
2020-02-10T11:23:47.830-0530: 175.846: Total time for which application threads were stopped: 0.0000871 seconds, Stopping threads took: 0.0000175 seconds
2020-02-10T11:23:47.830-0530: 175.846: Total time for which application threads were stopped: 0.0000946 seconds, Stopping threads took: 0.0000310 seconds
2020-02-10T11:23:47.831-0530: 175.847: Total time for which application threads were stopped: 0.0000652 seconds, Stopping threads took: 0.0000227 seconds
2020-02-10T11:23:47.831-0530: 175.847: Total time for which application threads were stopped: 0.0001091 seconds, Stopping threads took: 0.0000346 seconds
2020-02-10T11:23:47.831-0530: 175.847: Total time for which application threads were stopped: 0.0000717 seconds, Stopping threads took: 0.0000111 seconds
2020-02-10T11:23:47.831-0530: 175.847: Total time for which application threads were stopped: 0.0000683 seconds, Stopping threads took: 0.0000255 seconds
2020-02-10T11:23:47.832-0530: 175.848: Total time for which application threads were stopped: 0.0000889 seconds, Stopping threads took: 0.0000301 seconds
2020-02-10T11:23:47.832-0530: 175.848: Total time for which application threads were stopped: 0.0001216 seconds, Stopping threads took: 0.0000402 seconds
2020-02-10T11:23:47.832-0530: 175.848: Total time for which application threads were stopped: 0.0000642 seconds, Stopping threads took: 0.0000234 seconds
2020-02-10T11:23:47.832-0530: 175.848: Total time for which application threads were stopped: 0.0000872 seconds, Stopping threads took: 0.0000332 seconds
2020-02-10T11:23:47.833-0530: 175.849: Total time for which application threads were stopped: 0.0000823 seconds, Stopping threads took: 0.0000256 seconds
2020-02-10T11:23:47.833-0530: 175.849: Total time for which application threads were stopped: 0.0001119 seconds, Stopping threads took: 0.0000315 seconds
2020-02-10T11:23:47.833-0530: 175.849: Total time for which application threads were stopped: 0.0001902 seconds, Stopping threads took: 0.0000130 seconds
2020-02-10T11:23:48.837-0530: 176.853: Total time for which application threads were stopped: 0.0000934 seconds, Stopping threads took: 0.0000239 seconds
{Heap before GC invocations=35 (full 2):
 par new generation   total 109248K, used 88886K [0x00000007a0000000, 0x00000007a8000000, 0x00000007a8000000)
  eden space 87424K, 100% used [0x00000007a0000000, 0x00000007a5560000, 0x00000007a5560000)
  from space 21824K,   6% used [0x00000007a6ab0000, 0x00000007a6c1d998, 0x00000007a8000000)
  to   space 21824K,   0% used [0x00000007a5560000, 0x00000007a5560000, 0x00000007a6ab0000)
 concurrent mark-sweep generation total 393216K, used 19482K [0x00000007a8000000, 0x00000007c0000000, 0x00000007c0000000)
 Metaspace       used 43785K, capacity 45095K, committed 45376K, reserved 1089536K
  class space    used 5296K, capacity 5599K, committed 5696K, reserved 1048576K
2020-02-10T11:23:50.046-0530: 178.062: [GC (Allocation Failure) 2020-02-10T11:23:50.046-0530: 178.062: [ParNew
Desired survivor size 20112992 bytes, new threshold 8 (max 8)
- age   1:     762200 bytes,     762200 total
- age   3:       4248 bytes,     766448 total
- age   4:      70648 bytes,     837096 total
- age   5:       5192 bytes,     842288 total
- age   6:       2760 bytes,     845048 total
- age   7:       2280 bytes,     847328 total
: 88886K->1050K(109248K), 0.0031939 secs] 108369K->20535K(502464K), 0.0033052 secs] [Times: user=0.01 sys=0.00, real=0.00 secs] 
Heap after GC invocations=36 (full 2):
 par new generation   total 109248K, used 1050K [0x00000007a0000000, 0x00000007a8000000, 0x00000007a8000000)
  eden space 87424K,   0% used [0x00000007a0000000, 0x00000007a0000000, 0x00000007a5560000)
  from space 21824K,   4% used [0x00000007a5560000, 0x00000007a5666a20, 0x00000007a6ab0000)
  to   space 21824K,   0% used [0x00000007a6ab0000, 0x00000007a6ab0000, 0x00000007a8000000)
 concurrent mark-sweep generation total 393216K, used 19484K [0x00000007a8000000, 0x00000007c0000000, 0x00000007c0000000)
 Metaspace       used 43785K, capacity 45095K, committed 45376K, reserved 1089536K
  class space    used 5296K, capacity 5599K, committed 5696K, reserved 1048576K
}
2020-02-10T11:23:50.049-0530: 178.065: Total time for which application threads were stopped: 0.0034816 seconds, Stopping threads took: 0.0000289 seconds
2020-02-10T11:23:50.120-0530: 178.136: Total time for which application threads were stopped: 0.0000978 seconds, Stopping threads took: 0.0000218 seconds
2020-02-10T11:23:50.129-0530: 178.145: Total time for which application threads were stopped: 0.0000992 seconds, Stopping threads took: 0.0000333 seconds
2020-02-10T11:23:50.129-0530: 178.145: Total time for which application threads were stopped: 0.0000901 seconds, Stopping threads took: 0.0000420 seconds
2020-02-10T11:23:50.129-0530: 178.145: Total time for which application threads were stopped: 0.0000944 seconds, Stopping threads took: 0.0000470 seconds
2020-02-10T11:23:52.362-0530: 180.378: Total time for which application threads were stopped: 0.0001539 seconds, Stopping threads took: 0.0000399 seconds
2020-02-10T11:23:52.377-0530: 180.392: Total time for which application threads were stopped: 0.0001178 seconds, Stopping threads took: 0.0000288 seconds
2020-02-10T11:23:52.377-0530: 180.393: Total time for which application threads were stopped: 0.0001063 seconds, Stopping threads took: 0.0000339 seconds
2020-02-10T11:23:52.377-0530: 180.393: Total time for which application threads were stopped: 0.0000912 seconds, Stopping threads took: 0.0000314 seconds
{Heap before GC invocations=36 (full 2):
 par new generation   total 109248K, used 88474K [0x00000007a0000000, 0x00000007a8000000, 0x00000007a8000000)
  eden space 87424K, 100% used [0x00000007a0000000, 0x00000007a5560000, 0x00000007a5560000)
  from space 21824K,   4% used [0x00000007a5560000, 0x00000007a5666a20, 0x00000007a6ab0000)
  to   space 21824K,   0% used [0x00000007a6ab0000, 0x00000007a6ab0000, 0x00000007a8000000)
 concurrent mark-sweep generation total 393216K, used 19484K [0x00000007a8000000, 0x00000007c0000000, 0x00000007c0000000)
 Metaspace       used 43793K, capacity 45095K, committed 45376K, reserved 1089536K
  class space    used 5296K, capacity 5599K, committed 5696K, reserved 1048576K
2020-02-10T11:23:54.485-0530: 182.501: [GC (Allocation Failure) 2020-02-10T11:23:54.485-0530: 182.501: [ParNew
Desired survivor size 20112992 bytes, new threshold 8 (max 8)
- age   1:    1175040 bytes,    1175040 total
- age   2:     182128 bytes,    1357168 total
- age   4:       2768 bytes,    1359936 total
- age   5:       2112 bytes,    1362048 total
- age   6:       5048 bytes,    1367096 total
- age   7:       2760 bytes,    1369856 total
- age   8:       2280 bytes,    1372136 total
: 88474K->1487K(109248K), 0.0032621 secs] 107959K->20972K(502464K), 0.0033810 secs] [Times: user=0.00 sys=0.00, real=0.00 secs] 
Heap after GC invocations=37 (full 2):
 par new generation   total 109248K, used 1487K [0x00000007a0000000, 0x00000007a8000000, 0x00000007a8000000)
  eden space 87424K,   0% used [0x00000007a0000000, 0x00000007a0000000, 0x00000007a5560000)
  from space 21824K,   6% used [0x00000007a6ab0000, 0x00000007a6c23d00, 0x00000007a8000000)
  to   space 21824K,   0% used [0x00000007a5560000, 0x00000007a5560000, 0x00000007a6ab0000)
 concurrent mark-sweep generation total 393216K, used 19484K [0x00000007a8000000, 0x00000007c0000000, 0x00000007c0000000)
 Metaspace       used 43793K, capacity 45095K, committed 45376K, reserved 1089536K
  class space    used 5296K, capacity 5599K, committed 5696K, reserved 1048576K
}
2020-02-10T11:23:54.489-0530: 182.505: Total time for which application threads were stopped: 0.0035643 seconds, Stopping threads took: 0.0000302 seconds
2020-02-10T11:23:54.543-0530: 182.559: Total time for which application threads were stopped: 0.0000809 seconds, Stopping threads took: 0.0000278 seconds
2020-02-10T11:23:54.554-0530: 182.570: Total time for which application threads were stopped: 0.0001877 seconds, Stopping threads took: 0.0001227 seconds
2020-02-10T11:23:54.554-0530: 182.570: Total time for which application threads were stopped: 0.0001293 seconds, Stopping threads took: 0.0000663 seconds
2020-02-10T11:23:54.554-0530: 182.570: Total time for which application threads were stopped: 0.0001135 seconds, Stopping threads took: 0.0000497 seconds
2020-02-10T11:23:55.555-0530: 183.571: Total time for which application threads were stopped: 0.0000916 seconds, Stopping threads took: 0.0000413 seconds
2020-02-10T11:23:56.787-0530: 184.803: Total time for which application threads were stopped: 0.0000852 seconds, Stopping threads took: 0.0000212 seconds
2020-02-10T11:23:56.798-0530: 184.814: Total time for which application threads were stopped: 0.0001406 seconds, Stopping threads took: 0.0000886 seconds
2020-02-10T11:23:56.799-0530: 184.814: Total time for which application threads were stopped: 0.0000774 seconds, Stopping threads took: 0.0000363 seconds
2020-02-10T11:23:56.799-0530: 184.815: Total time for which application threads were stopped: 0.0000980 seconds, Stopping threads took: 0.0000625 seconds
2020-02-10T11:23:57.799-0530: 185.815: Total time for which application threads were stopped: 0.0001043 seconds, Stopping threads took: 0.0000314 seconds
{Heap before GC invocations=37 (full 2):
 par new generation   total 109248K, used 88911K [0x00000007a0000000, 0x00000007a8000000, 0x00000007a8000000)
  eden space 87424K, 100% used [0x00000007a0000000, 0x00000007a5560000, 0x00000007a5560000)
  from space 21824K,   6% used [0x00000007a6ab0000, 0x00000007a6c23d00, 0x00000007a8000000)
  to   space 21824K,   0% used [0x00000007a5560000, 0x00000007a5560000, 0x00000007a6ab0000)
 concurrent mark-sweep generation total 393216K, used 19484K [0x00000007a8000000, 0x00000007c0000000, 0x00000007c0000000)
 Metaspace       used 43799K, capacity 45095K, committed 45376K, reserved 1089536K
  class space    used 5296K, capacity 5599K, committed 5696K, reserved 1048576K
2020-02-10T11:23:59.019-0530: 187.034: [GC (Allocation Failure) 2020-02-10T11:23:59.019-0530: 187.034: [ParNew
Desired survivor size 20112992 bytes, new threshold 8 (max 8)
- age   1:    1767720 bytes,    1767720 total
- age   2:     134112 bytes,    1901832 total
- age   3:     111768 bytes,    2013600 total
- age   5:       2768 bytes,    2016368 total
- age   6:       2040 bytes,    2018408 total
- age   7:       4976 bytes,    2023384 total
- age   8:       2760 bytes,    2026144 total
: 88911K->2295K(109248K), 0.0036346 secs] 108396K->21782K(502464K), 0.0037559 secs] [Times: user=0.01 sys=0.00, real=0.01 secs] 
Heap after GC invocations=38 (full 2):
 par new generation   total 109248K, used 2295K [0x00000007a0000000, 0x00000007a8000000, 0x00000007a8000000)
  eden space 87424K,   0% used [0x00000007a0000000, 0x00000007a0000000, 0x00000007a5560000)
  from space 21824K,  10% used [0x00000007a5560000, 0x00000007a579dec0, 0x00000007a6ab0000)
  to   space 21824K,   0% used [0x00000007a6ab0000, 0x00000007a6ab0000, 0x00000007a8000000)
 concurrent mark-sweep generation total 393216K, used 19487K [0x00000007a8000000, 0x00000007c0000000, 0x00000007c0000000)
 Metaspace       used 43799K, capacity 45095K, committed 45376K, reserved 1089536K
  class space    used 5296K, capacity 5599K, committed 5696K, reserved 1048576K
}
2020-02-10T11:23:59.022-0530: 187.038: Total time for which application threads were stopped: 0.0039529 seconds, Stopping threads took: 0.0000295 seconds
2020-02-10T11:23:59.057-0530: 187.073: Total time for which application threads were stopped: 0.0000846 seconds, Stopping threads took: 0.0000293 seconds
2020-02-10T11:23:59.071-0530: 187.087: Total time for which application threads were stopped: 0.0001817 seconds, Stopping threads took: 0.0001040 seconds
2020-02-10T11:23:59.072-0530: 187.087: Total time for which application threads were stopped: 0.0001249 seconds, Stopping threads took: 0.0000632 seconds
2020-02-10T11:23:59.072-0530: 187.087: Total time for which application threads were stopped: 0.0000721 seconds, Stopping threads took: 0.0000323 seconds
2020-02-10T11:24:00.075-0530: 188.091: Total time for which application threads were stopped: 0.0001372 seconds, Stopping threads took: 0.0000384 seconds
2020-02-10T11:24:01.287-0530: 189.302: Total time for which application threads were stopped: 0.0000884 seconds, Stopping threads took: 0.0000212 seconds
2020-02-10T11:24:01.300-0530: 189.316: Total time for which application threads were stopped: 0.0001122 seconds, Stopping threads took: 0.0000420 seconds
2020-02-10T11:24:01.300-0530: 189.316: Total time for which application threads were stopped: 0.0001204 seconds, Stopping threads took: 0.0000777 seconds
2020-02-10T11:24:01.301-0530: 189.316: Total time for which application threads were stopped: 0.0000889 seconds, Stopping threads took: 0.0000253 seconds
2020-02-10T11:24:02.306-0530: 190.322: Total time for which application threads were stopped: 0.0001034 seconds, Stopping threads took: 0.0000282 seconds
{Heap before GC invocations=38 (full 2):
 par new generation   total 109248K, used 89719K [0x00000007a0000000, 0x00000007a8000000, 0x00000007a8000000)
  eden space 87424K, 100% used [0x00000007a0000000, 0x00000007a5560000, 0x00000007a5560000)
  from space 21824K,  10% used [0x00000007a5560000, 0x00000007a579dec0, 0x00000007a6ab0000)
  to   space 21824K,   0% used [0x00000007a6ab0000, 0x00000007a6ab0000, 0x00000007a8000000)
 concurrent mark-sweep generation total 393216K, used 19487K [0x00000007a8000000, 0x00000007c0000000, 0x00000007c0000000)
 Metaspace       used 43808K, capacity 45095K, committed 45376K, reserved 1089536K
  class space    used 5296K, capacity 5599K, committed 5696K, reserved 1048576K
2020-02-10T11:24:03.437-0530: 191.453: [GC (Allocation Failure) 2020-02-10T11:24:03.437-0530: 191.453: [ParNew
Desired survivor size 20112992 bytes, new threshold 8 (max 8)
- age   1:    2038664 bytes,    2038664 total
- age   2:     133728 bytes,    2172392 total
- age   3:      64168 bytes,    2236560 total
- age   4:     111696 bytes,    2348256 total
- age   6:       2768 bytes,    2351024 total
- age   7:       1968 bytes,    2352992 total
- age   8:       4976 bytes,    2357968 total
: 89719K->3100K(109248K), 0.0038165 secs] 109206K->22590K(502464K), 0.0039154 secs] [Times: user=0.01 sys=0.00, real=0.01 secs] 
Heap after GC invocations=39 (full 2):
 par new generation   total 109248K, used 3100K [0x00000007a0000000, 0x00000007a8000000, 0x00000007a8000000)
  eden space 87424K,   0% used [0x00000007a0000000, 0x00000007a0000000, 0x00000007a5560000)
  from space 21824K,  14% used [0x00000007a6ab0000, 0x00000007a6db7280, 0x00000007a8000000)
  to   space 21824K,   0% used [0x00000007a5560000, 0x00000007a5560000, 0x00000007a6ab0000)
 concurrent mark-sweep generation total 393216K, used 19489K [0x00000007a8000000, 0x00000007c0000000, 0x00000007c0000000)
 Metaspace       used 43808K, capacity 45095K, committed 45376K, reserved 1089536K
  class space    used 5296K, capacity 5599K, committed 5696K, reserved 1048576K
}
2020-02-10T11:24:03.441-0530: 191.457: Total time for which application threads were stopped: 0.0040974 seconds, Stopping threads took: 0.0000301 seconds
2020-02-10T11:24:03.441-0530: 191.457: Total time for which application threads were stopped: 0.0002116 seconds, Stopping threads took: 0.0000534 seconds
2020-02-10T11:24:03.461-0530: 191.476: Total time for which application threads were stopped: 0.0000802 seconds, Stopping threads took: 0.0000184 seconds
2020-02-10T11:24:03.472-0530: 191.488: Total time for which application threads were stopped: 0.0001112 seconds, Stopping threads took: 0.0000201 seconds
2020-02-10T11:24:03.472-0530: 191.488: Total time for which application threads were stopped: 0.0000904 seconds, Stopping threads took: 0.0000332 seconds
2020-02-10T11:24:03.472-0530: 191.488: Total time for which application threads were stopped: 0.0000948 seconds, Stopping threads took: 0.0000326 seconds
2020-02-10T11:24:05.730-0530: 193.745: Total time for which application threads were stopped: 0.0001171 seconds, Stopping threads took: 0.0000560 seconds
2020-02-10T11:24:05.741-0530: 193.757: Total time for which application threads were stopped: 0.0001669 seconds, Stopping threads took: 0.0000766 seconds
2020-02-10T11:24:05.743-0530: 193.758: Total time for which application threads were stopped: 0.0001813 seconds, Stopping threads took: 0.0000697 seconds
2020-02-10T11:24:05.744-0530: 193.760: Total time for which application threads were stopped: 0.0001317 seconds, Stopping threads took: 0.0000672 seconds
2020-02-10T11:24:05.745-0530: 193.760: Total time for which application threads were stopped: 0.0001304 seconds, Stopping threads took: 0.0000697 seconds
2020-02-10T11:24:05.745-0530: 193.760: Total time for which application threads were stopped: 0.0001273 seconds, Stopping threads took: 0.0000771 seconds
{Heap before GC invocations=39 (full 2):
 par new generation   total 109248K, used 90524K [0x00000007a0000000, 0x00000007a8000000, 0x00000007a8000000)
  eden space 87424K, 100% used [0x00000007a0000000, 0x00000007a5560000, 0x00000007a5560000)
  from space 21824K,  14% used [0x00000007a6ab0000, 0x00000007a6db7280, 0x00000007a8000000)
  to   space 21824K,   0% used [0x00000007a5560000, 0x00000007a5560000, 0x00000007a6ab0000)
 concurrent mark-sweep generation total 393216K, used 19489K [0x00000007a8000000, 0x00000007c0000000, 0x00000007c0000000)
 Metaspace       used 43838K, capacity 45099K, committed 45376K, reserved 1089536K
  class space    used 5296K, capacity 5599K, committed 5696K, reserved 1048576K
2020-02-10T11:24:05.923-0530: 193.939: [GC (Allocation Failure) 2020-02-10T11:24:05.923-0530: 193.939: [ParNew
Desired survivor size 20112992 bytes, new threshold 8 (max 8)
- age   1:     589424 bytes,     589424 total
- age   2:     135960 bytes,     725384 total
- age   3:      64576 bytes,     789960 total
- age   4:      64168 bytes,     854128 total
- age   5:     111624 bytes,     965752 total
- age   7:       2768 bytes,     968520 total
- age   8:       1968 bytes,     970488 total
: 90524K->1876K(109248K), 0.0035024 secs] 110014K->21371K(502464K), 0.0036434 secs] [Times: user=0.01 sys=0.00, real=0.00 secs] 
Heap after GC invocations=40 (full 2):
 par new generation   total 109248K, used 1876K [0x00000007a0000000, 0x00000007a8000000, 0x00000007a8000000)
  eden space 87424K,   0% used [0x00000007a0000000, 0x00000007a0000000, 0x00000007a5560000)
  from space 21824K,   8% used [0x00000007a5560000, 0x00000007a5735290, 0x00000007a6ab0000)
  to   space 21824K,   0% used [0x00000007a6ab0000, 0x00000007a6ab0000, 0x00000007a8000000)
 concurrent mark-sweep generation total 393216K, used 19494K [0x00000007a8000000, 0x00000007c0000000, 0x00000007c0000000)
 Metaspace       used 43838K, capacity 45099K, committed 45376K, reserved 1089536K
  class space    used 5296K, capacity 5599K, committed 5696K, reserved 1048576K
}
2020-02-10T11:24:05.927-0530: 193.943: Total time for which application threads were stopped: 0.0038917 seconds, Stopping threads took: 0.0000278 seconds
{Heap before GC invocations=40 (full 2):
 par new generation   total 109248K, used 89300K [0x00000007a0000000, 0x00000007a8000000, 0x00000007a8000000)
  eden space 87424K, 100% used [0x00000007a0000000, 0x00000007a5560000, 0x00000007a5560000)
  from space 21824K,   8% used [0x00000007a5560000, 0x00000007a5735290, 0x00000007a6ab0000)
  to   space 21824K,   0% used [0x00000007a6ab0000, 0x00000007a6ab0000, 0x00000007a8000000)
 concurrent mark-sweep generation total 393216K, used 19494K [0x00000007a8000000, 0x00000007c0000000, 0x00000007c0000000)
 Metaspace       used 43838K, capacity 45099K, committed 45376K, reserved 1089536K
  class space    used 5296K, capacity 5599K, committed 5696K, reserved 1048576K
2020-02-10T11:24:06.133-0530: 194.148: [GC (Allocation Failure) 2020-02-10T11:24:06.133-0530: 194.148: [ParNew
Desired survivor size 20112992 bytes, new threshold 8 (max 8)
- age   1:     147424 bytes,     147424 total
- age   2:     500792 bytes,     648216 total
- age   3:     135032 bytes,     783248 total
- age   4:      64576 bytes,     847824 total
- age   5:      64168 bytes,     911992 total
- age   6:     111624 bytes,    1023616 total
- age   8:       2768 bytes,    1026384 total
: 89300K->1220K(109248K), 0.0047919 secs] 108795K->20717K(502464K), 0.0049107 secs] [Times: user=0.01 sys=0.00, real=0.00 secs] 
Heap after GC invocations=41 (full 2):
 par new generation   total 109248K, used 1220K [0x00000007a0000000, 0x00000007a8000000, 0x00000007a8000000)
  eden space 87424K,   0% used [0x00000007a0000000, 0x00000007a0000000, 0x00000007a5560000)
  from space 21824K,   5% used [0x00000007a6ab0000, 0x00000007a6be13f8, 0x00000007a8000000)
  to   space 21824K,   0% used [0x00000007a5560000, 0x00000007a5560000, 0x00000007a6ab0000)
 concurrent mark-sweep generation total 393216K, used 19496K [0x00000007a8000000, 0x00000007c0000000, 0x00000007c0000000)
 Metaspace       used 43838K, capacity 45099K, committed 45376K, reserved 1089536K
  class space    used 5296K, capacity 5599K, committed 5696K, reserved 1048576K
}
2020-02-10T11:24:06.138-0530: 194.153: Total time for which application threads were stopped: 0.0051216 seconds, Stopping threads took: 0.0000304 seconds
{Heap before GC invocations=41 (full 2):
 par new generation   total 109248K, used 88644K [0x00000007a0000000, 0x00000007a8000000, 0x00000007a8000000)
  eden space 87424K, 100% used [0x00000007a0000000, 0x00000007a5560000, 0x00000007a5560000)
  from space 21824K,   5% used [0x00000007a6ab0000, 0x00000007a6be13f8, 0x00000007a8000000)
  to   space 21824K,   0% used [0x00000007a5560000, 0x00000007a5560000, 0x00000007a6ab0000)
 concurrent mark-sweep generation total 393216K, used 19496K [0x00000007a8000000, 0x00000007c0000000, 0x00000007c0000000)
 Metaspace       used 43839K, capacity 45099K, committed 45376K, reserved 1089536K
  class space    used 5296K, capacity 5599K, committed 5696K, reserved 1048576K
2020-02-10T11:24:06.415-0530: 194.430: [GC (Allocation Failure) 2020-02-10T11:24:06.415-0530: 194.430: [ParNew
Desired survivor size 20112992 bytes, new threshold 8 (max 8)
- age   1:     149504 bytes,     149504 total
- age   2:       8432 bytes,     157936 total
- age   3:     500712 bytes,     658648 total
- age   4:     135032 bytes,     793680 total
- age   5:      64576 bytes,     858256 total
- age   6:      64168 bytes,     922424 total
- age   7:     111624 bytes,    1034048 total
: 88644K->1376K(109248K), 0.0048449 secs] 108141K->20875K(502464K), 0.0049547 secs] [Times: user=0.01 sys=0.00, real=0.01 secs] 
Heap after GC invocations=42 (full 2):
 par new generation   total 109248K, used 1376K [0x00000007a0000000, 0x00000007a8000000, 0x00000007a8000000)
  eden space 87424K,   0% used [0x00000007a0000000, 0x00000007a0000000, 0x00000007a5560000)
  from space 21824K,   6% used [0x00000007a5560000, 0x00000007a56b8030, 0x00000007a6ab0000)
  to   space 21824K,   0% used [0x00000007a6ab0000, 0x00000007a6ab0000, 0x00000007a8000000)
 concurrent mark-sweep generation total 393216K, used 19499K [0x00000007a8000000, 0x00000007c0000000, 0x00000007c0000000)
 Metaspace       used 43839K, capacity 45099K, committed 45376K, reserved 1089536K
  class space    used 5296K, capacity 5599K, committed 5696K, reserved 1048576K
}
2020-02-10T11:24:06.420-0530: 194.435: Total time for which application threads were stopped: 0.0051993 seconds, Stopping threads took: 0.0000302 seconds
2020-02-10T11:24:07.421-0530: 195.437: Total time for which application threads were stopped: 0.0001457 seconds, Stopping threads took: 0.0000359 seconds
2020-02-10T11:24:08.235-0530: 196.250: Total time for which application threads were stopped: 0.0001178 seconds, Stopping threads took: 0.0000266 seconds
2020-02-10T11:24:08.250-0530: 196.265: Total time for which application threads were stopped: 0.0002682 seconds, Stopping threads took: 0.0001731 seconds
2020-02-10T11:24:08.250-0530: 196.266: Total time for which application threads were stopped: 0.0002166 seconds, Stopping threads took: 0.0001383 seconds
2020-02-10T11:24:08.251-0530: 196.266: Total time for which application threads were stopped: 0.0003078 seconds, Stopping threads took: 0.0000861 seconds
2020-02-10T11:24:08.252-0530: 196.267: Total time for which application threads were stopped: 0.0001242 seconds, Stopping threads took: 0.0000209 seconds
2020-02-10T11:24:08.252-0530: 196.268: Total time for which application threads were stopped: 0.0001093 seconds, Stopping threads took: 0.0000153 seconds
2020-02-10T11:24:08.252-0530: 196.268: Total time for which application threads were stopped: 0.0001103 seconds, Stopping threads took: 0.0000293 seconds
2020-02-10T11:24:08.253-0530: 196.268: Total time for which application threads were stopped: 0.0001064 seconds, Stopping threads took: 0.0000255 seconds
2020-02-10T11:24:08.253-0530: 196.268: Total time for which application threads were stopped: 0.0000821 seconds, Stopping threads took: 0.0000262 seconds
2020-02-10T11:24:08.253-0530: 196.269: Total time for which application threads were stopped: 0.0001007 seconds, Stopping threads took: 0.0000245 seconds
2020-02-10T11:24:08.253-0530: 196.269: Total time for which application threads were stopped: 0.0000989 seconds, Stopping threads took: 0.0000253 seconds
2020-02-10T11:24:08.254-0530: 196.269: Total time for which application threads were stopped: 0.0000970 seconds, Stopping threads took: 0.0000198 seconds
2020-02-10T11:24:08.254-0530: 196.269: Total time for which application threads were stopped: 0.0000852 seconds, Stopping threads took: 0.0000279 seconds
2020-02-10T11:24:08.254-0530: 196.270: Total time for which application threads were stopped: 0.0001128 seconds, Stopping threads took: 0.0000275 seconds
2020-02-10T11:24:08.255-0530: 196.270: Total time for which application threads were stopped: 0.0000903 seconds, Stopping threads took: 0.0000116 seconds
2020-02-10T11:24:08.255-0530: 196.270: Total time for which application threads were stopped: 0.0001099 seconds, Stopping threads took: 0.0000273 seconds
2020-02-10T11:24:08.255-0530: 196.271: Total time for which application threads were stopped: 0.0000752 seconds, Stopping threads took: 0.0000120 seconds
2020-02-10T11:24:08.255-0530: 196.271: Total time for which application threads were stopped: 0.0000944 seconds, Stopping threads took: 0.0000124 seconds
2020-02-10T11:24:08.256-0530: 196.271: Total time for which application threads were stopped: 0.0000625 seconds, Stopping threads took: 0.0000128 seconds
2020-02-10T11:24:09.261-0530: 197.276: Total time for which application threads were stopped: 0.0000823 seconds, Stopping threads took: 0.0000242 seconds
{Heap before GC invocations=42 (full 2):
 par new generation   total 109248K, used 88800K [0x00000007a0000000, 0x00000007a8000000, 0x00000007a8000000)
  eden space 87424K, 100% used [0x00000007a0000000, 0x00000007a5560000, 0x00000007a5560000)
  from space 21824K,   6% used [0x00000007a5560000, 0x00000007a56b8030, 0x00000007a6ab0000)
  to   space 21824K,   0% used [0x00000007a6ab0000, 0x00000007a6ab0000, 0x00000007a8000000)
 concurrent mark-sweep generation total 393216K, used 19499K [0x00000007a8000000, 0x00000007c0000000, 0x00000007c0000000)
 Metaspace       used 43849K, capacity 45167K, committed 45376K, reserved 1089536K
  class space    used 5296K, capacity 5599K, committed 5696K, reserved 1048576K
2020-02-10T11:24:10.458-0530: 198.473: [GC (Allocation Failure) 2020-02-10T11:24:10.458-0530: 198.473: [ParNew
Desired survivor size 20112992 bytes, new threshold 8 (max 8)
- age   1:    1780168 bytes,    1780168 total
- age   2:        104 bytes,    1780272 total
- age   4:      72024 bytes,    1852296 total
- age   5:       3360 bytes,    1855656 total
- age   6:       2016 bytes,    1857672 total
- age   7:       1840 bytes,    1859512 total
- age   8:       2616 bytes,    1862128 total
: 88800K->2029K(109248K), 0.0036766 secs] 108299K->21529K(502464K), 0.0037860 secs] [Times: user=0.01 sys=0.00, real=0.01 secs] 
Heap after GC invocations=43 (full 2):
 par new generation   total 109248K, used 2029K [0x00000007a0000000, 0x00000007a8000000, 0x00000007a8000000)
  eden space 87424K,   0% used [0x00000007a0000000, 0x00000007a0000000, 0x00000007a5560000)
  from space 21824K,   9% used [0x00000007a6ab0000, 0x00000007a6cab7a0, 0x00000007a8000000)
  to   space 21824K,   0% used [0x00000007a5560000, 0x00000007a5560000, 0x00000007a6ab0000)
 concurrent mark-sweep generation total 393216K, used 19499K [0x00000007a8000000, 0x00000007c0000000, 0x00000007c0000000)
 Metaspace       used 43849K, capacity 45167K, committed 45376K, reserved 1089536K
  class space    used 5296K, capacity 5599K, committed 5696K, reserved 1048576K
}
2020-02-10T11:24:10.462-0530: 198.477: Total time for which application threads were stopped: 0.0039573 seconds, Stopping threads took: 0.0000293 seconds
2020-02-10T11:24:10.500-0530: 198.516: Total time for which application threads were stopped: 0.0001069 seconds, Stopping threads took: 0.0000255 seconds
2020-02-10T11:24:10.512-0530: 198.528: Total time for which application threads were stopped: 0.0001955 seconds, Stopping threads took: 0.0001118 seconds
2020-02-10T11:24:10.513-0530: 198.528: Total time for which application threads were stopped: 0.0002084 seconds, Stopping threads took: 0.0000269 seconds
2020-02-10T11:24:11.514-0530: 199.529: Total time for which application threads were stopped: 0.0001053 seconds, Stopping threads took: 0.0000302 seconds
2020-02-10T11:24:12.663-0530: 200.679: Total time for which application threads were stopped: 0.0000866 seconds, Stopping threads took: 0.0000285 seconds
2020-02-10T11:24:12.673-0530: 200.688: Total time for which application threads were stopped: 0.0002151 seconds, Stopping threads took: 0.0000752 seconds
2020-02-10T11:24:12.673-0530: 200.688: Total time for which application threads were stopped: 0.0000793 seconds, Stopping threads took: 0.0000291 seconds
2020-02-10T11:24:13.674-0530: 201.689: Total time for which application threads were stopped: 0.0000811 seconds, Stopping threads took: 0.0000233 seconds
2020-02-10T11:24:13.944-0530: 201.960: Total time for which application threads were stopped: 0.0000727 seconds, Stopping threads took: 0.0000195 seconds
2020-02-10T11:24:13.945-0530: 201.960: Total time for which application threads were stopped: 0.0000598 seconds, Stopping threads took: 0.0000139 seconds
2020-02-10T11:24:13.945-0530: 201.960: Total time for which application threads were stopped: 0.0000423 seconds, Stopping threads took: 0.0000087 seconds
{Heap before GC invocations=43 (full 2):
 par new generation   total 109248K, used 89453K [0x00000007a0000000, 0x00000007a8000000, 0x00000007a8000000)
  eden space 87424K, 100% used [0x00000007a0000000, 0x00000007a5560000, 0x00000007a5560000)
  from space 21824K,   9% used [0x00000007a6ab0000, 0x00000007a6cab7a0, 0x00000007a8000000)
  to   space 21824K,   0% used [0x00000007a5560000, 0x00000007a5560000, 0x00000007a6ab0000)
 concurrent mark-sweep generation total 393216K, used 19499K [0x00000007a8000000, 0x00000007c0000000, 0x00000007c0000000)
 Metaspace       used 43854K, capacity 45167K, committed 45376K, reserved 1089536K
  class space    used 5296K, capacity 5599K, committed 5696K, reserved 1048576K
2020-02-10T11:24:14.967-0530: 202.983: [GC (Allocation Failure) 2020-02-10T11:24:14.967-0530: 202.983: [ParNew
Desired survivor size 20112992 bytes, new threshold 8 (max 8)
- age   1:    1976272 bytes,    1976272 total
- age   2:     123296 bytes,    2099568 total
- age   3:        104 bytes,    2099672 total
- age   5:       2984 bytes,    2102656 total
- age   6:       2584 bytes,    2105240 total
- age   7:       1872 bytes,    2107112 total
- age   8:       1840 bytes,    2108952 total
: 89453K->2814K(109248K), 0.0035950 secs] 108953K->22316K(502464K), 0.0036931 secs] [Times: user=0.01 sys=0.00, real=0.01 secs] 
Heap after GC invocations=44 (full 2):
 par new generation   total 109248K, used 2814K [0x00000007a0000000, 0x00000007a8000000, 0x00000007a8000000)
  eden space 87424K,   0% used [0x00000007a0000000, 0x00000007a0000000, 0x00000007a5560000)
  from space 21824K,  12% used [0x00000007a5560000, 0x00000007a581f980, 0x00000007a6ab0000)
  to   space 21824K,   0% used [0x00000007a6ab0000, 0x00000007a6ab0000, 0x00000007a8000000)
 concurrent mark-sweep generation total 393216K, used 19502K [0x00000007a8000000, 0x00000007c0000000, 0x00000007c0000000)
 Metaspace       used 43854K, capacity 45167K, committed 45376K, reserved 1089536K
  class space    used 5296K, capacity 5599K, committed 5696K, reserved 1048576K
}
2020-02-10T11:24:14.971-0530: 202.986: Total time for which application threads were stopped: 0.0038553 seconds, Stopping threads took: 0.0000265 seconds
2020-02-10T11:24:14.988-0530: 203.003: Total time for which application threads were stopped: 0.0001316 seconds, Stopping threads took: 0.0000744 seconds
2020-02-10T11:24:14.998-0530: 203.013: Total time for which application threads were stopped: 0.0001424 seconds, Stopping threads took: 0.0000836 seconds
2020-02-10T11:24:14.998-0530: 203.013: Total time for which application threads were stopped: 0.0001418 seconds, Stopping threads took: 0.0000909 seconds
2020-02-10T11:24:16.001-0530: 204.016: Total time for which application threads were stopped: 0.0001077 seconds, Stopping threads took: 0.0000320 seconds
2020-02-10T11:24:17.168-0530: 205.183: Total time for which application threads were stopped: 0.0001145 seconds, Stopping threads took: 0.0000422 seconds
2020-02-10T11:24:17.180-0530: 205.195: Total time for which application threads were stopped: 0.0001246 seconds, Stopping threads took: 0.0000440 seconds
2020-02-10T11:24:17.180-0530: 205.195: Total time for which application threads were stopped: 0.0001332 seconds, Stopping threads took: 0.0000653 seconds
2020-02-10T11:24:17.180-0530: 205.195: Total time for which application threads were stopped: 0.0000821 seconds, Stopping threads took: 0.0000349 seconds
2020-02-10T11:24:18.182-0530: 206.197: Total time for which application threads were stopped: 0.0000879 seconds, Stopping threads took: 0.0000249 seconds
{Heap before GC invocations=44 (full 2):
 par new generation   total 109248K, used 90238K [0x00000007a0000000, 0x00000007a8000000, 0x00000007a8000000)
  eden space 87424K, 100% used [0x00000007a0000000, 0x00000007a5560000, 0x00000007a5560000)
  from space 21824K,  12% used [0x00000007a5560000, 0x00000007a581f980, 0x00000007a6ab0000)
  to   space 21824K,   0% used [0x00000007a6ab0000, 0x00000007a6ab0000, 0x00000007a8000000)
 concurrent mark-sweep generation total 393216K, used 19502K [0x00000007a8000000, 0x00000007c0000000, 0x00000007c0000000)
 Metaspace       used 43867K, capacity 45167K, committed 45376K, reserved 1089536K
  class space    used 5297K, capacity 5599K, committed 5696K, reserved 1048576K
2020-02-10T11:24:19.368-0530: 207.383: [GC (Allocation Failure) 2020-02-10T11:24:19.368-0530: 207.383: [ParNew
Desired survivor size 20112992 bytes, new threshold 8 (max 8)
- age   1:    1781960 bytes,    1781960 total
- age   2:      67336 bytes,    1849296 total
- age   3:     121448 bytes,    1970744 total
- age   4:        104 bytes,    1970848 total
- age   6:       2984 bytes,    1973832 total
- age   7:       2440 bytes,    1976272 total
- age   8:       1872 bytes,    1978144 total
: 90238K->2369K(109248K), 0.0036032 secs] 109740K->21873K(502464K), 0.0037255 secs] [Times: user=0.01 sys=0.00, real=0.01 secs] 
Heap after GC invocations=45 (full 2):
 par new generation   total 109248K, used 2369K [0x00000007a0000000, 0x00000007a8000000, 0x00000007a8000000)
  eden space 87424K,   0% used [0x00000007a0000000, 0x00000007a0000000, 0x00000007a5560000)
  from space 21824K,  10% used [0x00000007a6ab0000, 0x00000007a6d004c0, 0x00000007a8000000)
  to   space 21824K,   0% used [0x00000007a5560000, 0x00000007a5560000, 0x00000007a6ab0000)
 concurrent mark-sweep generation total 393216K, used 19503K [0x00000007a8000000, 0x00000007c0000000, 0x00000007c0000000)
 Metaspace       used 43867K, capacity 45167K, committed 45376K, reserved 1089536K
  class space    used 5297K, capacity 5599K, committed 5696K, reserved 1048576K
}
2020-02-10T11:24:19.371-0530: 207.387: Total time for which application threads were stopped: 0.0039393 seconds, Stopping threads took: 0.0000302 seconds
2020-02-10T11:24:19.373-0530: 207.388: Total time for which application threads were stopped: 0.0001030 seconds, Stopping threads took: 0.0000546 seconds
2020-02-10T11:24:19.386-0530: 207.401: Total time for which application threads were stopped: 0.0001190 seconds, Stopping threads took: 0.0000453 seconds
2020-02-10T11:24:19.387-0530: 207.402: Total time for which application threads were stopped: 0.0001479 seconds, Stopping threads took: 0.0000474 seconds
2020-02-10T11:24:19.388-0530: 207.403: Total time for which application threads were stopped: 0.0000846 seconds, Stopping threads took: 0.0000180 seconds
2020-02-10T11:24:21.479-0530: 209.494: Total time for which application threads were stopped: 0.0000808 seconds, Stopping threads took: 0.0000269 seconds
2020-02-10T11:24:21.489-0530: 209.505: Total time for which application threads were stopped: 0.0001205 seconds, Stopping threads took: 0.0000532 seconds
2020-02-10T11:24:21.490-0530: 209.505: Total time for which application threads were stopped: 0.0001276 seconds, Stopping threads took: 0.0000820 seconds
2020-02-10T11:24:21.490-0530: 209.505: Total time for which application threads were stopped: 0.0000904 seconds, Stopping threads took: 0.0000382 seconds
2020-02-10T11:24:22.490-0530: 210.505: Total time for which application threads were stopped: 0.0000955 seconds, Stopping threads took: 0.0000412 seconds
2020-02-10T11:24:23.701-0530: 211.716: Total time for which application threads were stopped: 0.0001769 seconds, Stopping threads took: 0.0001010 seconds
2020-02-10T11:24:23.712-0530: 211.727: Total time for which application threads were stopped: 0.0001341 seconds, Stopping threads took: 0.0000635 seconds
2020-02-10T11:24:23.713-0530: 211.728: Total time for which application threads were stopped: 0.0000785 seconds, Stopping threads took: 0.0000290 seconds
2020-02-10T11:24:23.713-0530: 211.728: Total time for which application threads were stopped: 0.0000930 seconds, Stopping threads took: 0.0000256 seconds
2020-02-10T11:24:24.718-0530: 212.733: Total time for which application threads were stopped: 0.0000814 seconds, Stopping threads took: 0.0000244 seconds
{Heap before GC invocations=45 (full 2):
 par new generation   total 109248K, used 89793K [0x00000007a0000000, 0x00000007a8000000, 0x00000007a8000000)
  eden space 87424K, 100% used [0x00000007a0000000, 0x00000007a5560000, 0x00000007a5560000)
  from space 21824K,  10% used [0x00000007a6ab0000, 0x00000007a6d004c0, 0x00000007a8000000)
  to   space 21824K,   0% used [0x00000007a5560000, 0x00000007a5560000, 0x00000007a6ab0000)
 concurrent mark-sweep generation total 393216K, used 19503K [0x00000007a8000000, 0x00000007c0000000, 0x00000007c0000000)
 Metaspace       used 43905K, capacity 45235K, committed 45376K, reserved 1089536K
  class space    used 5297K, capacity 5599K, committed 5696K, reserved 1048576K
2020-02-10T11:24:25.882-0530: 213.897: [GC (Allocation Failure) 2020-02-10T11:24:25.882-0530: 213.897: [ParNew
Desired survivor size 20112992 bytes, new threshold 8 (max 8)
- age   1:    1589608 bytes,    1589608 total
- age   2:      68056 bytes,    1657664 total
- age   3:      66104 bytes,    1723768 total
- age   4:     121304 bytes,    1845072 total
- age   5:        104 bytes,    1845176 total
- age   7:       2912 bytes,    1848088 total
- age   8:       2440 bytes,    1850528 total
: 89793K->2402K(109248K), 0.0037223 secs] 109297K->21908K(502464K), 0.0038337 secs] [Times: user=0.01 sys=0.00, real=0.00 secs] 
Heap after GC invocations=46 (full 2):
 par new generation   total 109248K, used 2402K [0x00000007a0000000, 0x00000007a8000000, 0x00000007a8000000)
  eden space 87424K,   0% used [0x00000007a0000000, 0x00000007a0000000, 0x00000007a5560000)
  from space 21824K,  11% used [0x00000007a5560000, 0x00000007a57b8b10, 0x00000007a6ab0000)
  to   space 21824K,   0% used [0x00000007a6ab0000, 0x00000007a6ab0000, 0x00000007a8000000)
 concurrent mark-sweep generation total 393216K, used 19505K [0x00000007a8000000, 0x00000007c0000000, 0x00000007c0000000)
 Metaspace       used 43905K, capacity 45235K, committed 45376K, reserved 1089536K
  class space    used 5297K, capacity 5599K, committed 5696K, reserved 1048576K
}
2020-02-10T11:24:25.886-0530: 213.901: Total time for which application threads were stopped: 0.0040047 seconds, Stopping threads took: 0.0000290 seconds
2020-02-10T11:24:25.923-0530: 213.938: Total time for which application threads were stopped: 0.0001261 seconds, Stopping threads took: 0.0000584 seconds
2020-02-10T11:24:25.935-0530: 213.950: Total time for which application threads were stopped: 0.0001099 seconds, Stopping threads took: 0.0000353 seconds
2020-02-10T11:24:25.936-0530: 213.951: Total time for which application threads were stopped: 0.0001491 seconds, Stopping threads took: 0.0000416 seconds
2020-02-10T11:24:25.936-0530: 213.951: Total time for which application threads were stopped: 0.0000647 seconds, Stopping threads took: 0.0000276 seconds
2020-02-10T11:24:25.936-0530: 213.951: Total time for which application threads were stopped: 0.0000628 seconds, Stopping threads took: 0.0000246 seconds
2020-02-10T11:24:25.937-0530: 213.952: Total time for which application threads were stopped: 0.0001275 seconds, Stopping threads took: 0.0000587 seconds
2020-02-10T11:24:25.937-0530: 213.952: Total time for which application threads were stopped: 0.0001331 seconds, Stopping threads took: 0.0000605 seconds
2020-02-10T11:24:25.937-0530: 213.952: Total time for which application threads were stopped: 0.0000730 seconds, Stopping threads took: 0.0000301 seconds
2020-02-10T11:24:25.938-0530: 213.953: Total time for which application threads were stopped: 0.0001841 seconds, Stopping threads took: 0.0000922 seconds
2020-02-10T11:24:25.939-0530: 213.954: Total time for which application threads were stopped: 0.0001602 seconds, Stopping threads took: 0.0000694 seconds
2020-02-10T11:24:25.939-0530: 213.954: Total time for which application threads were stopped: 0.0001112 seconds, Stopping threads took: 0.0000564 seconds
{Heap before GC invocations=46 (full 2):
 par new generation   total 109248K, used 89826K [0x00000007a0000000, 0x00000007a8000000, 0x00000007a8000000)
  eden space 87424K, 100% used [0x00000007a0000000, 0x00000007a5560000, 0x00000007a5560000)
  from space 21824K,  11% used [0x00000007a5560000, 0x00000007a57b8b10, 0x00000007a6ab0000)
  to   space 21824K,   0% used [0x00000007a6ab0000, 0x00000007a6ab0000, 0x00000007a8000000)
 concurrent mark-sweep generation total 393216K, used 19505K [0x00000007a8000000, 0x00000007c0000000, 0x00000007c0000000)
 Metaspace       used 43906K, capacity 45235K, committed 45376K, reserved 1089536K
  class space    used 5297K, capacity 5599K, committed 5696K, reserved 1048576K
2020-02-10T11:24:26.060-0530: 214.075: [GC (Allocation Failure) 2020-02-10T11:24:26.060-0530: 214.075: [ParNew
Desired survivor size 20112992 bytes, new threshold 8 (max 8)
- age   1:     468488 bytes,     468488 total
- age   2:     283224 bytes,     751712 total
- age   3:      66664 bytes,     818376 total
- age   4:      66104 bytes,     884480 total
- age   5:     121304 bytes,    1005784 total
- age   6:        104 bytes,    1005888 total
- age   8:       2912 bytes,    1008800 total
: 89826K->1345K(109248K), 0.0139469 secs] 109332K->20854K(502464K), 0.0140398 secs] [Times: user=0.03 sys=0.00, real=0.01 secs] 
Heap after GC invocations=47 (full 2):
 par new generation   total 109248K, used 1345K [0x00000007a0000000, 0x00000007a8000000, 0x00000007a8000000)
  eden space 87424K,   0% used [0x00000007a0000000, 0x00000007a0000000, 0x00000007a5560000)
  from space 21824K,   6% used [0x00000007a6ab0000, 0x00000007a6c007c0, 0x00000007a8000000)
  to   space 21824K,   0% used [0x00000007a5560000, 0x00000007a5560000, 0x00000007a6ab0000)
 concurrent mark-sweep generation total 393216K, used 19508K [0x00000007a8000000, 0x00000007c0000000, 0x00000007c0000000)
 Metaspace       used 43906K, capacity 45235K, committed 45376K, reserved 1089536K
  class space    used 5297K, capacity 5599K, committed 5696K, reserved 1048576K
}
2020-02-10T11:24:26.074-0530: 214.089: Total time for which application threads were stopped: 0.0142967 seconds, Stopping threads took: 0.0000249 seconds
{Heap before GC invocations=47 (full 2):
 par new generation   total 109248K, used 88769K [0x00000007a0000000, 0x00000007a8000000, 0x00000007a8000000)
  eden space 87424K, 100% used [0x00000007a0000000, 0x00000007a5560000, 0x00000007a5560000)
  from space 21824K,   6% used [0x00000007a6ab0000, 0x00000007a6c007c0, 0x00000007a8000000)
  to   space 21824K,   0% used [0x00000007a5560000, 0x00000007a5560000, 0x00000007a6ab0000)
 concurrent mark-sweep generation total 393216K, used 19508K [0x00000007a8000000, 0x00000007c0000000, 0x00000007c0000000)
 Metaspace       used 43906K, capacity 45235K, committed 45376K, reserved 1089536K
  class space    used 5297K, capacity 5599K, committed 5696K, reserved 1048576K
2020-02-10T11:24:26.341-0530: 214.356: [GC (Allocation Failure) 2020-02-10T11:24:26.341-0530: 214.356: [ParNew
Desired survivor size 20112992 bytes, new threshold 8 (max 8)
- age   1:     154208 bytes,     154208 total
- age   2:     380760 bytes,     534968 total
- age   3:     282312 bytes,     817280 total
- age   4:      66664 bytes,     883944 total
- age   5:      66104 bytes,     950048 total
- age   6:     121304 bytes,    1071352 total
- age   7:        104 bytes,    1071456 total
: 88769K->1554K(109248K), 0.0040536 secs] 108278K->21065K(502464K), 0.0041454 secs] [Times: user=0.01 sys=0.00, real=0.00 secs] 
Heap after GC invocations=48 (full 2):
 par new generation   total 109248K, used 1554K [0x00000007a0000000, 0x00000007a8000000, 0x00000007a8000000)
  eden space 87424K,   0% used [0x00000007a0000000, 0x00000007a0000000, 0x00000007a5560000)
  from space 21824K,   7% used [0x00000007a5560000, 0x00000007a56e4b28, 0x00000007a6ab0000)
  to   space 21824K,   0% used [0x00000007a6ab0000, 0x00000007a6ab0000, 0x00000007a8000000)
 concurrent mark-sweep generation total 393216K, used 19511K [0x00000007a8000000, 0x00000007c0000000, 0x00000007c0000000)
 Metaspace       used 43906K, capacity 45235K, committed 45376K, reserved 1089536K
  class space    used 5297K, capacity 5599K, committed 5696K, reserved 1048576K
}
2020-02-10T11:24:26.345-0530: 214.360: Total time for which application threads were stopped: 0.0043710 seconds, Stopping threads took: 0.0000397 seconds
{Heap before GC invocations=48 (full 2):
 par new generation   total 109248K, used 88978K [0x00000007a0000000, 0x00000007a8000000, 0x00000007a8000000)
  eden space 87424K, 100% used [0x00000007a0000000, 0x00000007a5560000, 0x00000007a5560000)
  from space 21824K,   7% used [0x00000007a5560000, 0x00000007a56e4b28, 0x00000007a6ab0000)
  to   space 21824K,   0% used [0x00000007a6ab0000, 0x00000007a6ab0000, 0x00000007a8000000)
 concurrent mark-sweep generation total 393216K, used 19511K [0x00000007a8000000, 0x00000007c0000000, 0x00000007c0000000)
 Metaspace       used 43907K, capacity 45235K, committed 45376K, reserved 1089536K
  class space    used 5297K, capacity 5599K, committed 5696K, reserved 1048576K
2020-02-10T11:24:26.629-0530: 214.644: [GC (Allocation Failure) 2020-02-10T11:24:26.629-0530: 214.644: [ParNew
Desired survivor size 20112992 bytes, new threshold 8 (max 8)
- age   1:     161520 bytes,     161520 total
- age   2:       2664 bytes,     164184 total
- age   3:     380592 bytes,     544776 total
- age   4:     282312 bytes,     827088 total
- age   5:      66664 bytes,     893752 total
- age   6:      66104 bytes,     959856 total
- age   7:     121304 bytes,    1081160 total
- age   8:        104 bytes,    1081264 total
: 88978K->1266K(109248K), 0.0031419 secs] 108489K->20777K(502464K), 0.0032557 secs] [Times: user=0.01 sys=0.00, real=0.01 secs] 
Heap after GC invocations=49 (full 2):
 par new generation   total 109248K, used 1266K [0x00000007a0000000, 0x00000007a8000000, 0x00000007a8000000)
  eden space 87424K,   0% used [0x00000007a0000000, 0x00000007a0000000, 0x00000007a5560000)
  from space 21824K,   5% used [0x00000007a6ab0000, 0x00000007a6becb08, 0x00000007a8000000)
  to   space 21824K,   0% used [0x00000007a5560000, 0x00000007a5560000, 0x00000007a6ab0000)
 concurrent mark-sweep generation total 393216K, used 19511K [0x00000007a8000000, 0x00000007c0000000, 0x00000007c0000000)
 Metaspace       used 43907K, capacity 45235K, committed 45376K, reserved 1089536K
  class space    used 5297K, capacity 5599K, committed 5696K, reserved 1048576K
}
2020-02-10T11:24:26.632-0530: 214.647: Total time for which application threads were stopped: 0.0034389 seconds, Stopping threads took: 0.0000293 seconds
2020-02-10T11:24:27.636-0530: 215.651: Total time for which application threads were stopped: 0.0001590 seconds, Stopping threads took: 0.0000323 seconds
2020-02-10T11:24:28.390-0530: 216.405: Total time for which application threads were stopped: 0.0000898 seconds, Stopping threads took: 0.0000243 seconds
2020-02-10T11:24:28.402-0530: 216.417: Total time for which application threads were stopped: 0.0001066 seconds, Stopping threads took: 0.0000517 seconds
2020-02-10T11:24:28.402-0530: 216.417: Total time for which application threads were stopped: 0.0000679 seconds, Stopping threads took: 0.0000307 seconds
2020-02-10T11:24:28.402-0530: 216.417: Total time for which application threads were stopped: 0.0000880 seconds, Stopping threads took: 0.0000396 seconds
2020-02-10T11:24:28.405-0530: 216.420: Total time for which application threads were stopped: 0.0000984 seconds, Stopping threads took: 0.0000207 seconds
2020-02-10T11:24:28.405-0530: 216.420: Total time for which application threads were stopped: 0.0000764 seconds, Stopping threads took: 0.0000143 seconds
2020-02-10T11:24:28.405-0530: 216.420: Total time for which application threads were stopped: 0.0001130 seconds, Stopping threads took: 0.0000246 seconds
2020-02-10T11:24:28.406-0530: 216.421: Total time for which application threads were stopped: 0.0000670 seconds, Stopping threads took: 0.0000124 seconds
2020-02-10T11:24:28.406-0530: 216.421: Total time for which application threads were stopped: 0.0001039 seconds, Stopping threads took: 0.0000125 seconds
2020-02-10T11:24:28.406-0530: 216.421: Total time for which application threads were stopped: 0.0000624 seconds, Stopping threads took: 0.0000104 seconds
2020-02-10T11:24:28.407-0530: 216.421: Total time for which application threads were stopped: 0.0000639 seconds, Stopping threads took: 0.0000094 seconds
2020-02-10T11:24:28.407-0530: 216.422: Total time for which application threads were stopped: 0.0000806 seconds, Stopping threads took: 0.0000094 seconds
2020-02-10T11:24:28.407-0530: 216.422: Total time for which application threads were stopped: 0.0000612 seconds, Stopping threads took: 0.0000092 seconds
2020-02-10T11:24:28.407-0530: 216.422: Total time for which application threads were stopped: 0.0000595 seconds, Stopping threads took: 0.0000102 seconds
2020-02-10T11:24:28.407-0530: 216.422: Total time for which application threads were stopped: 0.0000631 seconds, Stopping threads took: 0.0000095 seconds
2020-02-10T11:24:28.408-0530: 216.422: Total time for which application threads were stopped: 0.0000836 seconds, Stopping threads took: 0.0000094 seconds
2020-02-10T11:24:28.408-0530: 216.423: Total time for which application threads were stopped: 0.0000550 seconds, Stopping threads took: 0.0000113 seconds
2020-02-10T11:24:29.411-0530: 217.426: Total time for which application threads were stopped: 0.0001138 seconds, Stopping threads took: 0.0000343 seconds
{Heap before GC invocations=49 (full 2):
 par new generation   total 109248K, used 88181K [0x00000007a0000000, 0x00000007a8000000, 0x00000007a8000000)
  eden space 87424K,  99% used [0x00000007a0000000, 0x00000007a54e0968, 0x00000007a5560000)
  from space 21824K,   5% used [0x00000007a6ab0000, 0x00000007a6becb08, 0x00000007a8000000)
  to   space 21824K,   0% used [0x00000007a5560000, 0x00000007a5560000, 0x00000007a6ab0000)
 concurrent mark-sweep generation total 393216K, used 19511K [0x00000007a8000000, 0x00000007c0000000, 0x00000007c0000000)
 Metaspace       used 43909K, capacity 45235K, committed 45376K, reserved 1089536K
  class space    used 5297K, capacity 5599K, committed 5696K, reserved 1048576K
2020-02-10T11:24:30.636-0530: 218.651: [GC (Allocation Failure) 2020-02-10T11:24:30.636-0530: 218.651: [ParNew
Desired survivor size 20112992 bytes, new threshold 8 (max 8)
- age   1:    1824760 bytes,    1824760 total
- age   4:       3032 bytes,    1827792 total
- age   5:      51720 bytes,    1879512 total
- age   6:       4896 bytes,    1884408 total
- age   7:       3624 bytes,    1888032 total
- age   8:       2904 bytes,    1890936 total
: 88181K->2312K(109248K), 0.0035098 secs] 107692K->21823K(502464K), 0.0036156 secs] [Times: user=0.01 sys=0.00, real=0.00 secs] 
Heap after GC invocations=50 (full 2):
 par new generation   total 109248K, used 2312K [0x00000007a0000000, 0x00000007a8000000, 0x00000007a8000000)
  eden space 87424K,   0% used [0x00000007a0000000, 0x00000007a0000000, 0x00000007a5560000)
  from space 21824K,  10% used [0x00000007a5560000, 0x00000007a57a2208, 0x00000007a6ab0000)
  to   space 21824K,   0% used [0x00000007a6ab0000, 0x00000007a6ab0000, 0x00000007a8000000)
 concurrent mark-sweep generation total 393216K, used 19511K [0x00000007a8000000, 0x00000007c0000000, 0x00000007c0000000)
 Metaspace       used 43909K, capacity 45235K, committed 45376K, reserved 1089536K
  class space    used 5297K, capacity 5599K, committed 5696K, reserved 1048576K
}
2020-02-10T11:24:30.639-0530: 218.654: Total time for which application threads were stopped: 0.0038519 seconds, Stopping threads took: 0.0000278 seconds
2020-02-10T11:24:30.652-0530: 218.667: Total time for which application threads were stopped: 0.0000861 seconds, Stopping threads took: 0.0000289 seconds
2020-02-10T11:24:30.661-0530: 218.676: Total time for which application threads were stopped: 0.0001682 seconds, Stopping threads took: 0.0001005 seconds
2020-02-10T11:24:30.662-0530: 218.676: Total time for which application threads were stopped: 0.0001257 seconds, Stopping threads took: 0.0000704 seconds
2020-02-10T11:24:30.662-0530: 218.676: Total time for which application threads were stopped: 0.0000824 seconds, Stopping threads took: 0.0000399 seconds
2020-02-10T11:24:32.780-0530: 220.795: Total time for which application threads were stopped: 0.0001307 seconds, Stopping threads took: 0.0000538 seconds
2020-02-10T11:24:32.790-0530: 220.805: Total time for which application threads were stopped: 0.0001356 seconds, Stopping threads took: 0.0000448 seconds
2020-02-10T11:24:32.790-0530: 220.805: Total time for which application threads were stopped: 0.0001158 seconds, Stopping threads took: 0.0000638 seconds
2020-02-10T11:24:32.791-0530: 220.805: Total time for which application threads were stopped: 0.0000644 seconds, Stopping threads took: 0.0000228 seconds
2020-02-10T11:24:34.978-0530: 222.993: Total time for which application threads were stopped: 0.0001225 seconds, Stopping threads took: 0.0000221 seconds
2020-02-10T11:24:34.988-0530: 223.003: Total time for which application threads were stopped: 0.0000922 seconds, Stopping threads took: 0.0000311 seconds
2020-02-10T11:24:34.989-0530: 223.003: Total time for which application threads were stopped: 0.0000912 seconds, Stopping threads took: 0.0000560 seconds
2020-02-10T11:24:34.989-0530: 223.003: Total time for which application threads were stopped: 0.0000478 seconds, Stopping threads took: 0.0000111 seconds
2020-02-10T11:24:35.989-0530: 224.004: Total time for which application threads were stopped: 0.0000939 seconds, Stopping threads took: 0.0000428 seconds
{Heap before GC invocations=50 (full 2):
 par new generation   total 109248K, used 89736K [0x00000007a0000000, 0x00000007a8000000, 0x00000007a8000000)
  eden space 87424K, 100% used [0x00000007a0000000, 0x00000007a5560000, 0x00000007a5560000)
  from space 21824K,  10% used [0x00000007a5560000, 0x00000007a57a2208, 0x00000007a6ab0000)
  to   space 21824K,   0% used [0x00000007a6ab0000, 0x00000007a6ab0000, 0x00000007a8000000)
 concurrent mark-sweep generation total 393216K, used 19511K [0x00000007a8000000, 0x00000007c0000000, 0x00000007c0000000)
 Metaspace       used 43921K, capacity 45235K, committed 45376K, reserved 1089536K
  class space    used 5297K, capacity 5599K, committed 5696K, reserved 1048576K
2020-02-10T11:24:37.111-0530: 225.125: [GC (Allocation Failure) 2020-02-10T11:24:37.111-0530: 225.125: [ParNew
Desired survivor size 20112992 bytes, new threshold 8 (max 8)
- age   1:    1460976 bytes,    1460976 total
- age   2:     132608 bytes,    1593584 total
- age   5:       1728 bytes,    1595312 total
- age   6:      50896 bytes,    1646208 total
- age   7:       4536 bytes,    1650744 total
- age   8:       3624 bytes,    1654368 total
: 89736K->2129K(109248K), 0.0040568 secs] 109247K->21643K(502464K), 0.0041690 secs] [Times: user=0.01 sys=0.00, real=0.00 secs] 
Heap after GC invocations=51 (full 2):
 par new generation   total 109248K, used 2129K [0x00000007a0000000, 0x00000007a8000000, 0x00000007a8000000)
  eden space 87424K,   0% used [0x00000007a0000000, 0x00000007a0000000, 0x00000007a5560000)
  from space 21824K,   9% used [0x00000007a6ab0000, 0x00000007a6cc4580, 0x00000007a8000000)
  to   space 21824K,   0% used [0x00000007a5560000, 0x00000007a5560000, 0x00000007a6ab0000)
 concurrent mark-sweep generation total 393216K, used 19514K [0x00000007a8000000, 0x00000007c0000000, 0x00000007c0000000)
 Metaspace       used 43921K, capacity 45235K, committed 45376K, reserved 1089536K
  class space    used 5297K, capacity 5599K, committed 5696K, reserved 1048576K
}
2020-02-10T11:24:37.115-0530: 225.130: Total time for which application threads were stopped: 0.0043408 seconds, Stopping threads took: 0.0000211 seconds
2020-02-10T11:24:37.162-0530: 225.177: Total time for which application threads were stopped: 0.0001230 seconds, Stopping threads took: 0.0000300 seconds
2020-02-10T11:24:37.175-0530: 225.190: Total time for which application threads were stopped: 0.0001772 seconds, Stopping threads took: 0.0000774 seconds
2020-02-10T11:24:37.175-0530: 225.190: Total time for which application threads were stopped: 0.0001411 seconds, Stopping threads took: 0.0000707 seconds
2020-02-10T11:24:37.175-0530: 225.190: Total time for which application threads were stopped: 0.0000652 seconds, Stopping threads took: 0.0000114 seconds
2020-02-10T11:24:38.179-0530: 226.193: Total time for which application threads were stopped: 0.0001245 seconds, Stopping threads took: 0.0000430 seconds
2020-02-10T11:24:39.180-0530: 227.194: Total time for which application threads were stopped: 0.0001277 seconds, Stopping threads took: 0.0000321 seconds
2020-02-10T11:24:39.332-0530: 227.346: Total time for which application threads were stopped: 0.0000922 seconds, Stopping threads took: 0.0000239 seconds
2020-02-10T11:24:39.344-0530: 227.358: Total time for which application threads were stopped: 0.0001271 seconds, Stopping threads took: 0.0000447 seconds
2020-02-10T11:24:39.344-0530: 227.359: Total time for which application threads were stopped: 0.0001183 seconds, Stopping threads took: 0.0000332 seconds
2020-02-10T11:24:39.344-0530: 227.359: Total time for which application threads were stopped: 0.0001361 seconds, Stopping threads took: 0.0000609 seconds
{Heap before GC invocations=51 (full 2):
 par new generation   total 109248K, used 89553K [0x00000007a0000000, 0x00000007a8000000, 0x00000007a8000000)
  eden space 87424K, 100% used [0x00000007a0000000, 0x00000007a5560000, 0x00000007a5560000)
  from space 21824K,   9% used [0x00000007a6ab0000, 0x00000007a6cc4580, 0x00000007a8000000)
  to   space 21824K,   0% used [0x00000007a5560000, 0x00000007a5560000, 0x00000007a6ab0000)
 concurrent mark-sweep generation total 393216K, used 19514K [0x00000007a8000000, 0x00000007c0000000, 0x00000007c0000000)
 Metaspace       used 43955K, capacity 45235K, committed 45376K, reserved 1089536K
  class space    used 5297K, capacity 5599K, committed 5696K, reserved 1048576K
2020-02-10T11:24:41.536-0530: 229.550: [GC (Allocation Failure) 2020-02-10T11:24:41.536-0530: 229.551: [ParNew
Desired survivor size 20112992 bytes, new threshold 8 (max 8)
- age   1:    1677096 bytes,    1677096 total
- age   2:      96376 bytes,    1773472 total
- age   3:     131536 bytes,    1905008 total
- age   6:       1728 bytes,    1906736 total
- age   7:      50752 bytes,    1957488 total
- age   8:       4536 bytes,    1962024 total
: 89553K->2382K(109248K), 0.0038437 secs] 109067K->21899K(502464K), 0.0039606 secs] [Times: user=0.02 sys=0.00, real=0.01 secs] 
Heap after GC invocations=52 (full 2):
 par new generation   total 109248K, used 2382K [0x00000007a0000000, 0x00000007a8000000, 0x00000007a8000000)
  eden space 87424K,   0% used [0x00000007a0000000, 0x00000007a0000000, 0x00000007a5560000)
  from space 21824K,  10% used [0x00000007a5560000, 0x00000007a57b3830, 0x00000007a6ab0000)
  to   space 21824K,   0% used [0x00000007a6ab0000, 0x00000007a6ab0000, 0x00000007a8000000)
 concurrent mark-sweep generation total 393216K, used 19517K [0x00000007a8000000, 0x00000007c0000000, 0x00000007c0000000)
 Metaspace       used 43955K, capacity 45235K, committed 45376K, reserved 1089536K
  class space    used 5297K, capacity 5599K, committed 5696K, reserved 1048576K
}
2020-02-10T11:24:41.540-0530: 229.554: Total time for which application threads were stopped: 0.0041562 seconds, Stopping threads took: 0.0000247 seconds
2020-02-10T11:24:41.541-0530: 229.555: Total time for which application threads were stopped: 0.0000860 seconds, Stopping threads took: 0.0000283 seconds
2020-02-10T11:24:41.552-0530: 229.566: Total time for which application threads were stopped: 0.0001346 seconds, Stopping threads took: 0.0000646 seconds
2020-02-10T11:24:41.552-0530: 229.566: Total time for which application threads were stopped: 0.0000599 seconds, Stopping threads took: 0.0000114 seconds
2020-02-10T11:24:41.552-0530: 229.566: Total time for which application threads were stopped: 0.0000751 seconds, Stopping threads took: 0.0000240 seconds
2020-02-10T11:24:43.756-0530: 231.770: Total time for which application threads were stopped: 0.0001588 seconds, Stopping threads took: 0.0000658 seconds
2020-02-10T11:24:43.771-0530: 231.785: Total time for which application threads were stopped: 0.0001394 seconds, Stopping threads took: 0.0000692 seconds
2020-02-10T11:24:43.772-0530: 231.786: Total time for which application threads were stopped: 0.0000922 seconds, Stopping threads took: 0.0000201 seconds
2020-02-10T11:24:43.772-0530: 231.786: Total time for which application threads were stopped: 0.0001027 seconds, Stopping threads took: 0.0000496 seconds
2020-02-10T11:24:44.777-0530: 232.792: Total time for which application threads were stopped: 0.0000800 seconds, Stopping threads took: 0.0000230 seconds
2020-02-10T11:24:46.038-0530: 234.052: Total time for which application threads were stopped: 0.0000867 seconds, Stopping threads took: 0.0000217 seconds
2020-02-10T11:24:46.050-0530: 234.065: Total time for which application threads were stopped: 0.0001317 seconds, Stopping threads took: 0.0000393 seconds
2020-02-10T11:24:46.052-0530: 234.067: Total time for which application threads were stopped: 0.0001547 seconds, Stopping threads took: 0.0000416 seconds
2020-02-10T11:24:46.054-0530: 234.068: Total time for which application threads were stopped: 0.0001803 seconds, Stopping threads took: 0.0000889 seconds
2020-02-10T11:24:46.054-0530: 234.069: Total time for which application threads were stopped: 0.0001670 seconds, Stopping threads took: 0.0000738 seconds
2020-02-10T11:24:46.055-0530: 234.069: Total time for which application threads were stopped: 0.0001357 seconds, Stopping threads took: 0.0000610 seconds
{Heap before GC invocations=52 (full 2):
 par new generation   total 109248K, used 89806K [0x00000007a0000000, 0x00000007a8000000, 0x00000007a8000000)
  eden space 87424K, 100% used [0x00000007a0000000, 0x00000007a5560000, 0x00000007a5560000)
  from space 21824K,  10% used [0x00000007a5560000, 0x00000007a57b3830, 0x00000007a6ab0000)
  to   space 21824K,   0% used [0x00000007a6ab0000, 0x00000007a6ab0000, 0x00000007a8000000)
 concurrent mark-sweep generation total 393216K, used 19517K [0x00000007a8000000, 0x00000007c0000000, 0x00000007c0000000)
 Metaspace       used 43977K, capacity 45235K, committed 45376K, reserved 1089536K
  class space    used 5297K, capacity 5599K, committed 5696K, reserved 1048576K
2020-02-10T11:24:46.128-0530: 234.143: [GC (Allocation Failure) 2020-02-10T11:24:46.128-0530: 234.143: [ParNew
Desired survivor size 20112992 bytes, new threshold 8 (max 8)
- age   1:     649312 bytes,     649312 total
- age   2:      72072 bytes,     721384 total
- age   3:      95064 bytes,     816448 total
- age   4:     131392 bytes,     947840 total
- age   7:       1728 bytes,     949568 total
- age   8:      50752 bytes,    1000320 total
: 89806K->1958K(109248K), 0.0049301 secs] 109323K->21479K(502464K), 0.0050523 secs] [Times: user=0.01 sys=0.00, real=0.01 secs] 
Heap after GC invocations=53 (full 2):
 par new generation   total 109248K, used 1958K [0x00000007a0000000, 0x00000007a8000000, 0x00000007a8000000)
  eden space 87424K,   0% used [0x00000007a0000000, 0x00000007a0000000, 0x00000007a5560000)
  from space 21824K,   8% used [0x00000007a6ab0000, 0x00000007a6c99808, 0x00000007a8000000)
  to   space 21824K,   0% used [0x00000007a5560000, 0x00000007a5560000, 0x00000007a6ab0000)
 concurrent mark-sweep generation total 393216K, used 19521K [0x00000007a8000000, 0x00000007c0000000, 0x00000007c0000000)
 Metaspace       used 43977K, capacity 45235K, committed 45376K, reserved 1089536K
  class space    used 5297K, capacity 5599K, committed 5696K, reserved 1048576K
}
2020-02-10T11:24:46.133-0530: 234.148: Total time for which application threads were stopped: 0.0052600 seconds, Stopping threads took: 0.0000276 seconds
{Heap before GC invocations=53 (full 2):
 par new generation   total 109248K, used 89382K [0x00000007a0000000, 0x00000007a8000000, 0x00000007a8000000)
  eden space 87424K, 100% used [0x00000007a0000000, 0x00000007a5560000, 0x00000007a5560000)
  from space 21824K,   8% used [0x00000007a6ab0000, 0x00000007a6c99808, 0x00000007a8000000)
  to   space 21824K,   0% used [0x00000007a5560000, 0x00000007a5560000, 0x00000007a6ab0000)
 concurrent mark-sweep generation total 393216K, used 19521K [0x00000007a8000000, 0x00000007c0000000, 0x00000007c0000000)
 Metaspace       used 43977K, capacity 45235K, committed 45376K, reserved 1089536K
  class space    used 5297K, capacity 5599K, committed 5696K, reserved 1048576K
2020-02-10T11:24:46.287-0530: 234.301: [GC (Allocation Failure) 2020-02-10T11:24:46.287-0530: 234.301: [ParNew
Desired survivor size 20112992 bytes, new threshold 8 (max 8)
- age   1:     148744 bytes,     148744 total
- age   2:     566160 bytes,     714904 total
- age   3:      71160 bytes,     786064 total
- age   4:      95064 bytes,     881128 total
- age   5:     131392 bytes,    1012520 total
- age   8:       1728 bytes,    1014248 total
: 89382K->1085K(109248K), 0.0072559 secs] 108903K->20657K(502464K), 0.0073714 secs] [Times: user=0.02 sys=0.00, real=0.01 secs] 
Heap after GC invocations=54 (full 2):
 par new generation   total 109248K, used 1085K [0x00000007a0000000, 0x00000007a8000000, 0x00000007a8000000)
  eden space 87424K,   0% used [0x00000007a0000000, 0x00000007a0000000, 0x00000007a5560000)
  from space 21824K,   4% used [0x00000007a5560000, 0x00000007a566f7e8, 0x00000007a6ab0000)
  to   space 21824K,   0% used [0x00000007a6ab0000, 0x00000007a6ab0000, 0x00000007a8000000)
 concurrent mark-sweep generation total 393216K, used 19571K [0x00000007a8000000, 0x00000007c0000000, 0x00000007c0000000)
 Metaspace       used 43977K, capacity 45235K, committed 45376K, reserved 1089536K
  class space    used 5297K, capacity 5599K, committed 5696K, reserved 1048576K
}
2020-02-10T11:24:46.294-0530: 234.309: Total time for which application threads were stopped: 0.0076156 seconds, Stopping threads took: 0.0000283 seconds
{Heap before GC invocations=54 (full 2):
 par new generation   total 109248K, used 88509K [0x00000007a0000000, 0x00000007a8000000, 0x00000007a8000000)
  eden space 87424K, 100% used [0x00000007a0000000, 0x00000007a5560000, 0x00000007a5560000)
  from space 21824K,   4% used [0x00000007a5560000, 0x00000007a566f7e8, 0x00000007a6ab0000)
  to   space 21824K,   0% used [0x00000007a6ab0000, 0x00000007a6ab0000, 0x00000007a8000000)
 concurrent mark-sweep generation total 393216K, used 19571K [0x00000007a8000000, 0x00000007c0000000, 0x00000007c0000000)
 Metaspace       used 43977K, capacity 45235K, committed 45376K, reserved 1089536K
  class space    used 5297K, capacity 5599K, committed 5696K, reserved 1048576K
2020-02-10T11:24:46.585-0530: 234.599: [GC (Allocation Failure) 2020-02-10T11:24:46.585-0530: 234.599: [ParNew
Desired survivor size 20112992 bytes, new threshold 8 (max 8)
- age   1:     142944 bytes,     142944 total
- age   2:       7264 bytes,     150208 total
- age   3:     566160 bytes,     716368 total
- age   4:      71160 bytes,     787528 total
- age   5:      95064 bytes,     882592 total
- age   6:     131392 bytes,    1013984 total
: 88509K->1446K(109248K), 0.0033319 secs] 108081K->21019K(502464K), 0.0034429 secs] [Times: user=0.01 sys=0.00, real=0.00 secs] 
Heap after GC invocations=55 (full 2):
 par new generation   total 109248K, used 1446K [0x00000007a0000000, 0x00000007a8000000, 0x00000007a8000000)
  eden space 87424K,   0% used [0x00000007a0000000, 0x00000007a0000000, 0x00000007a5560000)
  from space 21824K,   6% used [0x00000007a6ab0000, 0x00000007a6c19910, 0x00000007a8000000)
  to   space 21824K,   0% used [0x00000007a5560000, 0x00000007a5560000, 0x00000007a6ab0000)
 concurrent mark-sweep generation total 393216K, used 19573K [0x00000007a8000000, 0x00000007c0000000, 0x00000007c0000000)
 Metaspace       used 43977K, capacity 45235K, committed 45376K, reserved 1089536K
  class space    used 5297K, capacity 5599K, committed 5696K, reserved 1048576K
}
2020-02-10T11:24:46.588-0530: 234.603: Total time for which application threads were stopped: 0.0036815 seconds, Stopping threads took: 0.0000272 seconds
{Heap before GC invocations=55 (full 2):
 par new generation   total 109248K, used 88870K [0x00000007a0000000, 0x00000007a8000000, 0x00000007a8000000)
  eden space 87424K, 100% used [0x00000007a0000000, 0x00000007a5560000, 0x00000007a5560000)
  from space 21824K,   6% used [0x00000007a6ab0000, 0x00000007a6c19910, 0x00000007a8000000)
  to   space 21824K,   0% used [0x00000007a5560000, 0x00000007a5560000, 0x00000007a6ab0000)
 concurrent mark-sweep generation total 393216K, used 19573K [0x00000007a8000000, 0x00000007c0000000, 0x00000007c0000000)
 Metaspace       used 43977K, capacity 45235K, committed 45376K, reserved 1089536K
  class space    used 5297K, capacity 5599K, committed 5696K, reserved 1048576K
2020-02-10T11:24:46.797-0530: 234.811: [GC (Allocation Failure) 2020-02-10T11:24:46.797-0530: 234.811: [ParNew
Desired survivor size 20112992 bytes, new threshold 8 (max 8)
- age   1:     198520 bytes,     198520 total
- age   2:       2048 bytes,     200568 total
- age   3:       7176 bytes,     207744 total
- age   4:     566080 bytes,     773824 total
- age   5:      71160 bytes,     844984 total
- age   6:      95064 bytes,     940048 total
- age   7:     131392 bytes,    1071440 total
: 88870K->1381K(109248K), 0.0032035 secs] 108443K->20954K(502464K), 0.0033152 secs] [Times: user=0.01 sys=0.00, real=0.01 secs] 
Heap after GC invocations=56 (full 2):
 par new generation   total 109248K, used 1381K [0x00000007a0000000, 0x00000007a8000000, 0x00000007a8000000)
  eden space 87424K,   0% used [0x00000007a0000000, 0x00000007a0000000, 0x00000007a5560000)
  from space 21824K,   6% used [0x00000007a5560000, 0x00000007a56b9600, 0x00000007a6ab0000)
  to   space 21824K,   0% used [0x00000007a6ab0000, 0x00000007a6ab0000, 0x00000007a8000000)
 concurrent mark-sweep generation total 393216K, used 19573K [0x00000007a8000000, 0x00000007c0000000, 0x00000007c0000000)
 Metaspace       used 43977K, capacity 45235K, committed 45376K, reserved 1089536K
  class space    used 5297K, capacity 5599K, committed 5696K, reserved 1048576K
}
2020-02-10T11:24:46.800-0530: 234.815: Total time for which application threads were stopped: 0.0035121 seconds, Stopping threads took: 0.0000278 seconds
2020-02-10T11:24:47.804-0530: 235.819: Total time for which application threads were stopped: 0.0000898 seconds, Stopping threads took: 0.0000288 seconds
2020-02-10T11:24:48.453-0530: 236.468: Total time for which application threads were stopped: 0.0000687 seconds, Stopping threads took: 0.0000202 seconds
2020-02-10T11:24:48.463-0530: 236.477: Total time for which application threads were stopped: 0.0001164 seconds, Stopping threads took: 0.0000423 seconds
2020-02-10T11:24:48.463-0530: 236.477: Total time for which application threads were stopped: 0.0000626 seconds, Stopping threads took: 0.0000251 seconds
2020-02-10T11:24:48.463-0530: 236.477: Total time for which application threads were stopped: 0.0000529 seconds, Stopping threads took: 0.0000195 seconds
2020-02-10T11:24:48.465-0530: 236.479: Total time for which application threads were stopped: 0.0000836 seconds, Stopping threads took: 0.0000169 seconds
2020-02-10T11:24:48.465-0530: 236.480: Total time for which application threads were stopped: 0.0001095 seconds, Stopping threads took: 0.0000285 seconds
2020-02-10T11:24:48.466-0530: 236.480: Total time for which application threads were stopped: 0.0000849 seconds, Stopping threads took: 0.0000154 seconds
2020-02-10T11:24:48.466-0530: 236.480: Total time for which application threads were stopped: 0.0000538 seconds, Stopping threads took: 0.0000093 seconds
2020-02-10T11:24:48.466-0530: 236.480: Total time for which application threads were stopped: 0.0000675 seconds, Stopping threads took: 0.0000077 seconds
2020-02-10T11:24:48.466-0530: 236.480: Total time for which application threads were stopped: 0.0000438 seconds, Stopping threads took: 0.0000072 seconds
2020-02-10T11:24:48.466-0530: 236.481: Total time for which application threads were stopped: 0.0000398 seconds, Stopping threads took: 0.0000070 seconds
2020-02-10T11:24:48.466-0530: 236.481: Total time for which application threads were stopped: 0.0000405 seconds, Stopping threads took: 0.0000066 seconds
2020-02-10T11:24:48.467-0530: 236.481: Total time for which application threads were stopped: 0.0000518 seconds, Stopping threads took: 0.0000072 seconds
2020-02-10T11:24:48.467-0530: 236.481: Total time for which application threads were stopped: 0.0001739 seconds, Stopping threads took: 0.0000460 seconds
2020-02-10T11:24:48.467-0530: 236.481: Total time for which application threads were stopped: 0.0000749 seconds, Stopping threads took: 0.0000357 seconds
2020-02-10T11:24:48.467-0530: 236.482: Total time for which application threads were stopped: 0.0000751 seconds, Stopping threads took: 0.0000101 seconds
2020-02-10T11:24:48.468-0530: 236.482: Total time for which application threads were stopped: 0.0000775 seconds, Stopping threads took: 0.0000106 seconds
2020-02-10T11:24:48.468-0530: 236.482: Total time for which application threads were stopped: 0.0000918 seconds, Stopping threads took: 0.0000354 seconds
2020-02-10T11:24:48.468-0530: 236.483: Total time for which application threads were stopped: 0.0001465 seconds, Stopping threads took: 0.0000339 seconds
2020-02-10T11:24:50.733-0530: 238.748: Total time for which application threads were stopped: 0.0000884 seconds, Stopping threads took: 0.0000284 seconds
2020-02-10T11:24:50.742-0530: 238.757: Total time for which application threads were stopped: 0.0001526 seconds, Stopping threads took: 0.0000735 seconds
2020-02-10T11:24:50.743-0530: 238.757: Total time for which application threads were stopped: 0.0001115 seconds, Stopping threads took: 0.0000590 seconds
2020-02-10T11:24:50.743-0530: 238.757: Total time for which application threads were stopped: 0.0000585 seconds, Stopping threads took: 0.0000110 seconds
2020-02-10T11:24:51.747-0530: 239.761: Total time for which application threads were stopped: 0.0001316 seconds, Stopping threads took: 0.0000405 seconds
{Heap before GC invocations=56 (full 2):
 par new generation   total 109248K, used 88805K [0x00000007a0000000, 0x00000007a8000000, 0x00000007a8000000)
  eden space 87424K, 100% used [0x00000007a0000000, 0x00000007a5560000, 0x00000007a5560000)
  from space 21824K,   6% used [0x00000007a5560000, 0x00000007a56b9600, 0x00000007a6ab0000)
  to   space 21824K,   0% used [0x00000007a6ab0000, 0x00000007a6ab0000, 0x00000007a8000000)
 concurrent mark-sweep generation total 393216K, used 19573K [0x00000007a8000000, 0x00000007c0000000, 0x00000007c0000000)
 Metaspace       used 43987K, capacity 45235K, committed 45376K, reserved 1089536K
  class space    used 5297K, capacity 5599K, committed 5696K, reserved 1048576K
2020-02-10T11:24:52.857-0530: 240.871: [GC (Allocation Failure) 2020-02-10T11:24:52.857-0530: 240.871: [ParNew
Desired survivor size 20112992 bytes, new threshold 8 (max 8)
- age   1:    1046232 bytes,    1046232 total
- age   5:       5632 bytes,    1051864 total
- age   6:      10000 bytes,    1061864 total
- age   7:       3128 bytes,    1064992 total
- age   8:       2968 bytes,    1067960 total
: 88805K->1441K(109248K), 0.0033775 secs] 108378K->21014K(502464K), 0.0034728 secs] [Times: user=0.01 sys=0.00, real=0.01 secs] 
Heap after GC invocations=57 (full 2):
 par new generation   total 109248K, used 1441K [0x00000007a0000000, 0x00000007a8000000, 0x00000007a8000000)
  eden space 87424K,   0% used [0x00000007a0000000, 0x00000007a0000000, 0x00000007a5560000)
  from space 21824K,   6% used [0x00000007a6ab0000, 0x00000007a6c185a0, 0x00000007a8000000)
  to   space 21824K,   0% used [0x00000007a5560000, 0x00000007a5560000, 0x00000007a6ab0000)
 concurrent mark-sweep generation total 393216K, used 19573K [0x00000007a8000000, 0x00000007c0000000, 0x00000007c0000000)
 Metaspace       used 43987K, capacity 45235K, committed 45376K, reserved 1089536K
  class space    used 5297K, capacity 5599K, committed 5696K, reserved 1048576K
}
2020-02-10T11:24:52.860-0530: 240.875: Total time for which application threads were stopped: 0.0036556 seconds, Stopping threads took: 0.0000297 seconds
2020-02-10T11:24:52.917-0530: 240.931: Total time for which application threads were stopped: 0.0001681 seconds, Stopping threads took: 0.0000195 seconds
2020-02-10T11:24:52.927-0530: 240.941: Total time for which application threads were stopped: 0.0001866 seconds, Stopping threads took: 0.0000836 seconds
2020-02-10T11:24:52.927-0530: 240.941: Total time for which application threads were stopped: 0.0001199 seconds, Stopping threads took: 0.0000655 seconds
2020-02-10T11:24:52.927-0530: 240.942: Total time for which application threads were stopped: 0.0001259 seconds, Stopping threads took: 0.0000834 seconds
2020-02-10T11:24:53.929-0530: 241.943: Total time for which application threads were stopped: 0.0000807 seconds, Stopping threads took: 0.0000244 seconds
2020-02-10T11:24:55.053-0530: 243.067: Total time for which application threads were stopped: 0.0000767 seconds, Stopping threads took: 0.0000195 seconds
2020-02-10T11:24:55.062-0530: 243.076: Total time for which application threads were stopped: 0.0001187 seconds, Stopping threads took: 0.0000534 seconds
2020-02-10T11:24:55.062-0530: 243.076: Total time for which application threads were stopped: 0.0001172 seconds, Stopping threads took: 0.0000683 seconds
2020-02-10T11:24:55.062-0530: 243.076: Total time for which application threads were stopped: 0.0000485 seconds, Stopping threads took: 0.0000111 seconds
2020-02-10T11:24:56.065-0530: 244.079: Total time for which application threads were stopped: 0.0000915 seconds, Stopping threads took: 0.0000302 seconds
{Heap before GC invocations=57 (full 2):
 par new generation   total 109248K, used 88619K [0x00000007a0000000, 0x00000007a8000000, 0x00000007a8000000)
  eden space 87424K,  99% used [0x00000007a0000000, 0x00000007a55228a0, 0x00000007a5560000)
  from space 21824K,   6% used [0x00000007a6ab0000, 0x00000007a6c185a0, 0x00000007a8000000)
  to   space 21824K,   0% used [0x00000007a5560000, 0x00000007a5560000, 0x00000007a6ab0000)
 concurrent mark-sweep generation total 393216K, used 19573K [0x00000007a8000000, 0x00000007c0000000, 0x00000007c0000000)
 Metaspace       used 43999K, capacity 45235K, committed 45376K, reserved 1089536K
  class space    used 5297K, capacity 5599K, committed 5696K, reserved 1048576K
2020-02-10T11:24:57.248-0530: 245.262: [GC (Allocation Failure) 2020-02-10T11:24:57.248-0530: 245.262: [ParNew
Desired survivor size 20112992 bytes, new threshold 8 (max 8)
- age   1:    1591840 bytes,    1591840 total
- age   2:     175760 bytes,    1767600 total
- age   6:       3808 bytes,    1771408 total
- age   7:       9656 bytes,    1781064 total
- age   8:       3128 bytes,    1784192 total
: 88619K->1849K(109248K), 0.0047980 secs] 108192K->21425K(502464K), 0.0049486 secs] [Times: user=0.01 sys=0.00, real=0.01 secs] 
Heap after GC invocations=58 (full 2):
 par new generation   total 109248K, used 1849K [0x00000007a0000000, 0x00000007a8000000, 0x00000007a8000000)
  eden space 87424K,   0% used [0x00000007a0000000, 0x00000007a0000000, 0x00000007a5560000)
  from space 21824K,   8% used [0x00000007a5560000, 0x00000007a572e660, 0x00000007a6ab0000)
  to   space 21824K,   0% used [0x00000007a6ab0000, 0x00000007a6ab0000, 0x00000007a8000000)
 concurrent mark-sweep generation total 393216K, used 19576K [0x00000007a8000000, 0x00000007c0000000, 0x00000007c0000000)
 Metaspace       used 43999K, capacity 45235K, committed 45376K, reserved 1089536K
  class space    used 5297K, capacity 5599K, committed 5696K, reserved 1048576K
}
2020-02-10T11:24:57.253-0530: 245.267: Total time for which application threads were stopped: 0.0052391 seconds, Stopping threads took: 0.0000538 seconds
2020-02-10T11:24:57.265-0530: 245.279: Total time for which application threads were stopped: 0.0000895 seconds, Stopping threads took: 0.0000253 seconds
2020-02-10T11:24:57.275-0530: 245.289: Total time for which application threads were stopped: 0.0001111 seconds, Stopping threads took: 0.0000561 seconds
2020-02-10T11:24:57.275-0530: 245.289: Total time for which application threads were stopped: 0.0001548 seconds, Stopping threads took: 0.0000955 seconds
2020-02-10T11:24:57.275-0530: 245.289: Total time for which application threads were stopped: 0.0000768 seconds, Stopping threads took: 0.0000353 seconds
2020-02-10T11:24:59.469-0530: 247.483: Total time for which application threads were stopped: 0.0000937 seconds, Stopping threads took: 0.0000274 seconds
2020-02-10T11:24:59.484-0530: 247.498: Total time for which application threads were stopped: 0.0002270 seconds, Stopping threads took: 0.0001009 seconds
2020-02-10T11:24:59.484-0530: 247.498: Total time for which application threads were stopped: 0.0001083 seconds, Stopping threads took: 0.0000319 seconds
2020-02-10T11:24:59.484-0530: 247.498: Total time for which application threads were stopped: 0.0001026 seconds, Stopping threads took: 0.0000440 seconds
2020-02-10T11:25:01.701-0530: 249.715: Total time for which application threads were stopped: 0.0000903 seconds, Stopping threads took: 0.0000208 seconds
2020-02-10T11:25:01.713-0530: 249.727: Total time for which application threads were stopped: 0.0001123 seconds, Stopping threads took: 0.0000389 seconds
2020-02-10T11:25:01.713-0530: 249.727: Total time for which application threads were stopped: 0.0000944 seconds, Stopping threads took: 0.0000109 seconds
2020-02-10T11:25:01.713-0530: 249.727: Total time for which application threads were stopped: 0.0001142 seconds, Stopping threads took: 0.0000293 seconds
2020-02-10T11:25:02.715-0530: 250.728: Total time for which application threads were stopped: 0.0001242 seconds, Stopping threads took: 0.0000389 seconds
{Heap before GC invocations=58 (full 2):
 par new generation   total 109248K, used 89273K [0x00000007a0000000, 0x00000007a8000000, 0x00000007a8000000)
  eden space 87424K, 100% used [0x00000007a0000000, 0x00000007a5560000, 0x00000007a5560000)
  from space 21824K,   8% used [0x00000007a5560000, 0x00000007a572e660, 0x00000007a6ab0000)
  to   space 21824K,   0% used [0x00000007a6ab0000, 0x00000007a6ab0000, 0x00000007a8000000)
 concurrent mark-sweep generation total 393216K, used 19576K [0x00000007a8000000, 0x00000007c0000000, 0x00000007c0000000)
 Metaspace       used 44009K, capacity 45235K, committed 45376K, reserved 1089536K
  class space    used 5298K, capacity 5599K, committed 5696K, reserved 1048576K
2020-02-10T11:25:03.736-0530: 251.750: [GC (Allocation Failure) 2020-02-10T11:25:03.736-0530: 251.750: [ParNew
Desired survivor size 20112992 bytes, new threshold 8 (max 8)
- age   1:    1201456 bytes,    1201456 total
- age   2:      65024 bytes,    1266480 total
- age   3:     173784 bytes,    1440264 total
- age   7:       3664 bytes,    1443928 total
- age   8:       9656 bytes,    1453584 total
: 89273K->2127K(109248K), 0.0034992 secs] 108849K->21707K(502464K), 0.0036144 secs] [Times: user=0.01 sys=0.00, real=0.01 secs] 
Heap after GC invocations=59 (full 2):
 par new generation   total 109248K, used 2127K [0x00000007a0000000, 0x00000007a8000000, 0x00000007a8000000)
  eden space 87424K,   0% used [0x00000007a0000000, 0x00000007a0000000, 0x00000007a5560000)
  from space 21824K,   9% used [0x00000007a6ab0000, 0x00000007a6cc3fe0, 0x00000007a8000000)
  to   space 21824K,   0% used [0x00000007a5560000, 0x00000007a5560000, 0x00000007a6ab0000)
 concurrent mark-sweep generation total 393216K, used 19579K [0x00000007a8000000, 0x00000007c0000000, 0x00000007c0000000)
 Metaspace       used 44009K, capacity 45235K, committed 45376K, reserved 1089536K
  class space    used 5298K, capacity 5599K, committed 5696K, reserved 1048576K
}
2020-02-10T11:25:03.740-0530: 251.754: Total time for which application threads were stopped: 0.0037996 seconds, Stopping threads took: 0.0000292 seconds
2020-02-10T11:25:03.788-0530: 251.802: Total time for which application threads were stopped: 0.0000801 seconds, Stopping threads took: 0.0000230 seconds
2020-02-10T11:25:03.798-0530: 251.812: Total time for which application threads were stopped: 0.0000918 seconds, Stopping threads took: 0.0000197 seconds
2020-02-10T11:25:03.798-0530: 251.812: Total time for which application threads were stopped: 0.0000652 seconds, Stopping threads took: 0.0000099 seconds
2020-02-10T11:25:03.798-0530: 251.812: Total time for which application threads were stopped: 0.0000702 seconds, Stopping threads took: 0.0000124 seconds
2020-02-10T11:25:03.798-0530: 251.812: Total time for which application threads were stopped: 0.0000641 seconds, Stopping threads took: 0.0000095 seconds
2020-02-10T11:25:03.800-0530: 251.814: Total time for which application threads were stopped: 0.0001238 seconds, Stopping threads took: 0.0000484 seconds
2020-02-10T11:25:03.801-0530: 251.814: Total time for which application threads were stopped: 0.0001006 seconds, Stopping threads took: 0.0000393 seconds
2020-02-10T11:25:03.801-0530: 251.815: Total time for which application threads were stopped: 0.0001117 seconds, Stopping threads took: 0.0000559 seconds
2020-02-10T11:25:05.986-0530: 254.000: Total time for which application threads were stopped: 0.0000861 seconds, Stopping threads took: 0.0000287 seconds
2020-02-10T11:25:06.000-0530: 254.013: Total time for which application threads were stopped: 0.0001140 seconds, Stopping threads took: 0.0000242 seconds
2020-02-10T11:25:06.001-0530: 254.015: Total time for which application threads were stopped: 0.0001442 seconds, Stopping threads took: 0.0000589 seconds
2020-02-10T11:25:06.002-0530: 254.016: Total time for which application threads were stopped: 0.0001518 seconds, Stopping threads took: 0.0000868 seconds
2020-02-10T11:25:06.003-0530: 254.016: Total time for which application threads were stopped: 0.0001380 seconds, Stopping threads took: 0.0000970 seconds
2020-02-10T11:25:06.003-0530: 254.017: Total time for which application threads were stopped: 0.0001232 seconds, Stopping threads took: 0.0000477 seconds
{Heap before GC invocations=59 (full 2):
 par new generation   total 109248K, used 89520K [0x00000007a0000000, 0x00000007a8000000, 0x00000007a8000000)
  eden space 87424K,  99% used [0x00000007a0000000, 0x00000007a5558228, 0x00000007a5560000)
  from space 21824K,   9% used [0x00000007a6ab0000, 0x00000007a6cc3fe0, 0x00000007a8000000)
  to   space 21824K,   0% used [0x00000007a5560000, 0x00000007a5560000, 0x00000007a6ab0000)
 concurrent mark-sweep generation total 393216K, used 19579K [0x00000007a8000000, 0x00000007c0000000, 0x00000007c0000000)
 Metaspace       used 44017K, capacity 45299K, committed 45632K, reserved 1089536K
  class space    used 5298K, capacity 5599K, committed 5696K, reserved 1048576K
2020-02-10T11:25:06.077-0530: 254.091: [GC (Allocation Failure) 2020-02-10T11:25:06.077-0530: 254.091: [ParNew
Desired survivor size 20112992 bytes, new threshold 8 (max 8)
- age   1:     560944 bytes,     560944 total
- age   2:     163960 bytes,     724904 total
- age   3:      62728 bytes,     787632 total
- age   4:     173712 bytes,     961344 total
- age   8:       3664 bytes,     965008 total
: 89520K->1179K(109248K), 0.0034173 secs] 109099K->20768K(502464K), 0.0035316 secs] [Times: user=0.01 sys=0.00, real=0.01 secs] 
Heap after GC invocations=60 (full 2):
 par new generation   total 109248K, used 1179K [0x00000007a0000000, 0x00000007a8000000, 0x00000007a8000000)
  eden space 87424K,   0% used [0x00000007a0000000, 0x00000007a0000000, 0x00000007a5560000)
  from space 21824K,   5% used [0x00000007a5560000, 0x00000007a5686e28, 0x00000007a6ab0000)
  to   space 21824K,   0% used [0x00000007a6ab0000, 0x00000007a6ab0000, 0x00000007a8000000)
 concurrent mark-sweep generation total 393216K, used 19588K [0x00000007a8000000, 0x00000007c0000000, 0x00000007c0000000)
 Metaspace       used 44017K, capacity 45299K, committed 45632K, reserved 1089536K
  class space    used 5298K, capacity 5599K, committed 5696K, reserved 1048576K
}
2020-02-10T11:25:06.081-0530: 254.094: Total time for which application threads were stopped: 0.0037218 seconds, Stopping threads took: 0.0000236 seconds
{Heap before GC invocations=60 (full 2):
 par new generation   total 109248K, used 88603K [0x00000007a0000000, 0x00000007a8000000, 0x00000007a8000000)
  eden space 87424K, 100% used [0x00000007a0000000, 0x00000007a5560000, 0x00000007a5560000)
  from space 21824K,   5% used [0x00000007a5560000, 0x00000007a5686e28, 0x00000007a6ab0000)
  to   space 21824K,   0% used [0x00000007a6ab0000, 0x00000007a6ab0000, 0x00000007a8000000)
 concurrent mark-sweep generation total 393216K, used 19588K [0x00000007a8000000, 0x00000007c0000000, 0x00000007c0000000)
 Metaspace       used 44017K, capacity 45299K, committed 45632K, reserved 1089536K
  class space    used 5298K, capacity 5599K, committed 5696K, reserved 1048576K
2020-02-10T11:25:06.191-0530: 254.205: [GC (Allocation Failure) 2020-02-10T11:25:06.191-0530: 254.205: [ParNew
Desired survivor size 20112992 bytes, new threshold 8 (max 8)
- age   1:     128368 bytes,     128368 total
- age   2:     465136 bytes,     593504 total
- age   3:     163048 bytes,     756552 total
- age   4:      62728 bytes,     819280 total
- age   5:     173712 bytes,     992992 total
: 88603K->1511K(109248K), 0.0036876 secs] 108192K->21103K(502464K), 0.0037892 secs] [Times: user=0.01 sys=0.01, real=0.00 secs] 
Heap after GC invocations=61 (full 2):
 par new generation   total 109248K, used 1511K [0x00000007a0000000, 0x00000007a8000000, 0x00000007a8000000)
  eden space 87424K,   0% used [0x00000007a0000000, 0x00000007a0000000, 0x00000007a5560000)
  from space 21824K,   6% used [0x00000007a6ab0000, 0x00000007a6c29e40, 0x00000007a8000000)
  to   space 21824K,   0% used [0x00000007a5560000, 0x00000007a5560000, 0x00000007a6ab0000)
 concurrent mark-sweep generation total 393216K, used 19592K [0x00000007a8000000, 0x00000007c0000000, 0x00000007c0000000)
 Metaspace       used 44017K, capacity 45299K, committed 45632K, reserved 1089536K
  class space    used 5298K, capacity 5599K, committed 5696K, reserved 1048576K
}
2020-02-10T11:25:06.195-0530: 254.208: Total time for which application threads were stopped: 0.0040411 seconds, Stopping threads took: 0.0000327 seconds
{Heap before GC invocations=61 (full 2):
 par new generation   total 109248K, used 88935K [0x00000007a0000000, 0x00000007a8000000, 0x00000007a8000000)
  eden space 87424K, 100% used [0x00000007a0000000, 0x00000007a5560000, 0x00000007a5560000)
  from space 21824K,   6% used [0x00000007a6ab0000, 0x00000007a6c29e40, 0x00000007a8000000)
  to   space 21824K,   0% used [0x00000007a5560000, 0x00000007a5560000, 0x00000007a6ab0000)
 concurrent mark-sweep generation total 393216K, used 19592K [0x00000007a8000000, 0x00000007c0000000, 0x00000007c0000000)
 Metaspace       used 44018K, capacity 45299K, committed 45632K, reserved 1089536K
  class space    used 5298K, capacity 5599K, committed 5696K, reserved 1048576K
2020-02-10T11:25:06.421-0530: 254.434: [GC (Allocation Failure) 2020-02-10T11:25:06.421-0530: 254.434: [ParNew
Desired survivor size 20112992 bytes, new threshold 8 (max 8)
- age   1:     158672 bytes,     158672 total
- age   2:       8584 bytes,     167256 total
- age   3:     465136 bytes,     632392 total
- age   4:     163048 bytes,     795440 total
- age   5:      62728 bytes,     858168 total
- age   6:     173712 bytes,    1031880 total
: 88935K->1280K(109248K), 0.0042011 secs] 108527K->20872K(502464K), 0.0043261 secs] [Times: user=0.01 sys=0.00, real=0.00 secs] 
Heap after GC invocations=62 (full 2):
 par new generation   total 109248K, used 1280K [0x00000007a0000000, 0x00000007a8000000, 0x00000007a8000000)
  eden space 87424K,   0% used [0x00000007a0000000, 0x00000007a0000000, 0x00000007a5560000)
  from space 21824K,   5% used [0x00000007a5560000, 0x00000007a56a0258, 0x00000007a6ab0000)
  to   space 21824K,   0% used [0x00000007a6ab0000, 0x00000007a6ab0000, 0x00000007a8000000)
 concurrent mark-sweep generation total 393216K, used 19592K [0x00000007a8000000, 0x00000007c0000000, 0x00000007c0000000)
 Metaspace       used 44018K, capacity 45299K, committed 45632K, reserved 1089536K
  class space    used 5298K, capacity 5599K, committed 5696K, reserved 1048576K
}
2020-02-10T11:25:06.425-0530: 254.439: Total time for which application threads were stopped: 0.0045721 seconds, Stopping threads took: 0.0000254 seconds
{Heap before GC invocations=62 (full 2):
 par new generation   total 109248K, used 88704K [0x00000007a0000000, 0x00000007a8000000, 0x00000007a8000000)
  eden space 87424K, 100% used [0x00000007a0000000, 0x00000007a5560000, 0x00000007a5560000)
  from space 21824K,   5% used [0x00000007a5560000, 0x00000007a56a0258, 0x00000007a6ab0000)
  to   space 21824K,   0% used [0x00000007a6ab0000, 0x00000007a6ab0000, 0x00000007a8000000)
 concurrent mark-sweep generation total 393216K, used 19592K [0x00000007a8000000, 0x00000007c0000000, 0x00000007c0000000)
 Metaspace       used 44021K, capacity 45299K, committed 45632K, reserved 1089536K
  class space    used 5298K, capacity 5599K, committed 5696K, reserved 1048576K
2020-02-10T11:25:06.625-0530: 254.639: [GC (Allocation Failure) 2020-02-10T11:25:06.625-0530: 254.639: [ParNew
Desired survivor size 20112992 bytes, new threshold 8 (max 8)
- age   1:     169832 bytes,     169832 total
- age   2:       2048 bytes,     171880 total
- age   3:       8496 bytes,     180376 total
- age   4:     465224 bytes,     645600 total
- age   5:     163048 bytes,     808648 total
- age   6:      62728 bytes,     871376 total
- age   7:     173712 bytes,    1045088 total
: 88704K->1302K(109248K), 0.0036120 secs] 108296K->20894K(502464K), 0.0037223 secs] [Times: user=0.01 sys=0.00, real=0.00 secs] 
Heap after GC invocations=63 (full 2):
 par new generation   total 109248K, used 1302K [0x00000007a0000000, 0x00000007a8000000, 0x00000007a8000000)
  eden space 87424K,   0% used [0x00000007a0000000, 0x00000007a0000000, 0x00000007a5560000)
  from space 21824K,   5% used [0x00000007a6ab0000, 0x00000007a6bf5a70, 0x00000007a8000000)
  to   space 21824K,   0% used [0x00000007a5560000, 0x00000007a5560000, 0x00000007a6ab0000)
 concurrent mark-sweep generation total 393216K, used 19592K [0x00000007a8000000, 0x00000007c0000000, 0x00000007c0000000)
 Metaspace       used 44021K, capacity 45299K, committed 45632K, reserved 1089536K
  class space    used 5298K, capacity 5599K, committed 5696K, reserved 1048576K
}
2020-02-10T11:25:06.629-0530: 254.643: Total time for which application threads were stopped: 0.0039064 seconds, Stopping threads took: 0.0000215 seconds
2020-02-10T11:25:07.631-0530: 255.645: Total time for which application threads were stopped: 0.0001442 seconds, Stopping threads took: 0.0000611 seconds
2020-02-10T11:25:08.409-0530: 256.423: Total time for which application threads were stopped: 0.0001065 seconds, Stopping threads took: 0.0000274 seconds
2020-02-10T11:25:08.423-0530: 256.437: Total time for which application threads were stopped: 0.0001186 seconds, Stopping threads took: 0.0000420 seconds
2020-02-10T11:25:08.424-0530: 256.437: Total time for which application threads were stopped: 0.0001035 seconds, Stopping threads took: 0.0000342 seconds
2020-02-10T11:25:08.424-0530: 256.437: Total time for which application threads were stopped: 0.0000934 seconds, Stopping threads took: 0.0000403 seconds
2020-02-10T11:25:08.426-0530: 256.440: Total time for which application threads were stopped: 0.0001224 seconds, Stopping threads took: 0.0000207 seconds
2020-02-10T11:25:08.426-0530: 256.440: Total time for which application threads were stopped: 0.0000646 seconds, Stopping threads took: 0.0000104 seconds
2020-02-10T11:25:08.426-0530: 256.440: Total time for which application threads were stopped: 0.0000871 seconds, Stopping threads took: 0.0000101 seconds
2020-02-10T11:25:08.427-0530: 256.440: Total time for which application threads were stopped: 0.0000857 seconds, Stopping threads took: 0.0000096 seconds
2020-02-10T11:25:08.427-0530: 256.440: Total time for which application threads were stopped: 0.0000616 seconds, Stopping threads took: 0.0000095 seconds
2020-02-10T11:25:08.427-0530: 256.441: Total time for which application threads were stopped: 0.0000832 seconds, Stopping threads took: 0.0000093 seconds
2020-02-10T11:25:08.427-0530: 256.441: Total time for which application threads were stopped: 0.0000769 seconds, Stopping threads took: 0.0000092 seconds
2020-02-10T11:25:08.427-0530: 256.441: Total time for which application threads were stopped: 0.0000808 seconds, Stopping threads took: 0.0000089 seconds
2020-02-10T11:25:08.428-0530: 256.441: Total time for which application threads were stopped: 0.0000594 seconds, Stopping threads took: 0.0000093 seconds
2020-02-10T11:25:08.428-0530: 256.441: Total time for which application threads were stopped: 0.0000810 seconds, Stopping threads took: 0.0000091 seconds
2020-02-10T11:25:08.428-0530: 256.442: Total time for which application threads were stopped: 0.0000530 seconds, Stopping threads took: 0.0000092 seconds
2020-02-10T11:25:09.428-0530: 257.442: Total time for which application threads were stopped: 0.0000793 seconds, Stopping threads took: 0.0000233 seconds
{Heap before GC invocations=63 (full 2):
 par new generation   total 109248K, used 88726K [0x00000007a0000000, 0x00000007a8000000, 0x00000007a8000000)
  eden space 87424K, 100% used [0x00000007a0000000, 0x00000007a5560000, 0x00000007a5560000)
  from space 21824K,   5% used [0x00000007a6ab0000, 0x00000007a6bf5a70, 0x00000007a8000000)
  to   space 21824K,   0% used [0x00000007a5560000, 0x00000007a5560000, 0x00000007a6ab0000)
 concurrent mark-sweep generation total 393216K, used 19592K [0x00000007a8000000, 0x00000007c0000000, 0x00000007c0000000)
 Metaspace       used 44029K, capacity 45303K, committed 45632K, reserved 1089536K
  class space    used 5298K, capacity 5599K, committed 5696K, reserved 1048576K
2020-02-10T11:25:10.607-0530: 258.621: [GC (Allocation Failure) 2020-02-10T11:25:10.607-0530: 258.621: [ParNew
Desired survivor size 20112992 bytes, new threshold 8 (max 8)
- age   1:    1184992 bytes,    1184992 total
- age   2:         64 bytes,    1185056 total
- age   5:      72672 bytes,    1257728 total
- age   6:       3592 bytes,    1261320 total
- age   7:       2336 bytes,    1263656 total
- age   8:       5008 bytes,    1268664 total
: 88726K->1406K(109248K), 0.0031426 secs] 108318K->20998K(502464K), 0.0032117 secs] [Times: user=0.01 sys=0.00, real=0.01 secs] 
Heap after GC invocations=64 (full 2):
 par new generation   total 109248K, used 1406K [0x00000007a0000000, 0x00000007a8000000, 0x00000007a8000000)
  eden space 87424K,   0% used [0x00000007a0000000, 0x00000007a0000000, 0x00000007a5560000)
  from space 21824K,   6% used [0x00000007a5560000, 0x00000007a56bfac8, 0x00000007a6ab0000)
  to   space 21824K,   0% used [0x00000007a6ab0000, 0x00000007a6ab0000, 0x00000007a8000000)
 concurrent mark-sweep generation total 393216K, used 19592K [0x00000007a8000000, 0x00000007c0000000, 0x00000007c0000000)
 Metaspace       used 44029K, capacity 45303K, committed 45632K, reserved 1089536K
  class space    used 5298K, capacity 5599K, committed 5696K, reserved 1048576K
}
2020-02-10T11:25:10.610-0530: 258.624: Total time for which application threads were stopped: 0.0034456 seconds, Stopping threads took: 0.0000293 seconds
2020-02-10T11:25:10.658-0530: 258.671: Total time for which application threads were stopped: 0.0000851 seconds, Stopping threads took: 0.0000280 seconds
2020-02-10T11:25:10.668-0530: 258.682: Total time for which application threads were stopped: 0.0001149 seconds, Stopping threads took: 0.0000503 seconds
2020-02-10T11:25:10.668-0530: 258.682: Total time for which application threads were stopped: 0.0000672 seconds, Stopping threads took: 0.0000115 seconds
2020-02-10T11:25:10.668-0530: 258.682: Total time for which application threads were stopped: 0.0000814 seconds, Stopping threads took: 0.0000396 seconds
2020-02-10T11:25:11.673-0530: 259.687: Total time for which application threads were stopped: 0.0001092 seconds, Stopping threads took: 0.0000308 seconds
2020-02-10T11:25:12.744-0530: 260.758: Total time for which application threads were stopped: 0.0000869 seconds, Stopping threads took: 0.0000222 seconds
2020-02-10T11:25:12.758-0530: 260.772: Total time for which application threads were stopped: 0.0001656 seconds, Stopping threads took: 0.0000952 seconds
2020-02-10T11:25:12.758-0530: 260.772: Total time for which application threads were stopped: 0.0000611 seconds, Stopping threads took: 0.0000199 seconds
2020-02-10T11:25:12.759-0530: 260.772: Total time for which application threads were stopped: 0.0000983 seconds, Stopping threads took: 0.0000250 seconds
{Heap before GC invocations=64 (full 2):
 par new generation   total 109248K, used 88830K [0x00000007a0000000, 0x00000007a8000000, 0x00000007a8000000)
  eden space 87424K, 100% used [0x00000007a0000000, 0x00000007a5560000, 0x00000007a5560000)
  from space 21824K,   6% used [0x00000007a5560000, 0x00000007a56bfac8, 0x00000007a6ab0000)
  to   space 21824K,   0% used [0x00000007a6ab0000, 0x00000007a6ab0000, 0x00000007a8000000)
 concurrent mark-sweep generation total 393216K, used 19592K [0x00000007a8000000, 0x00000007c0000000, 0x00000007c0000000)
 Metaspace       used 44036K, capacity 45379K, committed 45632K, reserved 1089536K
  class space    used 5298K, capacity 5599K, committed 5696K, reserved 1048576K
2020-02-10T11:25:14.968-0530: 262.982: [GC (Allocation Failure) 2020-02-10T11:25:14.968-0530: 262.982: [ParNew
Desired survivor size 20112992 bytes, new threshold 8 (max 8)
- age   1:    1599328 bytes,    1599328 total
- age   2:     156264 bytes,    1755592 total
- age   3:         64 bytes,    1755656 total
- age   6:       3128 bytes,    1758784 total
- age   7:       1968 bytes,    1760752 total
- age   8:       2264 bytes,    1763016 total
: 88830K->2002K(109248K), 0.0035443 secs] 108422K->21599K(502464K), 0.0036516 secs] [Times: user=0.01 sys=0.00, real=0.01 secs] 
Heap after GC invocations=65 (full 2):
 par new generation   total 109248K, used 2002K [0x00000007a0000000, 0x00000007a8000000, 0x00000007a8000000)
  eden space 87424K,   0% used [0x00000007a0000000, 0x00000007a0000000, 0x00000007a5560000)
  from space 21824K,   9% used [0x00000007a6ab0000, 0x00000007a6ca48e0, 0x00000007a8000000)
  to   space 21824K,   0% used [0x00000007a5560000, 0x00000007a5560000, 0x00000007a6ab0000)
 concurrent mark-sweep generation total 393216K, used 19597K [0x00000007a8000000, 0x00000007c0000000, 0x00000007c0000000)
 Metaspace       used 44036K, capacity 45379K, committed 45632K, reserved 1089536K
  class space    used 5298K, capacity 5599K, committed 5696K, reserved 1048576K
}
2020-02-10T11:25:14.972-0530: 262.985: Total time for which application threads were stopped: 0.0038278 seconds, Stopping threads took: 0.0000278 seconds
2020-02-10T11:25:14.972-0530: 262.986: Total time for which application threads were stopped: 0.0002004 seconds, Stopping threads took: 0.0000529 seconds
2020-02-10T11:25:14.978-0530: 262.991: Total time for which application threads were stopped: 0.0000844 seconds, Stopping threads took: 0.0000290 seconds
2020-02-10T11:25:14.988-0530: 263.001: Total time for which application threads were stopped: 0.0001228 seconds, Stopping threads took: 0.0000403 seconds
2020-02-10T11:25:14.988-0530: 263.001: Total time for which application threads were stopped: 0.0000878 seconds, Stopping threads took: 0.0000297 seconds
2020-02-10T11:25:14.988-0530: 263.001: Total time for which application threads were stopped: 0.0000758 seconds, Stopping threads took: 0.0000296 seconds
2020-02-10T11:25:17.152-0530: 265.165: Total time for which application threads were stopped: 0.0000864 seconds, Stopping threads took: 0.0000199 seconds
2020-02-10T11:25:17.162-0530: 265.176: Total time for which application threads were stopped: 0.0001006 seconds, Stopping threads took: 0.0000398 seconds
2020-02-10T11:25:17.162-0530: 265.176: Total time for which application threads were stopped: 0.0000926 seconds, Stopping threads took: 0.0000496 seconds
2020-02-10T11:25:17.163-0530: 265.176: Total time for which application threads were stopped: 0.0001447 seconds, Stopping threads took: 0.0000159 seconds
2020-02-10T11:25:18.167-0530: 266.181: Total time for which application threads were stopped: 0.0006043 seconds, Stopping threads took: 0.0001608 seconds
2020-02-10T11:25:19.340-0530: 267.354: Total time for which application threads were stopped: 0.0000820 seconds, Stopping threads took: 0.0000272 seconds
2020-02-10T11:25:19.352-0530: 267.366: Total time for which application threads were stopped: 0.0001336 seconds, Stopping threads took: 0.0000448 seconds
2020-02-10T11:25:19.353-0530: 267.366: Total time for which application threads were stopped: 0.0002820 seconds, Stopping threads took: 0.0000600 seconds
{Heap before GC invocations=65 (full 2):
 par new generation   total 109248K, used 89426K [0x00000007a0000000, 0x00000007a8000000, 0x00000007a8000000)
  eden space 87424K, 100% used [0x00000007a0000000, 0x00000007a5560000, 0x00000007a5560000)
  from space 21824K,   9% used [0x00000007a6ab0000, 0x00000007a6ca48e0, 0x00000007a8000000)
  to   space 21824K,   0% used [0x00000007a5560000, 0x00000007a5560000, 0x00000007a6ab0000)
 concurrent mark-sweep generation total 393216K, used 19597K [0x00000007a8000000, 0x00000007c0000000, 0x00000007c0000000)
 Metaspace       used 44042K, capacity 45379K, committed 45632K, reserved 1089536K
  class space    used 5298K, capacity 5599K, committed 5696K, reserved 1048576K
2020-02-10T11:25:21.401-0530: 269.414: [GC (Allocation Failure) 2020-02-10T11:25:21.401-0530: 269.414: [ParNew
Desired survivor size 20112992 bytes, new threshold 8 (max 8)
- age   1:    1264968 bytes,    1264968 total
- age   2:      64920 bytes,    1329888 total
- age   3:     154192 bytes,    1484080 total
- age   4:         64 bytes,    1484144 total
- age   7:       2280 bytes,    1486424 total
- age   8:       1824 bytes,    1488248 total
: 89426K->2246K(109248K), 0.0038581 secs] 109023K->21846K(502464K), 0.0039808 secs] [Times: user=0.01 sys=0.00, real=0.00 secs] 
Heap after GC invocations=66 (full 2):
 par new generation   total 109248K, used 2246K [0x00000007a0000000, 0x00000007a8000000, 0x00000007a8000000)
  eden space 87424K,   0% used [0x00000007a0000000, 0x00000007a0000000, 0x00000007a5560000)
  from space 21824K,  10% used [0x00000007a5560000, 0x00000007a5791b70, 0x00000007a6ab0000)
  to   space 21824K,   0% used [0x00000007a6ab0000, 0x00000007a6ab0000, 0x00000007a8000000)
 concurrent mark-sweep generation total 393216K, used 19599K [0x00000007a8000000, 0x00000007c0000000, 0x00000007c0000000)
 Metaspace       used 44042K, capacity 45379K, committed 45632K, reserved 1089536K
  class space    used 5298K, capacity 5599K, committed 5696K, reserved 1048576K
}
2020-02-10T11:25:21.405-0530: 269.418: Total time for which application threads were stopped: 0.0041812 seconds, Stopping threads took: 0.0000258 seconds
2020-02-10T11:25:21.452-0530: 269.465: Total time for which application threads were stopped: 0.0000877 seconds, Stopping threads took: 0.0000284 seconds
2020-02-10T11:25:21.462-0530: 269.476: Total time for which application threads were stopped: 0.0001865 seconds, Stopping threads took: 0.0001037 seconds
2020-02-10T11:25:21.463-0530: 269.476: Total time for which application threads were stopped: 0.0001240 seconds, Stopping threads took: 0.0000733 seconds
2020-02-10T11:25:21.463-0530: 269.476: Total time for which application threads were stopped: 0.0000887 seconds, Stopping threads took: 0.0000422 seconds
2020-02-10T11:25:21.464-0530: 269.477: Total time for which application threads were stopped: 0.0002581 seconds, Stopping threads took: 0.0000401 seconds
2020-02-10T11:25:21.464-0530: 269.478: Total time for which application threads were stopped: 0.0001156 seconds, Stopping threads took: 0.0000576 seconds
2020-02-10T11:25:23.657-0530: 271.670: Total time for which application threads were stopped: 0.0001142 seconds, Stopping threads took: 0.0000253 seconds
2020-02-10T11:25:23.672-0530: 271.685: Total time for which application threads were stopped: 0.0001328 seconds, Stopping threads took: 0.0000583 seconds
2020-02-10T11:25:23.672-0530: 271.686: Total time for which application threads were stopped: 0.0000815 seconds, Stopping threads took: 0.0000306 seconds
{Heap before GC invocations=66 (full 2):
 par new generation   total 109248K, used 89670K [0x00000007a0000000, 0x00000007a8000000, 0x00000007a8000000)
  eden space 87424K, 100% used [0x00000007a0000000, 0x00000007a5560000, 0x00000007a5560000)
  from space 21824K,  10% used [0x00000007a5560000, 0x00000007a5791b70, 0x00000007a6ab0000)
  to   space 21824K,   0% used [0x00000007a6ab0000, 0x00000007a6ab0000, 0x00000007a8000000)
 concurrent mark-sweep generation total 393216K, used 19599K [0x00000007a8000000, 0x00000007c0000000, 0x00000007c0000000)
 Metaspace       used 44051K, capacity 45379K, committed 45632K, reserved 1089536K
  class space    used 5298K, capacity 5599K, committed 5696K, reserved 1048576K
2020-02-10T11:25:25.853-0530: 273.866: [GC (Allocation Failure) 2020-02-10T11:25:25.853-0530: 273.866: [ParNew
Desired survivor size 20112992 bytes, new threshold 8 (max 8)
- age   1:    1571120 bytes,    1571120 total
- age   2:      96952 bytes,    1668072 total
- age   3:      63472 bytes,    1731544 total
- age   4:     154048 bytes,    1885592 total
- age   5:         64 bytes,    1885656 total
- age   8:       2280 bytes,    1887936 total
: 89670K->2175K(109248K), 0.0037154 secs] 109270K->21776K(502464K), 0.0038076 secs] [Times: user=0.01 sys=0.00, real=0.00 secs] 
Heap after GC invocations=67 (full 2):
 par new generation   total 109248K, used 2175K [0x00000007a0000000, 0x00000007a8000000, 0x00000007a8000000)
  eden space 87424K,   0% used [0x00000007a0000000, 0x00000007a0000000, 0x00000007a5560000)
  from space 21824K,   9% used [0x00000007a6ab0000, 0x00000007a6ccfce0, 0x00000007a8000000)
  to   space 21824K,   0% used [0x00000007a5560000, 0x00000007a5560000, 0x00000007a6ab0000)
 concurrent mark-sweep generation total 393216K, used 19600K [0x00000007a8000000, 0x00000007c0000000, 0x00000007c0000000)
 Metaspace       used 44051K, capacity 45379K, committed 45632K, reserved 1089536K
  class space    used 5298K, capacity 5599K, committed 5696K, reserved 1048576K
}
2020-02-10T11:25:25.857-0530: 273.870: Total time for which application threads were stopped: 0.0039772 seconds, Stopping threads took: 0.0000216 seconds
2020-02-10T11:25:25.860-0530: 273.873: Total time for which application threads were stopped: 0.0000847 seconds, Stopping threads took: 0.0000278 seconds
2020-02-10T11:25:25.872-0530: 273.885: Total time for which application threads were stopped: 0.0001160 seconds, Stopping threads took: 0.0000243 seconds
2020-02-10T11:25:25.873-0530: 273.887: Total time for which application threads were stopped: 0.0001718 seconds, Stopping threads took: 0.0000681 seconds
2020-02-10T11:25:25.875-0530: 273.888: Total time for which application threads were stopped: 0.0001655 seconds, Stopping threads took: 0.0000823 seconds
2020-02-10T11:25:25.875-0530: 273.888: Total time for which application threads were stopped: 0.0001077 seconds, Stopping threads took: 0.0000508 seconds
2020-02-10T11:25:25.876-0530: 273.889: Total time for which application threads were stopped: 0.0001525 seconds, Stopping threads took: 0.0000874 seconds
{Heap before GC invocations=67 (full 2):
 par new generation   total 109248K, used 89599K [0x00000007a0000000, 0x00000007a8000000, 0x00000007a8000000)
  eden space 87424K, 100% used [0x00000007a0000000, 0x00000007a5560000, 0x00000007a5560000)
  from space 21824K,   9% used [0x00000007a6ab0000, 0x00000007a6ccfce0, 0x00000007a8000000)
  to   space 21824K,   0% used [0x00000007a5560000, 0x00000007a5560000, 0x00000007a6ab0000)
 concurrent mark-sweep generation total 393216K, used 19600K [0x00000007a8000000, 0x00000007c0000000, 0x00000007c0000000)
 Metaspace       used 44062K, capacity 45379K, committed 45632K, reserved 1089536K
  class space    used 5298K, capacity 5599K, committed 5696K, reserved 1048576K
2020-02-10T11:25:25.972-0530: 273.985: [GC (Allocation Failure) 2020-02-10T11:25:25.972-0530: 273.985: [ParNew
Desired survivor size 20112992 bytes, new threshold 8 (max 8)
- age   1:     522568 bytes,     522568 total
- age   2:     204536 bytes,     727104 total
- age   3:      95480 bytes,     822584 total
- age   4:      63472 bytes,     886056 total
- age   5:     154096 bytes,    1040152 total
- age   6:         64 bytes,    1040216 total
: 89599K->1788K(109248K), 0.0041188 secs] 109200K->21391K(502464K), 0.0042415 secs] [Times: user=0.01 sys=0.00, real=0.00 secs] 
Heap after GC invocations=68 (full 2):
 par new generation   total 109248K, used 1788K [0x00000007a0000000, 0x00000007a8000000, 0x00000007a8000000)
  eden space 87424K,   0% used [0x00000007a0000000, 0x00000007a0000000, 0x00000007a5560000)
  from space 21824K,   8% used [0x00000007a5560000, 0x00000007a571f170, 0x00000007a6ab0000)
  to   space 21824K,   0% used [0x00000007a6ab0000, 0x00000007a6ab0000, 0x00000007a8000000)
 concurrent mark-sweep generation total 393216K, used 19603K [0x00000007a8000000, 0x00000007c0000000, 0x00000007c0000000)
 Metaspace       used 44062K, capacity 45379K, committed 45632K, reserved 1089536K
  class space    used 5298K, capacity 5599K, committed 5696K, reserved 1048576K
}
2020-02-10T11:25:25.976-0530: 273.989: Total time for which application threads were stopped: 0.0044567 seconds, Stopping threads took: 0.0000276 seconds
{Heap before GC invocations=68 (full 2):
 par new generation   total 109248K, used 89212K [0x00000007a0000000, 0x00000007a8000000, 0x00000007a8000000)
  eden space 87424K, 100% used [0x00000007a0000000, 0x00000007a5560000, 0x00000007a5560000)
  from space 21824K,   8% used [0x00000007a5560000, 0x00000007a571f170, 0x00000007a6ab0000)
  to   space 21824K,   0% used [0x00000007a6ab0000, 0x00000007a6ab0000, 0x00000007a8000000)
 concurrent mark-sweep generation total 393216K, used 19603K [0x00000007a8000000, 0x00000007c0000000, 0x00000007c0000000)
 Metaspace       used 44062K, capacity 45379K, committed 45632K, reserved 1089536K
  class space    used 5298K, capacity 5599K, committed 5696K, reserved 1048576K
2020-02-10T11:25:26.132-0530: 274.145: [GC (Allocation Failure) 2020-02-10T11:25:26.132-0530: 274.145: [ParNew
Desired survivor size 20112992 bytes, new threshold 8 (max 8)
- age   1:     139848 bytes,     139848 total
- age   2:     364768 bytes,     504616 total
- age   3:     203624 bytes,     708240 total
- age   4:      95480 bytes,     803720 total
- age   5:      63472 bytes,     867192 total
- age   6:     154072 bytes,    1021264 total
- age   7:         64 bytes,    1021328 total
: 89212K->1394K(109248K), 0.0042417 secs] 108815K->20997K(502464K), 0.0043660 secs] [Times: user=0.01 sys=0.00, real=0.00 secs] 
Heap after GC invocations=69 (full 2):
 par new generation   total 109248K, used 1394K [0x00000007a0000000, 0x00000007a8000000, 0x00000007a8000000)
  eden space 87424K,   0% used [0x00000007a0000000, 0x00000007a0000000, 0x00000007a5560000)
  from space 21824K,   6% used [0x00000007a6ab0000, 0x00000007a6c0c988, 0x00000007a8000000)
  to   space 21824K,   0% used [0x00000007a5560000, 0x00000007a5560000, 0x00000007a6ab0000)
 concurrent mark-sweep generation total 393216K, used 19603K [0x00000007a8000000, 0x00000007c0000000, 0x00000007c0000000)
 Metaspace       used 44062K, capacity 45379K, committed 45632K, reserved 1089536K
  class space    used 5298K, capacity 5599K, committed 5696K, reserved 1048576K
}
2020-02-10T11:25:26.136-0530: 274.150: Total time for which application threads were stopped: 0.0046016 seconds, Stopping threads took: 0.0000253 seconds
{Heap before GC invocations=69 (full 2):
 par new generation   total 109248K, used 88818K [0x00000007a0000000, 0x00000007a8000000, 0x00000007a8000000)
  eden space 87424K, 100% used [0x00000007a0000000, 0x00000007a5560000, 0x00000007a5560000)
  from space 21824K,   6% used [0x00000007a6ab0000, 0x00000007a6c0c988, 0x00000007a8000000)
  to   space 21824K,   0% used [0x00000007a5560000, 0x00000007a5560000, 0x00000007a6ab0000)
 concurrent mark-sweep generation total 393216K, used 19603K [0x00000007a8000000, 0x00000007c0000000, 0x00000007c0000000)
 Metaspace       used 44062K, capacity 45379K, committed 45632K, reserved 1089536K
  class space    used 5298K, capacity 5599K, committed 5696K, reserved 1048576K
2020-02-10T11:25:26.390-0530: 274.403: [GC (Allocation Failure) 2020-02-10T11:25:26.390-0530: 274.403: [ParNew
Desired survivor size 20112992 bytes, new threshold 8 (max 8)
- age   1:     172656 bytes,     172656 total
- age   2:       8584 bytes,     181240 total
- age   3:     364768 bytes,     546008 total
- age   4:     203624 bytes,     749632 total
- age   5:      95480 bytes,     845112 total
- age   6:      63496 bytes,     908608 total
- age   7:     154048 bytes,    1062656 total
- age   8:         64 bytes,    1062720 total
: 88818K->1219K(109248K), 0.0037455 secs] 108421K->20822K(502464K), 0.0038435 secs] [Times: user=0.01 sys=0.00, real=0.00 secs] 
Heap after GC invocations=70 (full 2):
 par new generation   total 109248K, used 1219K [0x00000007a0000000, 0x00000007a8000000, 0x00000007a8000000)
  eden space 87424K,   0% used [0x00000007a0000000, 0x00000007a0000000, 0x00000007a5560000)
  from space 21824K,   5% used [0x00000007a5560000, 0x00000007a5690e00, 0x00000007a6ab0000)
  to   space 21824K,   0% used [0x00000007a6ab0000, 0x00000007a6ab0000, 0x00000007a8000000)
 concurrent mark-sweep generation total 393216K, used 19603K [0x00000007a8000000, 0x00000007c0000000, 0x00000007c0000000)
 Metaspace       used 44062K, capacity 45379K, committed 45632K, reserved 1089536K
  class space    used 5298K, capacity 5599K, committed 5696K, reserved 1048576K
}
2020-02-10T11:25:26.394-0530: 274.407: Total time for which application threads were stopped: 0.0040613 seconds, Stopping threads took: 0.0000262 seconds
{Heap before GC invocations=70 (full 2):
 par new generation   total 109248K, used 88643K [0x00000007a0000000, 0x00000007a8000000, 0x00000007a8000000)
  eden space 87424K, 100% used [0x00000007a0000000, 0x00000007a5560000, 0x00000007a5560000)
  from space 21824K,   5% used [0x00000007a5560000, 0x00000007a5690e00, 0x00000007a6ab0000)
  to   space 21824K,   0% used [0x00000007a6ab0000, 0x00000007a6ab0000, 0x00000007a8000000)
 concurrent mark-sweep generation total 393216K, used 19603K [0x00000007a8000000, 0x00000007c0000000, 0x00000007c0000000)
 Metaspace       used 44062K, capacity 45379K, committed 45632K, reserved 1089536K
  class space    used 5298K, capacity 5599K, committed 5696K, reserved 1048576K
2020-02-10T11:25:26.568-0530: 274.581: [GC (Allocation Failure) 2020-02-10T11:25:26.568-0530: 274.581: [ParNew
Desired survivor size 20112992 bytes, new threshold 8 (max 8)
- age   1:     171368 bytes,     171368 total
- age   2:       2048 bytes,     173416 total
- age   3:       8496 bytes,     181912 total
- age   4:     364688 bytes,     546600 total
- age   5:     203624 bytes,     750224 total
- age   6:      95480 bytes,     845704 total
- age   7:      63472 bytes,     909176 total
- age   8:     154048 bytes,    1063224 total
: 88643K->1547K(109248K), 0.0032997 secs] 108246K->21150K(502464K), 0.0034090 secs] [Times: user=0.01 sys=0.00, real=0.01 secs] 
Heap after GC invocations=71 (full 2):
 par new generation   total 109248K, used 1547K [0x00000007a0000000, 0x00000007a8000000, 0x00000007a8000000)
  eden space 87424K,   0% used [0x00000007a0000000, 0x00000007a0000000, 0x00000007a5560000)
  from space 21824K,   7% used [0x00000007a6ab0000, 0x00000007a6c32ec0, 0x00000007a8000000)
  to   space 21824K,   0% used [0x00000007a5560000, 0x00000007a5560000, 0x00000007a6ab0000)
 concurrent mark-sweep generation total 393216K, used 19603K [0x00000007a8000000, 0x00000007c0000000, 0x00000007c0000000)
 Metaspace       used 44062K, capacity 45379K, committed 45632K, reserved 1089536K
  class space    used 5298K, capacity 5599K, committed 5696K, reserved 1048576K
}
2020-02-10T11:25:26.571-0530: 274.584: Total time for which application threads were stopped: 0.0035949 seconds, Stopping threads took: 0.0000255 seconds
2020-02-10T11:25:26.733-0530: 274.746: Total time for which application threads were stopped: 0.0003022 seconds, Stopping threads took: 0.0000257 seconds
2020-02-10T11:25:27.736-0530: 275.749: Total time for which application threads were stopped: 0.0001175 seconds, Stopping threads took: 0.0000247 seconds
2020-02-10T11:25:28.366-0530: 276.380: Total time for which application threads were stopped: 0.0000837 seconds, Stopping threads took: 0.0000244 seconds
2020-02-10T11:25:28.376-0530: 276.389: Total time for which application threads were stopped: 0.0001235 seconds, Stopping threads took: 0.0000579 seconds
2020-02-10T11:25:28.377-0530: 276.390: Total time for which application threads were stopped: 0.0001712 seconds, Stopping threads took: 0.0001118 seconds
2020-02-10T11:25:28.377-0530: 276.390: Total time for which application threads were stopped: 0.0001079 seconds, Stopping threads took: 0.0000463 seconds
2020-02-10T11:25:28.379-0530: 276.392: Total time for which application threads were stopped: 0.0001893 seconds, Stopping threads took: 0.0000449 seconds
2020-02-10T11:25:28.380-0530: 276.393: Total time for which application threads were stopped: 0.0001222 seconds, Stopping threads took: 0.0000392 seconds
2020-02-10T11:25:28.380-0530: 276.393: Total time for which application threads were stopped: 0.0000822 seconds, Stopping threads took: 0.0000153 seconds
2020-02-10T11:25:28.381-0530: 276.394: Total time for which application threads were stopped: 0.0000735 seconds, Stopping threads took: 0.0000127 seconds
2020-02-10T11:25:28.381-0530: 276.394: Total time for which application threads were stopped: 0.0000738 seconds, Stopping threads took: 0.0000245 seconds
2020-02-10T11:25:28.381-0530: 276.394: Total time for which application threads were stopped: 0.0000924 seconds, Stopping threads took: 0.0000091 seconds
2020-02-10T11:25:28.381-0530: 276.394: Total time for which application threads were stopped: 0.0000760 seconds, Stopping threads took: 0.0000102 seconds
2020-02-10T11:25:28.381-0530: 276.394: Total time for which application threads were stopped: 0.0000715 seconds, Stopping threads took: 0.0000103 seconds
2020-02-10T11:25:28.382-0530: 276.395: Total time for which application threads were stopped: 0.0000841 seconds, Stopping threads took: 0.0000091 seconds
2020-02-10T11:25:28.382-0530: 276.395: Total time for which application threads were stopped: 0.0000917 seconds, Stopping threads took: 0.0000363 seconds
2020-02-10T11:25:28.382-0530: 276.395: Total time for which application threads were stopped: 0.0000695 seconds, Stopping threads took: 0.0000241 seconds
2020-02-10T11:25:28.382-0530: 276.395: Total time for which application threads were stopped: 0.0000728 seconds, Stopping threads took: 0.0000322 seconds
2020-02-10T11:25:28.382-0530: 276.395: Total time for which application threads were stopped: 0.0000760 seconds, Stopping threads took: 0.0000350 seconds
2020-02-10T11:25:28.382-0530: 276.396: Total time for which application threads were stopped: 0.0000830 seconds, Stopping threads took: 0.0000309 seconds
2020-02-10T11:25:28.383-0530: 276.396: Total time for which application threads were stopped: 0.0000643 seconds, Stopping threads took: 0.0000328 seconds
2020-02-10T11:25:29.384-0530: 277.397: Total time for which application threads were stopped: 0.0001205 seconds, Stopping threads took: 0.0000346 seconds
{Heap before GC invocations=71 (full 2):
 par new generation   total 109248K, used 88971K [0x00000007a0000000, 0x00000007a8000000, 0x00000007a8000000)
  eden space 87424K, 100% used [0x00000007a0000000, 0x00000007a5560000, 0x00000007a5560000)
  from space 21824K,   7% used [0x00000007a6ab0000, 0x00000007a6c32ec0, 0x00000007a8000000)
  to   space 21824K,   0% used [0x00000007a5560000, 0x00000007a5560000, 0x00000007a6ab0000)
 concurrent mark-sweep generation total 393216K, used 19603K [0x00000007a8000000, 0x00000007c0000000, 0x00000007c0000000)
 Metaspace       used 44091K, capacity 45379K, committed 45632K, reserved 1089536K
  class space    used 5298K, capacity 5599K, committed 5696K, reserved 1048576K
2020-02-10T11:25:30.333-0530: 278.346: [GC (Allocation Failure) 2020-02-10T11:25:30.333-0530: 278.346: [ParNew
Desired survivor size 20112992 bytes, new threshold 8 (max 8)
- age   1:    1656896 bytes,    1656896 total
- age   5:       3704 bytes,    1660600 total
- age   6:       3296 bytes,    1663896 total
- age   7:       3544 bytes,    1667440 total
- age   8:       2592 bytes,    1670032 total
: 88971K->1890K(109248K), 0.0036376 secs] 108574K->21497K(502464K), 0.0037298 secs] [Times: user=0.01 sys=0.00, real=0.00 secs] 
Heap after GC invocations=72 (full 2):
 par new generation   total 109248K, used 1890K [0x00000007a0000000, 0x00000007a8000000, 0x00000007a8000000)
  eden space 87424K,   0% used [0x00000007a0000000, 0x00000007a0000000, 0x00000007a5560000)
  from space 21824K,   8% used [0x00000007a5560000, 0x00000007a5738b80, 0x00000007a6ab0000)
  to   space 21824K,   0% used [0x00000007a6ab0000, 0x00000007a6ab0000, 0x00000007a8000000)
 concurrent mark-sweep generation total 393216K, used 19606K [0x00000007a8000000, 0x00000007c0000000, 0x00000007c0000000)
 Metaspace       used 44091K, capacity 45379K, committed 45632K, reserved 1089536K
  class space    used 5298K, capacity 5599K, committed 5696K, reserved 1048576K
}
2020-02-10T11:25:30.336-0530: 278.349: Total time for which application threads were stopped: 0.0039023 seconds, Stopping threads took: 0.0000238 seconds
2020-02-10T11:25:30.338-0530: 278.351: Total time for which application threads were stopped: 0.0000970 seconds, Stopping threads took: 0.0000241 seconds
2020-02-10T11:25:30.346-0530: 278.359: Total time for which application threads were stopped: 0.0001509 seconds, Stopping threads took: 0.0000605 seconds
2020-02-10T11:25:30.346-0530: 278.359: Total time for which application threads were stopped: 0.0001363 seconds, Stopping threads took: 0.0000844 seconds
2020-02-10T11:25:30.346-0530: 278.359: Total time for which application threads were stopped: 0.0000760 seconds, Stopping threads took: 0.0000243 seconds
2020-02-10T11:25:31.259-0530: 279.272: Total time for which application threads were stopped: 0.0000782 seconds, Stopping threads took: 0.0000272 seconds
2020-02-10T11:25:31.262-0530: 279.275: Total time for which application threads were stopped: 0.0000745 seconds, Stopping threads took: 0.0000261 seconds
2020-02-10T11:25:31.262-0530: 279.275: Total time for which application threads were stopped: 0.0000497 seconds, Stopping threads took: 0.0000097 seconds
2020-02-10T11:25:31.262-0530: 279.275: Total time for which application threads were stopped: 0.0000480 seconds, Stopping threads took: 0.0000093 seconds
2020-02-10T11:25:31.293-0530: 279.306: Total time for which application threads were stopped: 0.0001137 seconds, Stopping threads took: 0.0000188 seconds
{Heap before GC invocations=72 (full 2):
 par new generation   total 109248K, used 89314K [0x00000007a0000000, 0x00000007a8000000, 0x00000007a8000000)
  eden space 87424K, 100% used [0x00000007a0000000, 0x00000007a5560000, 0x00000007a5560000)
  from space 21824K,   8% used [0x00000007a5560000, 0x00000007a5738b80, 0x00000007a6ab0000)
  to   space 21824K,   0% used [0x00000007a6ab0000, 0x00000007a6ab0000, 0x00000007a8000000)
 concurrent mark-sweep generation total 393216K, used 19606K [0x00000007a8000000, 0x00000007c0000000, 0x00000007c0000000)
 Metaspace       used 44708K, capacity 46039K, committed 46144K, reserved 1089536K
  class space    used 5355K, capacity 5671K, committed 5696K, reserved 1048576K
2020-02-10T11:25:31.781-0530: 279.794: [GC (Allocation Failure) 2020-02-10T11:25:31.781-0530: 279.794: [ParNew
Desired survivor size 20112992 bytes, new threshold 8 (max 8)
- age   1:    3087328 bytes,    3087328 total
- age   2:     241288 bytes,    3328616 total
- age   6:       2424 bytes,    3331040 total
- age   7:       2520 bytes,    3333560 total
- age   8:       3544 bytes,    3337104 total
: 89314K->3743K(109248K), 0.0046506 secs] 108921K->23352K(502464K), 0.0048131 secs] [Times: user=0.01 sys=0.00, real=0.00 secs] 
Heap after GC invocations=73 (full 2):
 par new generation   total 109248K, used 3743K [0x00000007a0000000, 0x00000007a8000000, 0x00000007a8000000)
  eden space 87424K,   0% used [0x00000007a0000000, 0x00000007a0000000, 0x00000007a5560000)
  from space 21824K,  17% used [0x00000007a6ab0000, 0x00000007a6e57dd0, 0x00000007a8000000)
  to   space 21824K,   0% used [0x00000007a5560000, 0x00000007a5560000, 0x00000007a6ab0000)
 concurrent mark-sweep generation total 393216K, used 19609K [0x00000007a8000000, 0x00000007c0000000, 0x00000007c0000000)
 Metaspace       used 44708K, capacity 46039K, committed 46144K, reserved 1089536K
  class space    used 5355K, capacity 5671K, committed 5696K, reserved 1048576K
}
2020-02-10T11:25:31.786-0530: 279.799: Total time for which application threads were stopped: 0.0052903 seconds, Stopping threads took: 0.0000464 seconds
2020-02-10T11:25:31.798-0530: 279.811: Total time for which application threads were stopped: 0.0001228 seconds, Stopping threads took: 0.0000522 seconds
2020-02-10T11:25:31.814-0530: 279.827: Total time for which application threads were stopped: 0.0001258 seconds, Stopping threads took: 0.0000256 seconds
2020-02-10T11:25:31.814-0530: 279.827: Total time for which application threads were stopped: 0.0000971 seconds, Stopping threads took: 0.0000283 seconds
2020-02-10T11:25:31.816-0530: 279.829: Total time for which application threads were stopped: 0.0001176 seconds, Stopping threads took: 0.0000391 seconds
2020-02-10T11:25:32.818-0530: 280.831: Total time for which application threads were stopped: 0.0002487 seconds, Stopping threads took: 0.0001291 seconds
{Heap before GC invocations=73 (full 2):
 par new generation   total 109248K, used 91167K [0x00000007a0000000, 0x00000007a8000000, 0x00000007a8000000)
  eden space 87424K, 100% used [0x00000007a0000000, 0x00000007a5560000, 0x00000007a5560000)
  from space 21824K,  17% used [0x00000007a6ab0000, 0x00000007a6e57dd0, 0x00000007a8000000)
  to   space 21824K,   0% used [0x00000007a5560000, 0x00000007a5560000, 0x00000007a6ab0000)
 concurrent mark-sweep generation total 393216K, used 19609K [0x00000007a8000000, 0x00000007c0000000, 0x00000007c0000000)
 Metaspace       used 44713K, capacity 46039K, committed 46144K, reserved 1089536K
  class space    used 5355K, capacity 5671K, committed 5696K, reserved 1048576K
2020-02-10T11:25:33.071-0530: 281.083: [GC (Allocation Failure) 2020-02-10T11:25:33.071-0530: 281.084: [ParNew
Desired survivor size 20112992 bytes, new threshold 8 (max 8)
- age   1:    2828528 bytes,    2828528 total
- age   2:     209224 bytes,    3037752 total
- age   3:     170128 bytes,    3207880 total
- age   7:       2424 bytes,    3210304 total
- age   8:       2520 bytes,    3212824 total
: 91167K->4640K(109248K), 0.0039257 secs] 110776K->24252K(502464K), 0.0040588 secs] [Times: user=0.01 sys=0.00, real=0.00 secs] 
Heap after GC invocations=74 (full 2):
 par new generation   total 109248K, used 4640K [0x00000007a0000000, 0x00000007a8000000, 0x00000007a8000000)
  eden space 87424K,   0% used [0x00000007a0000000, 0x00000007a0000000, 0x00000007a5560000)
  from space 21824K,  21% used [0x00000007a5560000, 0x00000007a59e80d0, 0x00000007a6ab0000)
  to   space 21824K,   0% used [0x00000007a6ab0000, 0x00000007a6ab0000, 0x00000007a8000000)
 concurrent mark-sweep generation total 393216K, used 19612K [0x00000007a8000000, 0x00000007c0000000, 0x00000007c0000000)
 Metaspace       used 44713K, capacity 46039K, committed 46144K, reserved 1089536K
  class space    used 5355K, capacity 5671K, committed 5696K, reserved 1048576K
}
2020-02-10T11:25:33.075-0530: 281.088: Total time for which application threads were stopped: 0.0043051 seconds, Stopping threads took: 0.0000284 seconds
2020-02-10T11:25:33.096-0530: 281.109: Total time for which application threads were stopped: 0.0001337 seconds, Stopping threads took: 0.0000354 seconds
2020-02-10T11:25:33.110-0530: 281.123: Total time for which application threads were stopped: 0.0002116 seconds, Stopping threads took: 0.0001086 seconds
2020-02-10T11:25:33.110-0530: 281.123: Total time for which application threads were stopped: 0.0000798 seconds, Stopping threads took: 0.0000127 seconds
2020-02-10T11:25:33.111-0530: 281.124: Total time for which application threads were stopped: 0.0001110 seconds, Stopping threads took: 0.0000227 seconds
2020-02-10T11:25:33.112-0530: 281.125: Total time for which application threads were stopped: 0.0001576 seconds, Stopping threads took: 0.0000531 seconds
2020-02-10T11:25:34.114-0530: 282.127: Total time for which application threads were stopped: 0.0001702 seconds, Stopping threads took: 0.0000774 seconds
{Heap before GC invocations=74 (full 2):
 par new generation   total 109248K, used 91821K [0x00000007a0000000, 0x00000007a8000000, 0x00000007a8000000)
  eden space 87424K,  99% used [0x00000007a0000000, 0x00000007a5523598, 0x00000007a5560000)
  from space 21824K,  21% used [0x00000007a5560000, 0x00000007a59e80d0, 0x00000007a6ab0000)
  to   space 21824K,   0% used [0x00000007a6ab0000, 0x00000007a6ab0000, 0x00000007a8000000)
 concurrent mark-sweep generation total 393216K, used 19612K [0x00000007a8000000, 0x00000007c0000000, 0x00000007c0000000)
 Metaspace       used 44738K, capacity 46039K, committed 46144K, reserved 1089536K
  class space    used 5356K, capacity 5671K, committed 5696K, reserved 1048576K
2020-02-10T11:25:34.203-0530: 282.216: [GC (Allocation Failure) 2020-02-10T11:25:34.203-0530: 282.216: [ParNew
Desired survivor size 20112992 bytes, new threshold 8 (max 8)
- age   1:    2586704 bytes,    2586704 total
- age   2:     112280 bytes,    2698984 total
- age   3:     134664 bytes,    2833648 total
- age   4:     169352 bytes,    3003000 total
- age   8:       2424 bytes,    3005424 total
: 91821K->4147K(109248K), 0.0039560 secs] 111433K->23762K(502464K), 0.0040427 secs] [Times: user=0.01 sys=0.00, real=0.00 secs] 
Heap after GC invocations=75 (full 2):
 par new generation   total 109248K, used 4147K [0x00000007a0000000, 0x00000007a8000000, 0x00000007a8000000)
  eden space 87424K,   0% used [0x00000007a0000000, 0x00000007a0000000, 0x00000007a5560000)
  from space 21824K,  19% used [0x00000007a6ab0000, 0x00000007a6ebcd60, 0x00000007a8000000)
  to   space 21824K,   0% used [0x00000007a5560000, 0x00000007a5560000, 0x00000007a6ab0000)
 concurrent mark-sweep generation total 393216K, used 19614K [0x00000007a8000000, 0x00000007c0000000, 0x00000007c0000000)
 Metaspace       used 44738K, capacity 46039K, committed 46144K, reserved 1089536K
  class space    used 5356K, capacity 5671K, committed 5696K, reserved 1048576K
}
2020-02-10T11:25:34.207-0530: 282.220: Total time for which application threads were stopped: 0.0042597 seconds, Stopping threads took: 0.0000401 seconds
2020-02-10T11:25:34.230-0530: 282.243: Total time for which application threads were stopped: 0.0001898 seconds, Stopping threads took: 0.0001041 seconds
2020-02-10T11:25:34.243-0530: 282.256: Total time for which application threads were stopped: 0.0000825 seconds, Stopping threads took: 0.0000182 seconds
2020-02-10T11:25:34.244-0530: 282.256: Total time for which application threads were stopped: 0.0001234 seconds, Stopping threads took: 0.0000377 seconds
2020-02-10T11:25:34.244-0530: 282.257: Total time for which application threads were stopped: 0.0000723 seconds, Stopping threads took: 0.0000250 seconds
2020-02-10T11:25:34.244-0530: 282.257: Total time for which application threads were stopped: 0.0000461 seconds, Stopping threads took: 0.0000105 seconds
2020-02-10T11:25:35.249-0530: 283.262: Total time for which application threads were stopped: 0.0001704 seconds, Stopping threads took: 0.0001051 seconds
{Heap before GC invocations=75 (full 2):
 par new generation   total 109248K, used 91571K [0x00000007a0000000, 0x00000007a8000000, 0x00000007a8000000)
  eden space 87424K, 100% used [0x00000007a0000000, 0x00000007a5560000, 0x00000007a5560000)
  from space 21824K,  19% used [0x00000007a6ab0000, 0x00000007a6ebcd60, 0x00000007a8000000)
  to   space 21824K,   0% used [0x00000007a5560000, 0x00000007a5560000, 0x00000007a6ab0000)
 concurrent mark-sweep generation total 393216K, used 19614K [0x00000007a8000000, 0x00000007c0000000, 0x00000007c0000000)
 Metaspace       used 44741K, capacity 46039K, committed 46144K, reserved 1089536K
  class space    used 5356K, capacity 5671K, committed 5696K, reserved 1048576K
2020-02-10T11:25:35.485-0530: 283.498: [GC (Allocation Failure) 2020-02-10T11:25:35.486-0530: 283.498: [ParNew
Desired survivor size 20112992 bytes, new threshold 8 (max 8)
- age   1:    2079320 bytes,    2079320 total
- age   2:     112112 bytes,    2191432 total
- age   3:      38472 bytes,    2229904 total
- age   4:     134664 bytes,    2364568 total
- age   5:     169320 bytes,    2533888 total
: 91571K->3409K(109248K), 0.0057311 secs] 111186K->23026K(502464K), 0.0058917 secs] [Times: user=0.02 sys=0.00, real=0.01 secs] 
Heap after GC invocations=76 (full 2):
 par new generation   total 109248K, used 3409K [0x00000007a0000000, 0x00000007a8000000, 0x00000007a8000000)
  eden space 87424K,   0% used [0x00000007a0000000, 0x00000007a0000000, 0x00000007a5560000)
  from space 21824K,  15% used [0x00000007a5560000, 0x00000007a58b4618, 0x00000007a6ab0000)
  to   space 21824K,   0% used [0x00000007a6ab0000, 0x00000007a6ab0000, 0x00000007a8000000)
 concurrent mark-sweep generation total 393216K, used 19617K [0x00000007a8000000, 0x00000007c0000000, 0x00000007c0000000)
 Metaspace       used 44741K, capacity 46039K, committed 46144K, reserved 1089536K
  class space    used 5356K, capacity 5671K, committed 5696K, reserved 1048576K
}
2020-02-10T11:25:35.491-0530: 283.504: Total time for which application threads were stopped: 0.0061567 seconds, Stopping threads took: 0.0000347 seconds
2020-02-10T11:25:35.516-0530: 283.529: Total time for which application threads were stopped: 0.0001230 seconds, Stopping threads took: 0.0000282 seconds
2020-02-10T11:25:35.530-0530: 283.543: Total time for which application threads were stopped: 0.0001088 seconds, Stopping threads took: 0.0000419 seconds
2020-02-10T11:25:35.531-0530: 283.544: Total time for which application threads were stopped: 0.0001254 seconds, Stopping threads took: 0.0000407 seconds
2020-02-10T11:25:35.531-0530: 283.544: Total time for which application threads were stopped: 0.0001019 seconds, Stopping threads took: 0.0000514 seconds
2020-02-10T11:25:35.532-0530: 283.544: Total time for which application threads were stopped: 0.0001086 seconds, Stopping threads took: 0.0000562 seconds
2020-02-10T11:25:36.533-0530: 284.545: Total time for which application threads were stopped: 0.0001595 seconds, Stopping threads took: 0.0000714 seconds
{Heap before GC invocations=76 (full 2):
 par new generation   total 109248K, used 90833K [0x00000007a0000000, 0x00000007a8000000, 0x00000007a8000000)
  eden space 87424K, 100% used [0x00000007a0000000, 0x00000007a5560000, 0x00000007a5560000)
  from space 21824K,  15% used [0x00000007a5560000, 0x00000007a58b4618, 0x00000007a6ab0000)
  to   space 21824K,   0% used [0x00000007a6ab0000, 0x00000007a6ab0000, 0x00000007a8000000)
 concurrent mark-sweep generation total 393216K, used 19617K [0x00000007a8000000, 0x00000007c0000000, 0x00000007c0000000)
 Metaspace       used 44746K, capacity 46039K, committed 46144K, reserved 1089536K
  class space    used 5356K, capacity 5671K, committed 5696K, reserved 1048576K
2020-02-10T11:25:36.745-0530: 284.758: [GC (Allocation Failure) 2020-02-10T11:25:36.745-0530: 284.758: [ParNew
Desired survivor size 20112992 bytes, new threshold 8 (max 8)
- age   1:    1916048 bytes,    1916048 total
- age   2:     107776 bytes,    2023824 total
- age   3:      39400 bytes,    2063224 total
- age   4:      38440 bytes,    2101664 total
- age   5:     134664 bytes,    2236328 total
- age   6:     169320 bytes,    2405648 total
: 90833K->3266K(109248K), 0.0059951 secs] 110450K->22884K(502464K), 0.0061532 secs] [Times: user=0.02 sys=0.00, real=0.01 secs] 
Heap after GC invocations=77 (full 2):
 par new generation   total 109248K, used 3266K [0x00000007a0000000, 0x00000007a8000000, 0x00000007a8000000)
  eden space 87424K,   0% used [0x00000007a0000000, 0x00000007a0000000, 0x00000007a5560000)
  from space 21824K,  14% used [0x00000007a6ab0000, 0x00000007a6de0bd0, 0x00000007a8000000)
  to   space 21824K,   0% used [0x00000007a5560000, 0x00000007a5560000, 0x00000007a6ab0000)
 concurrent mark-sweep generation total 393216K, used 19617K [0x00000007a8000000, 0x00000007c0000000, 0x00000007c0000000)
 Metaspace       used 44746K, capacity 46039K, committed 46144K, reserved 1089536K
  class space    used 5356K, capacity 5671K, committed 5696K, reserved 1048576K
}
2020-02-10T11:25:36.751-0530: 284.764: Total time for which application threads were stopped: 0.0063955 seconds, Stopping threads took: 0.0000245 seconds
2020-02-10T11:25:36.760-0530: 284.773: Total time for which application threads were stopped: 0.0001005 seconds, Stopping threads took: 0.0000243 seconds
2020-02-10T11:25:36.771-0530: 284.783: Total time for which application threads were stopped: 0.0000810 seconds, Stopping threads took: 0.0000181 seconds
2020-02-10T11:25:36.772-0530: 284.784: Total time for which application threads were stopped: 0.0001324 seconds, Stopping threads took: 0.0000444 seconds
2020-02-10T11:25:36.772-0530: 284.785: Total time for which application threads were stopped: 0.0001337 seconds, Stopping threads took: 0.0000622 seconds
2020-02-10T11:25:36.772-0530: 284.785: Total time for which application threads were stopped: 0.0001419 seconds, Stopping threads took: 0.0000653 seconds
2020-02-10T11:25:37.774-0530: 285.787: Total time for which application threads were stopped: 0.0001152 seconds, Stopping threads took: 0.0000365 seconds
{Heap before GC invocations=77 (full 2):
 par new generation   total 109248K, used 90690K [0x00000007a0000000, 0x00000007a8000000, 0x00000007a8000000)
  eden space 87424K, 100% used [0x00000007a0000000, 0x00000007a5560000, 0x00000007a5560000)
  from space 21824K,  14% used [0x00000007a6ab0000, 0x00000007a6de0bd0, 0x00000007a8000000)
  to   space 21824K,   0% used [0x00000007a5560000, 0x00000007a5560000, 0x00000007a6ab0000)
 concurrent mark-sweep generation total 393216K, used 19617K [0x00000007a8000000, 0x00000007c0000000, 0x00000007c0000000)
 Metaspace       used 44759K, capacity 46039K, committed 46144K, reserved 1089536K
  class space    used 5356K, capacity 5671K, committed 5696K, reserved 1048576K
2020-02-10T11:25:37.933-0530: 285.946: [GC (Allocation Failure) 2020-02-10T11:25:37.934-0530: 285.946: [ParNew
Desired survivor size 20112992 bytes, new threshold 8 (max 8)
- age   1:    2118960 bytes,    2118960 total
- age   2:     106096 bytes,    2225056 total
- age   3:      34848 bytes,    2259904 total
- age   4:      39400 bytes,    2299304 total
- age   5:      38440 bytes,    2337744 total
- age   6:     134664 bytes,    2472408 total
- age   7:     169320 bytes,    2641728 total
: 90690K->3513K(109248K), 0.0054820 secs] 110308K->23130K(502464K), 0.0055993 secs] [Times: user=0.02 sys=0.01, real=0.00 secs] 
Heap after GC invocations=78 (full 2):
 par new generation   total 109248K, used 3513K [0x00000007a0000000, 0x00000007a8000000, 0x00000007a8000000)
  eden space 87424K,   0% used [0x00000007a0000000, 0x00000007a0000000, 0x00000007a5560000)
  from space 21824K,  16% used [0x00000007a5560000, 0x00000007a58ce4f0, 0x00000007a6ab0000)
  to   space 21824K,   0% used [0x00000007a6ab0000, 0x00000007a6ab0000, 0x00000007a8000000)
 concurrent mark-sweep generation total 393216K, used 19617K [0x00000007a8000000, 0x00000007c0000000, 0x00000007c0000000)
 Metaspace       used 44759K, capacity 46039K, committed 46144K, reserved 1089536K
  class space    used 5356K, capacity 5671K, committed 5696K, reserved 1048576K
}
2020-02-10T11:25:37.939-0530: 285.952: Total time for which application threads were stopped: 0.0057785 seconds, Stopping threads took: 0.0000264 seconds
2020-02-10T11:25:37.952-0530: 285.965: Total time for which application threads were stopped: 0.0001373 seconds, Stopping threads took: 0.0000330 seconds
2020-02-10T11:25:37.967-0530: 285.980: Total time for which application threads were stopped: 0.0000865 seconds, Stopping threads took: 0.0000190 seconds
2020-02-10T11:25:37.968-0530: 285.981: Total time for which application threads were stopped: 0.0001295 seconds, Stopping threads took: 0.0000473 seconds
2020-02-10T11:25:37.968-0530: 285.981: Total time for which application threads were stopped: 0.0001682 seconds, Stopping threads took: 0.0000744 seconds
2020-02-10T11:25:37.969-0530: 285.981: Total time for which application threads were stopped: 0.0000938 seconds, Stopping threads took: 0.0000247 seconds
{Heap before GC invocations=78 (full 2):
 par new generation   total 109248K, used 90937K [0x00000007a0000000, 0x00000007a8000000, 0x00000007a8000000)
  eden space 87424K, 100% used [0x00000007a0000000, 0x00000007a5560000, 0x00000007a5560000)
  from space 21824K,  16% used [0x00000007a5560000, 0x00000007a58ce4f0, 0x00000007a6ab0000)
  to   space 21824K,   0% used [0x00000007a6ab0000, 0x00000007a6ab0000, 0x00000007a8000000)
 concurrent mark-sweep generation total 393216K, used 19617K [0x00000007a8000000, 0x00000007c0000000, 0x00000007c0000000)
 Metaspace       used 44765K, capacity 46043K, committed 46144K, reserved 1089536K
  class space    used 5356K, capacity 5671K, committed 5696K, reserved 1048576K
2020-02-10T11:25:39.588-0530: 287.601: [GC (Allocation Failure) 2020-02-10T11:25:39.588-0530: 287.601: [ParNew
Desired survivor size 20112992 bytes, new threshold 8 (max 8)
- age   1:    2091424 bytes,    2091424 total
- age   2:     114920 bytes,    2206344 total
- age   3:      33224 bytes,    2239568 total
- age   4:      34816 bytes,    2274384 total
- age   5:      39400 bytes,    2313784 total
- age   6:      38440 bytes,    2352224 total
- age   7:     134664 bytes,    2486888 total
- age   8:     169320 bytes,    2656208 total
: 90937K->3185K(109248K), 0.0039936 secs] 110554K->22802K(502464K), 0.0040961 secs] [Times: user=0.01 sys=0.00, real=0.01 secs] 
Heap after GC invocations=79 (full 2):
 par new generation   total 109248K, used 3185K [0x00000007a0000000, 0x00000007a8000000, 0x00000007a8000000)
  eden space 87424K,   0% used [0x00000007a0000000, 0x00000007a0000000, 0x00000007a5560000)
  from space 21824K,  14% used [0x00000007a6ab0000, 0x00000007a6dcc580, 0x00000007a8000000)
  to   space 21824K,   0% used [0x00000007a5560000, 0x00000007a5560000, 0x00000007a6ab0000)
 concurrent mark-sweep generation total 393216K, used 19617K [0x00000007a8000000, 0x00000007c0000000, 0x00000007c0000000)
 Metaspace       used 44765K, capacity 46043K, committed 46144K, reserved 1089536K
  class space    used 5356K, capacity 5671K, committed 5696K, reserved 1048576K
}
2020-02-10T11:25:39.592-0530: 287.605: Total time for which application threads were stopped: 0.0042849 seconds, Stopping threads took: 0.0000317 seconds
2020-02-10T11:25:39.596-0530: 287.609: Total time for which application threads were stopped: 0.0000836 seconds, Stopping threads took: 0.0000192 seconds
2020-02-10T11:25:39.608-0530: 287.620: Total time for which application threads were stopped: 0.0001526 seconds, Stopping threads took: 0.0000441 seconds
2020-02-10T11:25:39.609-0530: 287.622: Total time for which application threads were stopped: 0.0001397 seconds, Stopping threads took: 0.0000541 seconds
2020-02-10T11:25:39.609-0530: 287.622: Total time for which application threads were stopped: 0.0001281 seconds, Stopping threads took: 0.0000432 seconds
2020-02-10T11:25:39.611-0530: 287.624: Total time for which application threads were stopped: 0.0007349 seconds, Stopping threads took: 0.0000779 seconds
2020-02-10T11:25:39.611-0530: 287.624: Total time for which application threads were stopped: 0.0001423 seconds, Stopping threads took: 0.0000673 seconds
2020-02-10T11:25:39.613-0530: 287.625: Total time for which application threads were stopped: 0.0002072 seconds, Stopping threads took: 0.0001313 seconds
{Heap before GC invocations=79 (full 2):
 par new generation   total 109248K, used 90609K [0x00000007a0000000, 0x00000007a8000000, 0x00000007a8000000)
  eden space 87424K, 100% used [0x00000007a0000000, 0x00000007a5560000, 0x00000007a5560000)
  from space 21824K,  14% used [0x00000007a6ab0000, 0x00000007a6dcc580, 0x00000007a8000000)
  to   space 21824K,   0% used [0x00000007a5560000, 0x00000007a5560000, 0x00000007a6ab0000)
 concurrent mark-sweep generation total 393216K, used 19617K [0x00000007a8000000, 0x00000007c0000000, 0x00000007c0000000)
 Metaspace       used 44766K, capacity 46043K, committed 46144K, reserved 1089536K
  class space    used 5356K, capacity 5671K, committed 5696K, reserved 1048576K
2020-02-10T11:25:39.829-0530: 287.842: [GC (Allocation Failure) 2020-02-10T11:25:39.829-0530: 287.842: [ParNew
Desired survivor size 20112992 bytes, new threshold 8 (max 8)
- age   1:     497184 bytes,     497184 total
- age   2:     109256 bytes,     606440 total
- age   3:     112968 bytes,     719408 total
- age   4:      33224 bytes,     752632 total
- age   5:      34816 bytes,     787448 total
- age   6:      39400 bytes,     826848 total
- age   7:      38440 bytes,     865288 total
- age   8:     134664 bytes,     999952 total
: 90609K->2100K(109248K), 0.0037933 secs] 110226K->21883K(502464K), 0.0039221 secs] [Times: user=0.01 sys=0.00, real=0.01 secs] 
Heap after GC invocations=80 (full 2):
 par new generation   total 109248K, used 2100K [0x00000007a0000000, 0x00000007a8000000, 0x00000007a8000000)
  eden space 87424K,   0% used [0x00000007a0000000, 0x00000007a0000000, 0x00000007a5560000)
  from space 21824K,   9% used [0x00000007a5560000, 0x00000007a576d300, 0x00000007a6ab0000)
  to   space 21824K,   0% used [0x00000007a6ab0000, 0x00000007a6ab0000, 0x00000007a8000000)
 concurrent mark-sweep generation total 393216K, used 19783K [0x00000007a8000000, 0x00000007c0000000, 0x00000007c0000000)
 Metaspace       used 44766K, capacity 46043K, committed 46144K, reserved 1089536K
  class space    used 5356K, capacity 5671K, committed 5696K, reserved 1048576K
}
2020-02-10T11:25:39.833-0530: 287.846: Total time for which application threads were stopped: 0.0041901 seconds, Stopping threads took: 0.0000320 seconds
{Heap before GC invocations=80 (full 2):
 par new generation   total 109248K, used 89524K [0x00000007a0000000, 0x00000007a8000000, 0x00000007a8000000)
  eden space 87424K, 100% used [0x00000007a0000000, 0x00000007a5560000, 0x00000007a5560000)
  from space 21824K,   9% used [0x00000007a5560000, 0x00000007a576d300, 0x00000007a6ab0000)
  to   space 21824K,   0% used [0x00000007a6ab0000, 0x00000007a6ab0000, 0x00000007a8000000)
 concurrent mark-sweep generation total 393216K, used 19783K [0x00000007a8000000, 0x00000007c0000000, 0x00000007c0000000)
 Metaspace       used 44766K, capacity 46043K, committed 46144K, reserved 1089536K
  class space    used 5356K, capacity 5671K, committed 5696K, reserved 1048576K
2020-02-10T11:25:40.023-0530: 288.035: [GC (Allocation Failure) 2020-02-10T11:25:40.023-0530: 288.036: [ParNew
Desired survivor size 20112992 bytes, new threshold 8 (max 8)
- age   1:     229672 bytes,     229672 total
- age   2:     383384 bytes,     613056 total
- age   3:     108344 bytes,     721400 total
- age   4:     112968 bytes,     834368 total
- age   5:      33224 bytes,     867592 total
- age   6:      34816 bytes,     902408 total
- age   7:      39400 bytes,     941808 total
- age   8:      38440 bytes,     980248 total
: 89524K->1307K(109248K), 0.0050606 secs] 109307K->21223K(502464K), 0.0051548 secs] [Times: user=0.02 sys=0.01, real=0.00 secs] 
Heap after GC invocations=81 (full 2):
 par new generation   total 109248K, used 1307K [0x00000007a0000000, 0x00000007a8000000, 0x00000007a8000000)
  eden space 87424K,   0% used [0x00000007a0000000, 0x00000007a0000000, 0x00000007a5560000)
  from space 21824K,   5% used [0x00000007a6ab0000, 0x00000007a6bf6f28, 0x00000007a8000000)
  to   space 21824K,   0% used [0x00000007a5560000, 0x00000007a5560000, 0x00000007a6ab0000)
 concurrent mark-sweep generation total 393216K, used 19916K [0x00000007a8000000, 0x00000007c0000000, 0x00000007c0000000)
 Metaspace       used 44766K, capacity 46043K, committed 46144K, reserved 1089536K
  class space    used 5356K, capacity 5671K, committed 5696K, reserved 1048576K
}
2020-02-10T11:25:40.028-0530: 288.041: Total time for which application threads were stopped: 0.0053635 seconds, Stopping threads took: 0.0000516 seconds
{Heap before GC invocations=81 (full 2):
 par new generation   total 109248K, used 88731K [0x00000007a0000000, 0x00000007a8000000, 0x00000007a8000000)
  eden space 87424K, 100% used [0x00000007a0000000, 0x00000007a5560000, 0x00000007a5560000)
  from space 21824K,   5% used [0x00000007a6ab0000, 0x00000007a6bf6f28, 0x00000007a8000000)
  to   space 21824K,   0% used [0x00000007a5560000, 0x00000007a5560000, 0x00000007a6ab0000)
 concurrent mark-sweep generation total 393216K, used 19916K [0x00000007a8000000, 0x00000007c0000000, 0x00000007c0000000)
 Metaspace       used 44766K, capacity 46043K, committed 46144K, reserved 1089536K
  class space    used 5356K, capacity 5671K, committed 5696K, reserved 1048576K
2020-02-10T11:25:40.262-0530: 288.275: [GC (Allocation Failure) 2020-02-10T11:25:40.262-0530: 288.275: [ParNew
Desired survivor size 20112992 bytes, new threshold 8 (max 8)
- age   1:     161112 bytes,     161112 total
- age   2:       8408 bytes,     169520 total
- age   3:     383304 bytes,     552824 total
- age   4:     108344 bytes,     661168 total
- age   5:     112968 bytes,     774136 total
- age   6:      33224 bytes,     807360 total
- age   7:      34816 bytes,     842176 total
- age   8:      39400 bytes,     881576 total
: 88731K->1139K(109248K), 0.0033046 secs] 108647K->21093K(502464K), 0.0033857 secs] [Times: user=0.01 sys=0.00, real=0.00 secs] 
Heap after GC invocations=82 (full 2):
 par new generation   total 109248K, used 1139K [0x00000007a0000000, 0x00000007a8000000, 0x00000007a8000000)
  eden space 87424K,   0% used [0x00000007a0000000, 0x00000007a0000000, 0x00000007a5560000)
  from space 21824K,   5% used [0x00000007a5560000, 0x00000007a567cd18, 0x00000007a6ab0000)
  to   space 21824K,   0% used [0x00000007a6ab0000, 0x00000007a6ab0000, 0x00000007a8000000)
 concurrent mark-sweep generation total 393216K, used 19954K [0x00000007a8000000, 0x00000007c0000000, 0x00000007c0000000)
 Metaspace       used 44766K, capacity 46043K, committed 46144K, reserved 1089536K
  class space    used 5356K, capacity 5671K, committed 5696K, reserved 1048576K
}
2020-02-10T11:25:40.266-0530: 288.279: Total time for which application threads were stopped: 0.0035693 seconds, Stopping threads took: 0.0000243 seconds
{Heap before GC invocations=82 (full 2):
 par new generation   total 109248K, used 88563K [0x00000007a0000000, 0x00000007a8000000, 0x00000007a8000000)
  eden space 87424K, 100% used [0x00000007a0000000, 0x00000007a5560000, 0x00000007a5560000)
  from space 21824K,   5% used [0x00000007a5560000, 0x00000007a567cd18, 0x00000007a6ab0000)
  to   space 21824K,   0% used [0x00000007a6ab0000, 0x00000007a6ab0000, 0x00000007a8000000)
 concurrent mark-sweep generation total 393216K, used 19954K [0x00000007a8000000, 0x00000007c0000000, 0x00000007c0000000)
 Metaspace       used 44766K, capacity 46043K, committed 46144K, reserved 1089536K
  class space    used 5356K, capacity 5671K, committed 5696K, reserved 1048576K
2020-02-10T11:25:40.431-0530: 288.444: [GC (Allocation Failure) 2020-02-10T11:25:40.431-0530: 288.444: [ParNew
Desired survivor size 20112992 bytes, new threshold 8 (max 8)
- age   1:     126928 bytes,     126928 total
- age   2:       3336 bytes,     130264 total
- age   3:       8408 bytes,     138672 total
- age   4:     383304 bytes,     521976 total
- age   5:     108344 bytes,     630320 total
- age   6:     112968 bytes,     743288 total
- age   7:      33224 bytes,     776512 total
- age   8:      34816 bytes,     811328 total
: 88563K->1137K(109248K), 0.0034463 secs] 108517K->21130K(502464K), 0.0035402 secs] [Times: user=0.01 sys=0.00, real=0.00 secs] 
Heap after GC invocations=83 (full 2):
 par new generation   total 109248K, used 1137K [0x00000007a0000000, 0x00000007a8000000, 0x00000007a8000000)
  eden space 87424K,   0% used [0x00000007a0000000, 0x00000007a0000000, 0x00000007a5560000)
  from space 21824K,   5% used [0x00000007a6ab0000, 0x00000007a6bcc5b0, 0x00000007a8000000)
  to   space 21824K,   0% used [0x00000007a5560000, 0x00000007a5560000, 0x00000007a6ab0000)
 concurrent mark-sweep generation total 393216K, used 19992K [0x00000007a8000000, 0x00000007c0000000, 0x00000007c0000000)
 Metaspace       used 44766K, capacity 46043K, committed 46144K, reserved 1089536K
  class space    used 5356K, capacity 5671K, committed 5696K, reserved 1048576K
}
2020-02-10T11:25:40.435-0530: 288.447: Total time for which application threads were stopped: 0.0037172 seconds, Stopping threads took: 0.0000256 seconds
{Heap before GC invocations=83 (full 2):
 par new generation   total 109248K, used 88561K [0x00000007a0000000, 0x00000007a8000000, 0x00000007a8000000)
  eden space 87424K, 100% used [0x00000007a0000000, 0x00000007a5560000, 0x00000007a5560000)
  from space 21824K,   5% used [0x00000007a6ab0000, 0x00000007a6bcc5b0, 0x00000007a8000000)
  to   space 21824K,   0% used [0x00000007a5560000, 0x00000007a5560000, 0x00000007a6ab0000)
 concurrent mark-sweep generation total 393216K, used 19992K [0x00000007a8000000, 0x00000007c0000000, 0x00000007c0000000)
 Metaspace       used 44767K, capacity 46043K, committed 46144K, reserved 1089536K
  class space    used 5356K, capacity 5671K, committed 5696K, reserved 1048576K
2020-02-10T11:25:40.596-0530: 288.609: [GC (Allocation Failure) 2020-02-10T11:25:40.596-0530: 288.609: [ParNew
Desired survivor size 20112992 bytes, new threshold 8 (max 8)
- age   1:     133296 bytes,     133296 total
- age   2:        808 bytes,     134104 total
- age   3:       3256 bytes,     137360 total
- age   4:       8408 bytes,     145768 total
- age   5:     383304 bytes,     529072 total
- age   6:     108344 bytes,     637416 total
- age   7:     112968 bytes,     750384 total
- age   8:      33224 bytes,     783608 total
: 88561K->937K(109248K), 0.0032189 secs] 108554K->20964K(502464K), 0.0032961 secs] [Times: user=0.01 sys=0.00, real=0.00 secs] 
Heap after GC invocations=84 (full 2):
 par new generation   total 109248K, used 937K [0x00000007a0000000, 0x00000007a8000000, 0x00000007a8000000)
  eden space 87424K,   0% used [0x00000007a0000000, 0x00000007a0000000, 0x00000007a5560000)
  from space 21824K,   4% used [0x00000007a5560000, 0x00000007a564a680, 0x00000007a6ab0000)
  to   space 21824K,   0% used [0x00000007a6ab0000, 0x00000007a6ab0000, 0x00000007a8000000)
 concurrent mark-sweep generation total 393216K, used 20027K [0x00000007a8000000, 0x00000007c0000000, 0x00000007c0000000)
 Metaspace       used 44767K, capacity 46043K, committed 46144K, reserved 1089536K
  class space    used 5356K, capacity 5671K, committed 5696K, reserved 1048576K
}
2020-02-10T11:25:40.599-0530: 288.612: Total time for which application threads were stopped: 0.0034670 seconds, Stopping threads took: 0.0000241 seconds
{Heap before GC invocations=84 (full 2):
 par new generation   total 109248K, used 88361K [0x00000007a0000000, 0x00000007a8000000, 0x00000007a8000000)
  eden space 87424K, 100% used [0x00000007a0000000, 0x00000007a5560000, 0x00000007a5560000)
  from space 21824K,   4% used [0x00000007a5560000, 0x00000007a564a680, 0x00000007a6ab0000)
  to   space 21824K,   0% used [0x00000007a6ab0000, 0x00000007a6ab0000, 0x00000007a8000000)
 concurrent mark-sweep generation total 393216K, used 20027K [0x00000007a8000000, 0x00000007c0000000, 0x00000007c0000000)
 Metaspace       used 44774K, capacity 46043K, committed 46144K, reserved 1089536K
  class space    used 5356K, capacity 5671K, committed 5696K, reserved 1048576K
2020-02-10T11:25:41.246-0530: 289.259: [GC (Allocation Failure) 2020-02-10T11:25:41.246-0530: 289.259: [ParNew
Desired survivor size 20112992 bytes, new threshold 8 (max 8)
- age   1:    2125424 bytes,    2125424 total
- age   4:         72 bytes,    2125496 total
- age   6:     106296 bytes,    2231792 total
- age   7:     107600 bytes,    2339392 total
- age   8:      41984 bytes,    2381376 total
: 88361K->2411K(109248K), 0.0035802 secs] 108388K->22471K(502464K), 0.0037112 secs] [Times: user=0.01 sys=0.00, real=0.01 secs] 
Heap after GC invocations=85 (full 2):
 par new generation   total 109248K, used 2411K [0x00000007a0000000, 0x00000007a8000000, 0x00000007a8000000)
  eden space 87424K,   0% used [0x00000007a0000000, 0x00000007a0000000, 0x00000007a5560000)
  from space 21824K,  11% used [0x00000007a6ab0000, 0x00000007a6d0ad80, 0x00000007a8000000)
  to   space 21824K,   0% used [0x00000007a5560000, 0x00000007a5560000, 0x00000007a6ab0000)
 concurrent mark-sweep generation total 393216K, used 20059K [0x00000007a8000000, 0x00000007c0000000, 0x00000007c0000000)
 Metaspace       used 44774K, capacity 46043K, committed 46144K, reserved 1089536K
  class space    used 5356K, capacity 5671K, committed 5696K, reserved 1048576K
}
2020-02-10T11:25:41.250-0530: 289.263: Total time for which application threads were stopped: 0.0039905 seconds, Stopping threads took: 0.0000491 seconds
2020-02-10T11:25:41.261-0530: 289.274: Total time for which application threads were stopped: 0.0000940 seconds, Stopping threads took: 0.0000249 seconds
2020-02-10T11:25:41.279-0530: 289.292: Total time for which application threads were stopped: 0.0001710 seconds, Stopping threads took: 0.0000750 seconds
2020-02-10T11:25:41.279-0530: 289.292: Total time for which application threads were stopped: 0.0001101 seconds, Stopping threads took: 0.0000335 seconds
2020-02-10T11:25:41.279-0530: 289.292: Total time for which application threads were stopped: 0.0000884 seconds, Stopping threads took: 0.0000250 seconds
2020-02-10T11:25:41.282-0530: 289.295: Total time for which application threads were stopped: 0.0001218 seconds, Stopping threads took: 0.0000240 seconds
2020-02-10T11:25:41.283-0530: 289.295: Total time for which application threads were stopped: 0.0000742 seconds, Stopping threads took: 0.0000135 seconds
2020-02-10T11:25:41.283-0530: 289.295: Total time for which application threads were stopped: 0.0000944 seconds, Stopping threads took: 0.0000116 seconds
2020-02-10T11:25:41.283-0530: 289.296: Total time for which application threads were stopped: 0.0000503 seconds, Stopping threads took: 0.0000087 seconds
2020-02-10T11:25:41.283-0530: 289.296: Total time for which application threads were stopped: 0.0000846 seconds, Stopping threads took: 0.0000100 seconds
2020-02-10T11:25:41.284-0530: 289.296: Total time for which application threads were stopped: 0.0000803 seconds, Stopping threads took: 0.0000128 seconds
2020-02-10T11:25:41.284-0530: 289.297: Total time for which application threads were stopped: 0.0001145 seconds, Stopping threads took: 0.0000279 seconds
2020-02-10T11:25:41.284-0530: 289.297: Total time for which application threads were stopped: 0.0000895 seconds, Stopping threads took: 0.0000266 seconds
2020-02-10T11:25:41.284-0530: 289.297: Total time for which application threads were stopped: 0.0000805 seconds, Stopping threads took: 0.0000234 seconds
2020-02-10T11:25:41.285-0530: 289.297: Total time for which application threads were stopped: 0.0001052 seconds, Stopping threads took: 0.0000238 seconds
2020-02-10T11:25:41.285-0530: 289.298: Total time for which application threads were stopped: 0.0004842 seconds, Stopping threads took: 0.0000309 seconds
2020-02-10T11:25:42.286-0530: 290.299: Total time for which application threads were stopped: 0.0001331 seconds, Stopping threads took: 0.0000354 seconds
{Heap before GC invocations=85 (full 2):
 par new generation   total 109248K, used 89835K [0x00000007a0000000, 0x00000007a8000000, 0x00000007a8000000)
  eden space 87424K, 100% used [0x00000007a0000000, 0x00000007a5560000, 0x00000007a5560000)
  from space 21824K,  11% used [0x00000007a6ab0000, 0x00000007a6d0ad80, 0x00000007a8000000)
  to   space 21824K,   0% used [0x00000007a5560000, 0x00000007a5560000, 0x00000007a6ab0000)
 concurrent mark-sweep generation total 393216K, used 20059K [0x00000007a8000000, 0x00000007c0000000, 0x00000007c0000000)
 Metaspace       used 44782K, capacity 46043K, committed 46144K, reserved 1089536K
  class space    used 5356K, capacity 5671K, committed 5696K, reserved 1048576K
2020-02-10T11:25:42.765-0530: 290.778: [GC (Allocation Failure) 2020-02-10T11:25:42.765-0530: 290.778: [ParNew
Desired survivor size 20112992 bytes, new threshold 8 (max 8)
- age   1:    2575728 bytes,    2575728 total
- age   2:      75872 bytes,    2651600 total
- age   5:         72 bytes,    2651672 total
- age   7:       7280 bytes,    2658952 total
- age   8:       3520 bytes,    2662472 total
: 89835K->3300K(109248K), 0.0038966 secs] 109895K->23373K(502464K), 0.0040266 secs] [Times: user=0.02 sys=0.00, real=0.00 secs] 
Heap after GC invocations=86 (full 2):
 par new generation   total 109248K, used 3300K [0x00000007a0000000, 0x00000007a8000000, 0x00000007a8000000)
  eden space 87424K,   0% used [0x00000007a0000000, 0x00000007a0000000, 0x00000007a5560000)
  from space 21824K,  15% used [0x00000007a5560000, 0x00000007a58990f0, 0x00000007a6ab0000)
  to   space 21824K,   0% used [0x00000007a6ab0000, 0x00000007a6ab0000, 0x00000007a8000000)
 concurrent mark-sweep generation total 393216K, used 20073K [0x00000007a8000000, 0x00000007c0000000, 0x00000007c0000000)
 Metaspace       used 44782K, capacity 46043K, committed 46144K, reserved 1089536K
  class space    used 5356K, capacity 5671K, committed 5696K, reserved 1048576K
}
2020-02-10T11:25:42.769-0530: 290.782: Total time for which application threads were stopped: 0.0042261 seconds, Stopping threads took: 0.0000293 seconds
2020-02-10T11:25:42.780-0530: 290.793: Total time for which application threads were stopped: 0.0000923 seconds, Stopping threads took: 0.0000233 seconds
2020-02-10T11:25:42.792-0530: 290.805: Total time for which application threads were stopped: 0.0001685 seconds, Stopping threads took: 0.0000909 seconds
2020-02-10T11:25:42.793-0530: 290.805: Total time for which application threads were stopped: 0.0000628 seconds, Stopping threads took: 0.0000124 seconds
2020-02-10T11:25:42.793-0530: 290.805: Total time for which application threads were stopped: 0.0000622 seconds, Stopping threads took: 0.0000207 seconds
{Heap before GC invocations=86 (full 2):
 par new generation   total 109248K, used 90724K [0x00000007a0000000, 0x00000007a8000000, 0x00000007a8000000)
  eden space 87424K, 100% used [0x00000007a0000000, 0x00000007a5560000, 0x00000007a5560000)
  from space 21824K,  15% used [0x00000007a5560000, 0x00000007a58990f0, 0x00000007a6ab0000)
  to   space 21824K,   0% used [0x00000007a6ab0000, 0x00000007a6ab0000, 0x00000007a8000000)
 concurrent mark-sweep generation total 393216K, used 20073K [0x00000007a8000000, 0x00000007c0000000, 0x00000007c0000000)
 Metaspace       used 44788K, capacity 46043K, committed 46144K, reserved 1089536K
  class space    used 5356K, capacity 5671K, committed 5696K, reserved 1048576K
2020-02-10T11:25:44.230-0530: 292.243: [GC (Allocation Failure) 2020-02-10T11:25:44.230-0530: 292.243: [ParNew
Desired survivor size 20112992 bytes, new threshold 8 (max 8)
- age   1:    2633224 bytes,    2633224 total
- age   2:     279984 bytes,    2913208 total
- age   3:      72552 bytes,    2985760 total
- age   6:         72 bytes,    2985832 total
- age   8:       6136 bytes,    2991968 total
: 90724K->3450K(109248K), 0.0037399 secs] 110797K->23527K(502464K), 0.0038471 secs] [Times: user=0.01 sys=0.00, real=0.00 secs] 
Heap after GC invocations=87 (full 2):
 par new generation   total 109248K, used 3450K [0x00000007a0000000, 0x00000007a8000000, 0x00000007a8000000)
  eden space 87424K,   0% used [0x00000007a0000000, 0x00000007a0000000, 0x00000007a5560000)
  from space 21824K,  15% used [0x00000007a6ab0000, 0x00000007a6e0eae0, 0x00000007a8000000)
  to   space 21824K,   0% used [0x00000007a5560000, 0x00000007a5560000, 0x00000007a6ab0000)
 concurrent mark-sweep generation total 393216K, used 20076K [0x00000007a8000000, 0x00000007c0000000, 0x00000007c0000000)
 Metaspace       used 44788K, capacity 46043K, committed 46144K, reserved 1089536K
  class space    used 5356K, capacity 5671K, committed 5696K, reserved 1048576K
}
2020-02-10T11:25:44.234-0530: 292.246: Total time for which application threads were stopped: 0.0040113 seconds, Stopping threads took: 0.0000220 seconds
2020-02-10T11:25:44.263-0530: 292.276: Total time for which application threads were stopped: 0.0000886 seconds, Stopping threads took: 0.0000225 seconds
2020-02-10T11:25:44.277-0530: 292.290: Total time for which application threads were stopped: 0.0001253 seconds, Stopping threads took: 0.0000420 seconds
2020-02-10T11:25:44.278-0530: 292.290: Total time for which application threads were stopped: 0.0000762 seconds, Stopping threads took: 0.0000264 seconds
2020-02-10T11:25:44.278-0530: 292.290: Total time for which application threads were stopped: 0.0000992 seconds, Stopping threads took: 0.0000530 seconds
2020-02-10T11:25:45.283-0530: 293.295: Total time for which application threads were stopped: 0.0000749 seconds, Stopping threads took: 0.0000224 seconds
{Heap before GC invocations=87 (full 2):
 par new generation   total 109248K, used 90874K [0x00000007a0000000, 0x00000007a8000000, 0x00000007a8000000)
  eden space 87424K, 100% used [0x00000007a0000000, 0x00000007a5560000, 0x00000007a5560000)
  from space 21824K,  15% used [0x00000007a6ab0000, 0x00000007a6e0eae0, 0x00000007a8000000)
  to   space 21824K,   0% used [0x00000007a5560000, 0x00000007a5560000, 0x00000007a6ab0000)
 concurrent mark-sweep generation total 393216K, used 20076K [0x00000007a8000000, 0x00000007c0000000, 0x00000007c0000000)
 Metaspace       used 44794K, capacity 46107K, committed 46144K, reserved 1089536K
  class space    used 5356K, capacity 5671K, committed 5696K, reserved 1048576K
2020-02-10T11:25:45.564-0530: 293.577: [GC (Allocation Failure) 2020-02-10T11:25:45.564-0530: 293.577: [ParNew
Desired survivor size 20112992 bytes, new threshold 8 (max 8)
- age   1:    2396560 bytes,    2396560 total
- age   2:     103864 bytes,    2500424 total
- age   3:     274248 bytes,    2774672 total
- age   4:       4728 bytes,    2779400 total
- age   7:         72 bytes,    2779472 total
: 90874K->3680K(109248K), 0.0038961 secs] 110951K->23762K(502464K), 0.0040008 secs] [Times: user=0.01 sys=0.00, real=0.00 secs] 
Heap after GC invocations=88 (full 2):
 par new generation   total 109248K, used 3680K [0x00000007a0000000, 0x00000007a8000000, 0x00000007a8000000)
  eden space 87424K,   0% used [0x00000007a0000000, 0x00000007a0000000, 0x00000007a5560000)
  from space 21824K,  16% used [0x00000007a5560000, 0x00000007a58f8010, 0x00000007a6ab0000)
  to   space 21824K,   0% used [0x00000007a6ab0000, 0x00000007a6ab0000, 0x00000007a8000000)
 concurrent mark-sweep generation total 393216K, used 20082K [0x00000007a8000000, 0x00000007c0000000, 0x00000007c0000000)
 Metaspace       used 44794K, capacity 46107K, committed 46144K, reserved 1089536K
  class space    used 5356K, capacity 5671K, committed 5696K, reserved 1048576K
}
2020-02-10T11:25:45.568-0530: 293.581: Total time for which application threads were stopped: 0.0041883 seconds, Stopping threads took: 0.0000299 seconds
2020-02-10T11:25:45.616-0530: 293.628: Total time for which application threads were stopped: 0.0000896 seconds, Stopping threads took: 0.0000220 seconds
2020-02-10T11:25:45.628-0530: 293.641: Total time for which application threads were stopped: 0.0000900 seconds, Stopping threads took: 0.0000190 seconds
2020-02-10T11:25:45.628-0530: 293.641: Total time for which application threads were stopped: 0.0000751 seconds, Stopping threads took: 0.0000191 seconds
2020-02-10T11:25:45.629-0530: 293.642: Total time for which application threads were stopped: 0.0001310 seconds, Stopping threads took: 0.0000597 seconds
2020-02-10T11:25:45.629-0530: 293.642: Total time for which application threads were stopped: 0.0000819 seconds, Stopping threads took: 0.0000240 seconds
2020-02-10T11:25:45.629-0530: 293.642: Total time for which application threads were stopped: 0.0001184 seconds, Stopping threads took: 0.0000487 seconds
2020-02-10T11:25:46.634-0530: 294.647: Total time for which application threads were stopped: 0.0001173 seconds, Stopping threads took: 0.0000507 seconds
{Heap before GC invocations=88 (full 2):
 par new generation   total 109248K, used 91104K [0x00000007a0000000, 0x00000007a8000000, 0x00000007a8000000)
  eden space 87424K, 100% used [0x00000007a0000000, 0x00000007a5560000, 0x00000007a5560000)
  from space 21824K,  16% used [0x00000007a5560000, 0x00000007a58f8010, 0x00000007a6ab0000)
  to   space 21824K,   0% used [0x00000007a6ab0000, 0x00000007a6ab0000, 0x00000007a8000000)
 concurrent mark-sweep generation total 393216K, used 20082K [0x00000007a8000000, 0x00000007c0000000, 0x00000007c0000000)
 Metaspace       used 44796K, capacity 46107K, committed 46144K, reserved 1089536K
  class space    used 5356K, capacity 5671K, committed 5696K, reserved 1048576K
2020-02-10T11:25:46.706-0530: 294.718: [GC (Allocation Failure) 2020-02-10T11:25:46.706-0530: 294.718: [ParNew
Desired survivor size 20112992 bytes, new threshold 8 (max 8)
- age   1:    2249960 bytes,    2249960 total
- age   2:     104896 bytes,    2354856 total
- age   3:     100808 bytes,    2455664 total
- age   4:     206456 bytes,    2662120 total
- age   5:       3952 bytes,    2666072 total
- age   8:         72 bytes,    2666144 total
: 91104K->3614K(109248K), 0.0036720 secs] 111186K->23697K(502464K), 0.0037831 secs] [Times: user=0.01 sys=0.00, real=0.01 secs] 
Heap after GC invocations=89 (full 2):
 par new generation   total 109248K, used 3614K [0x00000007a0000000, 0x00000007a8000000, 0x00000007a8000000)
  eden space 87424K,   0% used [0x00000007a0000000, 0x00000007a0000000, 0x00000007a5560000)
  from space 21824K,  16% used [0x00000007a6ab0000, 0x00000007a6e37ac0, 0x00000007a8000000)
  to   space 21824K,   0% used [0x00000007a5560000, 0x00000007a5560000, 0x00000007a6ab0000)
 concurrent mark-sweep generation total 393216K, used 20082K [0x00000007a8000000, 0x00000007c0000000, 0x00000007c0000000)
 Metaspace       used 44796K, capacity 46107K, committed 46144K, reserved 1089536K
  class space    used 5356K, capacity 5671K, committed 5696K, reserved 1048576K
}
2020-02-10T11:25:46.710-0530: 294.722: Total time for which application threads were stopped: 0.0039577 seconds, Stopping threads took: 0.0000293 seconds
2020-02-10T11:25:46.777-0530: 294.789: Total time for which application threads were stopped: 0.0002333 seconds, Stopping threads took: 0.0000501 seconds
2020-02-10T11:25:46.789-0530: 294.802: Total time for which application threads were stopped: 0.0001137 seconds, Stopping threads took: 0.0000248 seconds
2020-02-10T11:25:46.790-0530: 294.802: Total time for which application threads were stopped: 0.0001123 seconds, Stopping threads took: 0.0000426 seconds
2020-02-10T11:25:46.790-0530: 294.803: Total time for which application threads were stopped: 0.0000774 seconds, Stopping threads took: 0.0000270 seconds
2020-02-10T11:25:46.790-0530: 294.803: Total time for which application threads were stopped: 0.0001353 seconds, Stopping threads took: 0.0000846 seconds
2020-02-10T11:25:47.795-0530: 295.808: Total time for which application threads were stopped: 0.0000862 seconds, Stopping threads took: 0.0000272 seconds
{Heap before GC invocations=89 (full 2):
 par new generation   total 109248K, used 91027K [0x00000007a0000000, 0x00000007a8000000, 0x00000007a8000000)
  eden space 87424K,  99% used [0x00000007a0000000, 0x00000007a555d1f0, 0x00000007a5560000)
  from space 21824K,  16% used [0x00000007a6ab0000, 0x00000007a6e37ac0, 0x00000007a8000000)
  to   space 21824K,   0% used [0x00000007a5560000, 0x00000007a5560000, 0x00000007a6ab0000)
 concurrent mark-sweep generation total 393216K, used 20082K [0x00000007a8000000, 0x00000007c0000000, 0x00000007c0000000)
 Metaspace       used 44797K, capacity 46107K, committed 46144K, reserved 1089536K
  class space    used 5356K, capacity 5671K, committed 5696K, reserved 1048576K
2020-02-10T11:25:47.980-0530: 295.992: [GC (Allocation Failure) 2020-02-10T11:25:47.980-0530: 295.993: [ParNew
Desired survivor size 20112992 bytes, new threshold 8 (max 8)
- age   1:    2129688 bytes,    2129688 total
- age   2:     103992 bytes,    2233680 total
- age   3:     101960 bytes,    2335640 total
- age   4:      33016 bytes,    2368656 total
- age   5:     206456 bytes,    2575112 total
- age   6:       3952 bytes,    2579064 total
: 91027K->3074K(109248K), 0.0036202 secs] 111110K->23157K(502464K), 0.0037336 secs] [Times: user=0.01 sys=0.00, real=0.00 secs] 
Heap after GC invocations=90 (full 2):
 par new generation   total 109248K, used 3074K [0x00000007a0000000, 0x00000007a8000000, 0x00000007a8000000)
  eden space 87424K,   0% used [0x00000007a0000000, 0x00000007a0000000, 0x00000007a5560000)
  from space 21824K,  14% used [0x00000007a5560000, 0x00000007a58608a8, 0x00000007a6ab0000)
  to   space 21824K,   0% used [0x00000007a6ab0000, 0x00000007a6ab0000, 0x00000007a8000000)
 concurrent mark-sweep generation total 393216K, used 20082K [0x00000007a8000000, 0x00000007c0000000, 0x00000007c0000000)
 Metaspace       used 44797K, capacity 46107K, committed 46144K, reserved 1089536K
  class space    used 5356K, capacity 5671K, committed 5696K, reserved 1048576K
}
2020-02-10T11:25:47.984-0530: 295.996: Total time for which application threads were stopped: 0.0039144 seconds, Stopping threads took: 0.0000291 seconds
2020-02-10T11:25:48.094-0530: 296.106: Total time for which application threads were stopped: 0.0000841 seconds, Stopping threads took: 0.0000200 seconds
2020-02-10T11:25:48.110-0530: 296.122: Total time for which application threads were stopped: 0.0001939 seconds, Stopping threads took: 0.0000236 seconds
2020-02-10T11:25:48.111-0530: 296.124: Total time for which application threads were stopped: 0.0001346 seconds, Stopping threads took: 0.0000471 seconds
2020-02-10T11:25:48.112-0530: 296.124: Total time for which application threads were stopped: 0.0001223 seconds, Stopping threads took: 0.0000246 seconds
2020-02-10T11:25:48.112-0530: 296.124: Total time for which application threads were stopped: 0.0000799 seconds, Stopping threads took: 0.0000325 seconds
{Heap before GC invocations=90 (full 2):
 par new generation   total 109248K, used 90498K [0x00000007a0000000, 0x00000007a8000000, 0x00000007a8000000)
  eden space 87424K, 100% used [0x00000007a0000000, 0x00000007a5560000, 0x00000007a5560000)
  from space 21824K,  14% used [0x00000007a5560000, 0x00000007a58608a8, 0x00000007a6ab0000)
  to   space 21824K,   0% used [0x00000007a6ab0000, 0x00000007a6ab0000, 0x00000007a8000000)
 concurrent mark-sweep generation total 393216K, used 20082K [0x00000007a8000000, 0x00000007c0000000, 0x00000007c0000000)
 Metaspace       used 44797K, capacity 46107K, committed 46144K, reserved 1089536K
  class space    used 5356K, capacity 5671K, committed 5696K, reserved 1048576K
2020-02-10T11:25:49.252-0530: 297.265: [GC (Allocation Failure) 2020-02-10T11:25:49.252-0530: 297.265: [ParNew
Desired survivor size 20112992 bytes, new threshold 8 (max 8)
- age   1:    1674272 bytes,    1674272 total
- age   2:     104024 bytes,    1778296 total
- age   3:     101712 bytes,    1880008 total
- age   4:      33960 bytes,    1913968 total
- age   5:      33016 bytes,    1946984 total
- age   6:     206456 bytes,    2153440 total
- age   7:       3952 bytes,    2157392 total
: 90498K->3327K(109248K), 0.0041738 secs] 110581K->23410K(502464K), 0.0042990 secs] [Times: user=0.01 sys=0.00, real=0.00 secs] 
Heap after GC invocations=91 (full 2):
 par new generation   total 109248K, used 3327K [0x00000007a0000000, 0x00000007a8000000, 0x00000007a8000000)
  eden space 87424K,   0% used [0x00000007a0000000, 0x00000007a0000000, 0x00000007a5560000)
  from space 21824K,  15% used [0x00000007a6ab0000, 0x00000007a6defcb0, 0x00000007a8000000)
  to   space 21824K,   0% used [0x00000007a5560000, 0x00000007a5560000, 0x00000007a6ab0000)
 concurrent mark-sweep generation total 393216K, used 20082K [0x00000007a8000000, 0x00000007c0000000, 0x00000007c0000000)
 Metaspace       used 44797K, capacity 46107K, committed 46144K, reserved 1089536K
  class space    used 5356K, capacity 5671K, committed 5696K, reserved 1048576K
}
2020-02-10T11:25:49.256-0530: 297.269: Total time for which application threads were stopped: 0.0044832 seconds, Stopping threads took: 0.0000306 seconds
2020-02-10T11:25:49.412-0530: 297.424: Total time for which application threads were stopped: 0.0001235 seconds, Stopping threads took: 0.0000397 seconds
2020-02-10T11:25:49.428-0530: 297.440: Total time for which application threads were stopped: 0.0001253 seconds, Stopping threads took: 0.0000200 seconds
2020-02-10T11:25:49.428-0530: 297.440: Total time for which application threads were stopped: 0.0000790 seconds, Stopping threads took: 0.0000128 seconds
2020-02-10T11:25:49.430-0530: 297.442: Total time for which application threads were stopped: 0.0001273 seconds, Stopping threads took: 0.0000273 seconds
2020-02-10T11:25:49.430-0530: 297.443: Total time for which application threads were stopped: 0.0001199 seconds, Stopping threads took: 0.0000625 seconds
2020-02-10T11:25:49.430-0530: 297.443: Total time for which application threads were stopped: 0.0000836 seconds, Stopping threads took: 0.0000142 seconds
{Heap before GC invocations=91 (full 2):
 par new generation   total 109248K, used 90751K [0x00000007a0000000, 0x00000007a8000000, 0x00000007a8000000)
  eden space 87424K, 100% used [0x00000007a0000000, 0x00000007a5560000, 0x00000007a5560000)
  from space 21824K,  15% used [0x00000007a6ab0000, 0x00000007a6defcb0, 0x00000007a8000000)
  to   space 21824K,   0% used [0x00000007a5560000, 0x00000007a5560000, 0x00000007a6ab0000)
 concurrent mark-sweep generation total 393216K, used 20082K [0x00000007a8000000, 0x00000007c0000000, 0x00000007c0000000)
 Metaspace       used 44797K, capacity 46107K, committed 46144K, reserved 1089536K
  class space    used 5356K, capacity 5671K, committed 5696K, reserved 1048576K
2020-02-10T11:25:50.444-0530: 298.457: [GC (Allocation Failure) 2020-02-10T11:25:50.444-0530: 298.457: [ParNew
Desired survivor size 20112992 bytes, new threshold 8 (max 8)
- age   1:    1419272 bytes,    1419272 total
- age   2:     105520 bytes,    1524792 total
- age   3:     101328 bytes,    1626120 total
- age   4:      33920 bytes,    1660040 total
- age   5:      33960 bytes,    1694000 total
- age   6:      33016 bytes,    1727016 total
- age   7:     206456 bytes,    1933472 total
- age   8:       3952 bytes,    1937424 total
: 90751K->2301K(109248K), 0.0035905 secs] 110834K->22384K(502464K), 0.0036979 secs] [Times: user=0.01 sys=0.00, real=0.00 secs] 
Heap after GC invocations=92 (full 2):
 par new generation   total 109248K, used 2301K [0x00000007a0000000, 0x00000007a8000000, 0x00000007a8000000)
  eden space 87424K,   0% used [0x00000007a0000000, 0x00000007a0000000, 0x00000007a5560000)
  from space 21824K,  10% used [0x00000007a5560000, 0x00000007a579f4a0, 0x00000007a6ab0000)
  to   space 21824K,   0% used [0x00000007a6ab0000, 0x00000007a6ab0000, 0x00000007a8000000)
 concurrent mark-sweep generation total 393216K, used 20082K [0x00000007a8000000, 0x00000007c0000000, 0x00000007c0000000)
 Metaspace       used 44797K, capacity 46107K, committed 46144K, reserved 1089536K
  class space    used 5356K, capacity 5671K, committed 5696K, reserved 1048576K
}
2020-02-10T11:25:50.448-0530: 298.461: Total time for which application threads were stopped: 0.0038781 seconds, Stopping threads took: 0.0000281 seconds
2020-02-10T11:25:50.616-0530: 298.629: Total time for which application threads were stopped: 0.0001225 seconds, Stopping threads took: 0.0000520 seconds
2020-02-10T11:25:50.631-0530: 298.643: Total time for which application threads were stopped: 0.0001194 seconds, Stopping threads took: 0.0000236 seconds
2020-02-10T11:25:50.632-0530: 298.645: Total time for which application threads were stopped: 0.0001795 seconds, Stopping threads took: 0.0001088 seconds
2020-02-10T11:25:50.632-0530: 298.645: Total time for which application threads were stopped: 0.0001218 seconds, Stopping threads took: 0.0000675 seconds
2020-02-10T11:25:50.633-0530: 298.645: Total time for which application threads were stopped: 0.0001070 seconds, Stopping threads took: 0.0000266 seconds
2020-02-10T11:25:51.636-0530: 299.648: Total time for which application threads were stopped: 0.0001263 seconds, Stopping threads took: 0.0000423 seconds
{Heap before GC invocations=92 (full 2):
 par new generation   total 109248K, used 89725K [0x00000007a0000000, 0x00000007a8000000, 0x00000007a8000000)
  eden space 87424K, 100% used [0x00000007a0000000, 0x00000007a5560000, 0x00000007a5560000)
  from space 21824K,  10% used [0x00000007a5560000, 0x00000007a579f4a0, 0x00000007a6ab0000)
  to   space 21824K,   0% used [0x00000007a6ab0000, 0x00000007a6ab0000, 0x00000007a8000000)
 concurrent mark-sweep generation total 393216K, used 20082K [0x00000007a8000000, 0x00000007c0000000, 0x00000007c0000000)
 Metaspace       used 44798K, capacity 46107K, committed 46144K, reserved 1089536K
  class space    used 5356K, capacity 5671K, committed 5696K, reserved 1048576K
2020-02-10T11:25:51.755-0530: 299.768: [GC (Allocation Failure) 2020-02-10T11:25:51.755-0530: 299.768: [ParNew
Desired survivor size 20112992 bytes, new threshold 8 (max 8)
- age   1:    1033480 bytes,    1033480 total
- age   2:     104632 bytes,    1138112 total
- age   3:     103288 bytes,    1241400 total
- age   4:      33536 bytes,    1274936 total
- age   5:      33920 bytes,    1308856 total
- age   6:      33960 bytes,    1342816 total
- age   7:      33016 bytes,    1375832 total
- age   8:     206456 bytes,    1582288 total
: 89725K->2559K(109248K), 0.0034473 secs] 109808K->22646K(502464K), 0.0035575 secs] [Times: user=0.01 sys=0.00, real=0.00 secs] 
Heap after GC invocations=93 (full 2):
 par new generation   total 109248K, used 2559K [0x00000007a0000000, 0x00000007a8000000, 0x00000007a8000000)
  eden space 87424K,   0% used [0x00000007a0000000, 0x00000007a0000000, 0x00000007a5560000)
  from space 21824K,  11% used [0x00000007a6ab0000, 0x00000007a6d2fdf0, 0x00000007a8000000)
  to   space 21824K,   0% used [0x00000007a5560000, 0x00000007a5560000, 0x00000007a6ab0000)
 concurrent mark-sweep generation total 393216K, used 20086K [0x00000007a8000000, 0x00000007c0000000, 0x00000007c0000000)
 Metaspace       used 44798K, capacity 46107K, committed 46144K, reserved 1089536K
  class space    used 5356K, capacity 5671K, committed 5696K, reserved 1048576K
}
2020-02-10T11:25:51.759-0530: 299.771: Total time for which application threads were stopped: 0.0037269 seconds, Stopping threads took: 0.0000276 seconds
2020-02-10T11:25:51.937-0530: 299.949: Total time for which application threads were stopped: 0.0001029 seconds, Stopping threads took: 0.0000317 seconds
2020-02-10T11:25:51.950-0530: 299.963: Total time for which application threads were stopped: 0.0000912 seconds, Stopping threads took: 0.0000178 seconds
2020-02-10T11:25:51.951-0530: 299.964: Total time for which application threads were stopped: 0.0001162 seconds, Stopping threads took: 0.0000474 seconds
2020-02-10T11:25:51.951-0530: 299.964: Total time for which application threads were stopped: 0.0001727 seconds, Stopping threads took: 0.0001056 seconds
2020-02-10T11:25:51.952-0530: 299.964: Total time for which application threads were stopped: 0.0000925 seconds, Stopping threads took: 0.0000388 seconds
{Heap before GC invocations=93 (full 2):
 par new generation   total 109248K, used 89983K [0x00000007a0000000, 0x00000007a8000000, 0x00000007a8000000)
  eden space 87424K, 100% used [0x00000007a0000000, 0x00000007a5560000, 0x00000007a5560000)
  from space 21824K,  11% used [0x00000007a6ab0000, 0x00000007a6d2fdf0, 0x00000007a8000000)
  to   space 21824K,   0% used [0x00000007a5560000, 0x00000007a5560000, 0x00000007a6ab0000)
 concurrent mark-sweep generation total 393216K, used 20086K [0x00000007a8000000, 0x00000007c0000000, 0x00000007c0000000)
 Metaspace       used 44804K, capacity 46171K, committed 46400K, reserved 1089536K
  class space    used 5356K, capacity 5671K, committed 5696K, reserved 1048576K
2020-02-10T11:25:53.023-0530: 301.036: [GC (Allocation Failure) 2020-02-10T11:25:53.023-0530: 301.036: [ParNew
Desired survivor size 20112992 bytes, new threshold 8 (max 8)
- age   1:     886112 bytes,     886112 total
- age   2:     105064 bytes,     991176 total
- age   3:     101008 bytes,    1092184 total
- age   4:      35288 bytes,    1127472 total
- age   5:      33536 bytes,    1161008 total
- age   6:      33920 bytes,    1194928 total
- age   7:      33960 bytes,    1228888 total
- age   8:      33016 bytes,    1261904 total
: 89983K->1567K(109248K), 0.0039280 secs] 110070K->21857K(502464K), 0.0040364 secs] [Times: user=0.02 sys=0.00, real=0.00 secs] 
Heap after GC invocations=94 (full 2):
 par new generation   total 109248K, used 1567K [0x00000007a0000000, 0x00000007a8000000, 0x00000007a8000000)
  eden space 87424K,   0% used [0x00000007a0000000, 0x00000007a0000000, 0x00000007a5560000)
  from space 21824K,   7% used [0x00000007a5560000, 0x00000007a56e7f90, 0x00000007a6ab0000)
  to   space 21824K,   0% used [0x00000007a6ab0000, 0x00000007a6ab0000, 0x00000007a8000000)
 concurrent mark-sweep generation total 393216K, used 20289K [0x00000007a8000000, 0x00000007c0000000, 0x00000007c0000000)
 Metaspace       used 44804K, capacity 46171K, committed 46400K, reserved 1089536K
  class space    used 5356K, capacity 5671K, committed 5696K, reserved 1048576K
}
2020-02-10T11:25:53.027-0530: 301.040: Total time for which application threads were stopped: 0.0042474 seconds, Stopping threads took: 0.0000234 seconds
{Heap before GC invocations=94 (full 2):
 par new generation   total 109248K, used 88991K [0x00000007a0000000, 0x00000007a8000000, 0x00000007a8000000)
  eden space 87424K, 100% used [0x00000007a0000000, 0x00000007a5560000, 0x00000007a5560000)
  from space 21824K,   7% used [0x00000007a5560000, 0x00000007a56e7f90, 0x00000007a6ab0000)
  to   space 21824K,   0% used [0x00000007a6ab0000, 0x00000007a6ab0000, 0x00000007a8000000)
 concurrent mark-sweep generation total 393216K, used 20289K [0x00000007a8000000, 0x00000007c0000000, 0x00000007c0000000)
 Metaspace       used 44804K, capacity 46171K, committed 46400K, reserved 1089536K
  class space    used 5356K, capacity 5671K, committed 5696K, reserved 1048576K
2020-02-10T11:25:53.284-0530: 301.297: [GC (Allocation Failure) 2020-02-10T11:25:53.285-0530: 301.297: [ParNew
Desired survivor size 20112992 bytes, new threshold 8 (max 8)
- age   1:    2422424 bytes,    2422424 total
- age   2:     462384 bytes,    2884808 total
- age   3:     103944 bytes,    2988752 total
- age   4:      33216 bytes,    3021968 total
- age   5:      35288 bytes,    3057256 total
- age   6:      33536 bytes,    3090792 total
- age   7:      33920 bytes,    3124712 total
- age   8:      33960 bytes,    3158672 total
: 88991K->3550K(109248K), 0.0044998 secs] 109281K->23871K(502464K), 0.0046192 secs] [Times: user=0.01 sys=0.00, real=0.00 secs] 
Heap after GC invocations=95 (full 2):
 par new generation   total 109248K, used 3550K [0x00000007a0000000, 0x00000007a8000000, 0x00000007a8000000)
  eden space 87424K,   0% used [0x00000007a0000000, 0x00000007a0000000, 0x00000007a5560000)
  from space 21824K,  16% used [0x00000007a6ab0000, 0x00000007a6e27860, 0x00000007a8000000)
  to   space 21824K,   0% used [0x00000007a5560000, 0x00000007a5560000, 0x00000007a6ab0000)
 concurrent mark-sweep generation total 393216K, used 20321K [0x00000007a8000000, 0x00000007c0000000, 0x00000007c0000000)
 Metaspace       used 44804K, capacity 46171K, committed 46400K, reserved 1089536K
  class space    used 5356K, capacity 5671K, committed 5696K, reserved 1048576K
}
2020-02-10T11:25:53.289-0530: 301.301: Total time for which application threads were stopped: 0.0047995 seconds, Stopping threads took: 0.0000240 seconds
2020-02-10T11:25:53.291-0530: 301.303: Total time for which application threads were stopped: 0.0001850 seconds, Stopping threads took: 0.0001014 seconds
2020-02-10T11:25:53.305-0530: 301.318: Total time for which application threads were stopped: 0.0001094 seconds, Stopping threads took: 0.0000377 seconds
2020-02-10T11:25:53.306-0530: 301.319: Total time for which application threads were stopped: 0.0001912 seconds, Stopping threads took: 0.0000981 seconds
2020-02-10T11:25:53.307-0530: 301.319: Total time for which application threads were stopped: 0.0000699 seconds, Stopping threads took: 0.0000119 seconds
2020-02-10T11:25:53.307-0530: 301.319: Total time for which application threads were stopped: 0.0001313 seconds, Stopping threads took: 0.0000509 seconds
{Heap before GC invocations=95 (full 2):
 par new generation   total 109248K, used 90974K [0x00000007a0000000, 0x00000007a8000000, 0x00000007a8000000)
  eden space 87424K, 100% used [0x00000007a0000000, 0x00000007a5560000, 0x00000007a5560000)
  from space 21824K,  16% used [0x00000007a6ab0000, 0x00000007a6e27860, 0x00000007a8000000)
  to   space 21824K,   0% used [0x00000007a5560000, 0x00000007a5560000, 0x00000007a6ab0000)
 concurrent mark-sweep generation total 393216K, used 20321K [0x00000007a8000000, 0x00000007c0000000, 0x00000007c0000000)
 Metaspace       used 44806K, capacity 46171K, committed 46400K, reserved 1089536K
  class space    used 5356K, capacity 5671K, committed 5696K, reserved 1048576K
2020-02-10T11:25:54.778-0530: 302.790: [GC (Allocation Failure) 2020-02-10T11:25:54.779-0530: 302.792: [ParNew
Desired survivor size 20112992 bytes, new threshold 8 (max 8)
- age   1:    2526728 bytes,    2526728 total
- age   2:       4392 bytes,    2531120 total
- age   3:     104824 bytes,    2635944 total
- age   4:      34912 bytes,    2670856 total
- age   5:      33216 bytes,    2704072 total
- age   6:      35288 bytes,    2739360 total
- age   7:      33536 bytes,    2772896 total
- age   8:      33920 bytes,    2806816 total
: 90974K->3824K(109248K), 0.0043063 secs] 111295K->24180K(502464K), 0.0055184 secs] [Times: user=0.02 sys=0.00, real=0.01 secs] 
Heap after GC invocations=96 (full 2):
 par new generation   total 109248K, used 3824K [0x00000007a0000000, 0x00000007a8000000, 0x00000007a8000000)
  eden space 87424K,   0% used [0x00000007a0000000, 0x00000007a0000000, 0x00000007a5560000)
  from space 21824K,  17% used [0x00000007a5560000, 0x00000007a591c340, 0x00000007a6ab0000)
  to   space 21824K,   0% used [0x00000007a6ab0000, 0x00000007a6ab0000, 0x00000007a8000000)
 concurrent mark-sweep generation total 393216K, used 20355K [0x00000007a8000000, 0x00000007c0000000, 0x00000007c0000000)
 Metaspace       used 44806K, capacity 46171K, committed 46400K, reserved 1089536K
  class space    used 5356K, capacity 5671K, committed 5696K, reserved 1048576K
}
2020-02-10T11:25:54.784-0530: 302.796: Total time for which application threads were stopped: 0.0057755 seconds, Stopping threads took: 0.0000271 seconds
2020-02-10T11:25:54.784-0530: 302.796: Total time for which application threads were stopped: 0.0002851 seconds, Stopping threads took: 0.0000594 seconds
2020-02-10T11:25:54.806-0530: 302.819: Total time for which application threads were stopped: 0.0001105 seconds, Stopping threads took: 0.0000289 seconds
2020-02-10T11:25:54.824-0530: 302.836: Total time for which application threads were stopped: 0.0001415 seconds, Stopping threads took: 0.0000485 seconds
2020-02-10T11:25:54.883-0530: 302.895: Total time for which application threads were stopped: 0.0001781 seconds, Stopping threads took: 0.0000736 seconds
2020-02-10T11:25:54.884-0530: 302.896: Total time for which application threads were stopped: 0.0001406 seconds, Stopping threads took: 0.0000489 seconds
2020-02-10T11:25:54.886-0530: 302.898: Total time for which application threads were stopped: 0.0002027 seconds, Stopping threads took: 0.0000900 seconds
2020-02-10T11:25:54.886-0530: 302.898: Total time for which application threads were stopped: 0.0001467 seconds, Stopping threads took: 0.0000647 seconds
{Heap before GC invocations=96 (full 2):
 par new generation   total 109248K, used 91248K [0x00000007a0000000, 0x00000007a8000000, 0x00000007a8000000)
  eden space 87424K, 100% used [0x00000007a0000000, 0x00000007a5560000, 0x00000007a5560000)
  from space 21824K,  17% used [0x00000007a5560000, 0x00000007a591c340, 0x00000007a6ab0000)
  to   space 21824K,   0% used [0x00000007a6ab0000, 0x00000007a6ab0000, 0x00000007a8000000)
 concurrent mark-sweep generation total 393216K, used 20355K [0x00000007a8000000, 0x00000007c0000000, 0x00000007c0000000)
 Metaspace       used 44806K, capacity 46171K, committed 46400K, reserved 1089536K
  class space    used 5356K, capacity 5671K, committed 5696K, reserved 1048576K
2020-02-10T11:25:55.186-0530: 303.198: [GC (Allocation Failure) 2020-02-10T11:25:55.186-0530: 303.198: [ParNew
Desired survivor size 20112992 bytes, new threshold 8 (max 8)
- age   1:     627592 bytes,     627592 total
- age   2:     109368 bytes,     736960 total
- age   3:       4192 bytes,     741152 total
- age   4:     102912 bytes,     844064 total
- age   5:      34912 bytes,     878976 total
- age   6:      33216 bytes,     912192 total
- age   7:      35288 bytes,     947480 total
- age   8:      33536 bytes,     981016 total
: 91248K->1882K(109248K), 0.0047350 secs] 111604K->22271K(502464K), 0.0048858 secs] [Times: user=0.01 sys=0.00, real=0.01 secs] 
Heap after GC invocations=97 (full 2):
 par new generation   total 109248K, used 1882K [0x00000007a0000000, 0x00000007a8000000, 0x00000007a8000000)
  eden space 87424K,   0% used [0x00000007a0000000, 0x00000007a0000000, 0x00000007a5560000)
  from space 21824K,   8% used [0x00000007a6ab0000, 0x00000007a6c86a00, 0x00000007a8000000)
  to   space 21824K,   0% used [0x00000007a5560000, 0x00000007a5560000, 0x00000007a6ab0000)
 concurrent mark-sweep generation total 393216K, used 20388K [0x00000007a8000000, 0x00000007c0000000, 0x00000007c0000000)
 Metaspace       used 44806K, capacity 46171K, committed 46400K, reserved 1089536K
  class space    used 5356K, capacity 5671K, committed 5696K, reserved 1048576K
}
2020-02-10T11:25:55.191-0530: 303.203: Total time for which application threads were stopped: 0.0051812 seconds, Stopping threads took: 0.0000284 seconds
2020-02-10T11:25:55.342-0530: 303.354: Total time for which application threads were stopped: 0.0002124 seconds, Stopping threads took: 0.0000266 seconds
{Heap before GC invocations=97 (full 2):
 par new generation   total 109248K, used 89306K [0x00000007a0000000, 0x00000007a8000000, 0x00000007a8000000)
  eden space 87424K, 100% used [0x00000007a0000000, 0x00000007a5560000, 0x00000007a5560000)
  from space 21824K,   8% used [0x00000007a6ab0000, 0x00000007a6c86a00, 0x00000007a8000000)
  to   space 21824K,   0% used [0x00000007a5560000, 0x00000007a5560000, 0x00000007a6ab0000)
 concurrent mark-sweep generation total 393216K, used 20388K [0x00000007a8000000, 0x00000007c0000000, 0x00000007c0000000)
 Metaspace       used 44809K, capacity 46179K, committed 46400K, reserved 1089536K
  class space    used 5356K, capacity 5671K, committed 5696K, reserved 1048576K
2020-02-10T11:25:56.243-0530: 304.256: [GC (Allocation Failure) 2020-02-10T11:25:56.243-0530: 304.256: [ParNew
Desired survivor size 20112992 bytes, new threshold 8 (max 8)
- age   1:    2069192 bytes,    2069192 total
- age   2:     117336 bytes,    2186528 total
- age   3:     107904 bytes,    2294432 total
- age   4:        752 bytes,    2295184 total
- age   5:     101824 bytes,    2397008 total
- age   6:      34640 bytes,    2431648 total
- age   7:      32944 bytes,    2464592 total
- age   8:      34808 bytes,    2499400 total
: 89306K->2635K(109248K), 0.0037919 secs] 109695K->23056K(502464K), 0.0039040 secs] [Times: user=0.02 sys=0.00, real=0.00 secs] 
Heap after GC invocations=98 (full 2):
 par new generation   total 109248K, used 2635K [0x00000007a0000000, 0x00000007a8000000, 0x00000007a8000000)
  eden space 87424K,   0% used [0x00000007a0000000, 0x00000007a0000000, 0x00000007a5560000)
  from space 21824K,  12% used [0x00000007a5560000, 0x00000007a57f2c58, 0x00000007a6ab0000)
  to   space 21824K,   0% used [0x00000007a6ab0000, 0x00000007a6ab0000, 0x00000007a8000000)
 concurrent mark-sweep generation total 393216K, used 20421K [0x00000007a8000000, 0x00000007c0000000, 0x00000007c0000000)
 Metaspace       used 44809K, capacity 46179K, committed 46400K, reserved 1089536K
  class space    used 5356K, capacity 5671K, committed 5696K, reserved 1048576K
}
2020-02-10T11:25:56.247-0530: 304.260: Total time for which application threads were stopped: 0.0040972 seconds, Stopping threads took: 0.0000300 seconds
2020-02-10T11:25:56.331-0530: 304.343: Total time for which application threads were stopped: 0.0000909 seconds, Stopping threads took: 0.0000282 seconds
2020-02-10T11:25:56.345-0530: 304.357: Total time for which application threads were stopped: 0.0001719 seconds, Stopping threads took: 0.0000812 seconds
2020-02-10T11:25:56.345-0530: 304.357: Total time for which application threads were stopped: 0.0001780 seconds, Stopping threads took: 0.0001219 seconds
2020-02-10T11:25:56.345-0530: 304.358: Total time for which application threads were stopped: 0.0000771 seconds, Stopping threads took: 0.0000252 seconds
2020-02-10T11:25:56.347-0530: 304.359: Total time for which application threads were stopped: 0.0001123 seconds, Stopping threads took: 0.0000369 seconds
2020-02-10T11:25:56.347-0530: 304.360: Total time for which application threads were stopped: 0.0000629 seconds, Stopping threads took: 0.0000111 seconds
2020-02-10T11:25:56.348-0530: 304.360: Total time for which application threads were stopped: 0.0000575 seconds, Stopping threads took: 0.0000071 seconds
2020-02-10T11:25:56.348-0530: 304.360: Total time for which application threads were stopped: 0.0000459 seconds, Stopping threads took: 0.0000072 seconds
2020-02-10T11:25:56.348-0530: 304.360: Total time for which application threads were stopped: 0.0000533 seconds, Stopping threads took: 0.0000071 seconds
2020-02-10T11:25:56.348-0530: 304.360: Total time for which application threads were stopped: 0.0000487 seconds, Stopping threads took: 0.0000095 seconds
2020-02-10T11:25:56.348-0530: 304.361: Total time for which application threads were stopped: 0.0000637 seconds, Stopping threads took: 0.0000087 seconds
2020-02-10T11:25:56.349-0530: 304.361: Total time for which application threads were stopped: 0.0000630 seconds, Stopping threads took: 0.0000211 seconds
2020-02-10T11:25:56.349-0530: 304.361: Total time for which application threads were stopped: 0.0000667 seconds, Stopping threads took: 0.0000179 seconds
2020-02-10T11:25:56.349-0530: 304.361: Total time for which application threads were stopped: 0.0000548 seconds, Stopping threads took: 0.0000074 seconds
{Heap before GC invocations=98 (full 2):
 par new generation   total 109248K, used 90059K [0x00000007a0000000, 0x00000007a8000000, 0x00000007a8000000)
  eden space 87424K, 100% used [0x00000007a0000000, 0x00000007a5560000, 0x00000007a5560000)
  from space 21824K,  12% used [0x00000007a5560000, 0x00000007a57f2c58, 0x00000007a6ab0000)
  to   space 21824K,   0% used [0x00000007a6ab0000, 0x00000007a6ab0000, 0x00000007a8000000)
 concurrent mark-sweep generation total 393216K, used 20421K [0x00000007a8000000, 0x00000007c0000000, 0x00000007c0000000)
 Metaspace       used 44810K, capacity 46179K, committed 46400K, reserved 1089536K
  class space    used 5356K, capacity 5671K, committed 5696K, reserved 1048576K
2020-02-10T11:25:57.577-0530: 305.589: [GC (Allocation Failure) 2020-02-10T11:25:57.577-0530: 305.589: [ParNew
Desired survivor size 20112992 bytes, new threshold 8 (max 8)
- age   1:    1954688 bytes,    1954688 total
- age   2:      71784 bytes,    2026472 total
- age   3:      38344 bytes,    2064816 total
- age   4:      70912 bytes,    2135728 total
- age   5:        752 bytes,    2136480 total
- age   6:       3864 bytes,    2140344 total
- age   7:       4168 bytes,    2144512 total
- age   8:       3456 bytes,    2147968 total
: 90059K->3035K(109248K), 0.0047579 secs] 110480K->23461K(502464K), 0.0051484 secs] [Times: user=0.01 sys=0.00, real=0.01 secs] 
Heap after GC invocations=99 (full 2):
 par new generation   total 109248K, used 3035K [0x00000007a0000000, 0x00000007a8000000, 0x00000007a8000000)
  eden space 87424K,   0% used [0x00000007a0000000, 0x00000007a0000000, 0x00000007a5560000)
  from space 21824K,  13% used [0x00000007a6ab0000, 0x00000007a6da6c28, 0x00000007a8000000)
  to   space 21824K,   0% used [0x00000007a5560000, 0x00000007a5560000, 0x00000007a6ab0000)
 concurrent mark-sweep generation total 393216K, used 20426K [0x00000007a8000000, 0x00000007c0000000, 0x00000007c0000000)
 Metaspace       used 44810K, capacity 46179K, committed 46400K, reserved 1089536K
  class space    used 5356K, capacity 5671K, committed 5696K, reserved 1048576K
}
2020-02-10T11:25:57.582-0530: 305.594: Total time for which application threads were stopped: 0.0053607 seconds, Stopping threads took: 0.0000250 seconds
2020-02-10T11:25:57.707-0530: 305.719: Total time for which application threads were stopped: 0.0000886 seconds, Stopping threads took: 0.0000230 seconds
2020-02-10T11:25:57.721-0530: 305.734: Total time for which application threads were stopped: 0.0001289 seconds, Stopping threads took: 0.0000460 seconds
2020-02-10T11:25:57.722-0530: 305.734: Total time for which application threads were stopped: 0.0000737 seconds, Stopping threads took: 0.0000239 seconds
2020-02-10T11:25:57.722-0530: 305.734: Total time for which application threads were stopped: 0.0000809 seconds, Stopping threads took: 0.0000300 seconds
{Heap before GC invocations=99 (full 2):
 par new generation   total 109248K, used 90459K [0x00000007a0000000, 0x00000007a8000000, 0x00000007a8000000)
  eden space 87424K, 100% used [0x00000007a0000000, 0x00000007a5560000, 0x00000007a5560000)
  from space 21824K,  13% used [0x00000007a6ab0000, 0x00000007a6da6c28, 0x00000007a8000000)
  to   space 21824K,   0% used [0x00000007a5560000, 0x00000007a5560000, 0x00000007a6ab0000)
 concurrent mark-sweep generation total 393216K, used 20426K [0x00000007a8000000, 0x00000007c0000000, 0x00000007c0000000)
 Metaspace       used 44810K, capacity 46179K, committed 46400K, reserved 1089536K
  class space    used 5356K, capacity 5671K, committed 5696K, reserved 1048576K
2020-02-10T11:25:58.835-0530: 306.847: [GC (Allocation Failure) 2020-02-10T11:25:58.835-0530: 306.847: [ParNew
Desired survivor size 20112992 bytes, new threshold 8 (max 8)
- age   1:    1661560 bytes,    1661560 total
- age   2:     155232 bytes,    1816792 total
- age   3:      71528 bytes,    1888320 total
- age   4:      37040 bytes,    1925360 total
- age   5:       3120 bytes,    1928480 total
- age   6:        752 bytes,    1929232 total
- age   7:       3864 bytes,    1933096 total
- age   8:       4168 bytes,    1937264 total
: 90459K->2575K(109248K), 0.0037316 secs] 110885K->23005K(502464K), 0.0038195 secs] [Times: user=0.01 sys=0.00, real=0.00 secs] 
Heap after GC invocations=100 (full 2):
 par new generation   total 109248K, used 2575K [0x00000007a0000000, 0x00000007a8000000, 0x00000007a8000000)
  eden space 87424K,   0% used [0x00000007a0000000, 0x00000007a0000000, 0x00000007a5560000)
  from space 21824K,  11% used [0x00000007a5560000, 0x00000007a57e3f30, 0x00000007a6ab0000)
  to   space 21824K,   0% used [0x00000007a6ab0000, 0x00000007a6ab0000, 0x00000007a8000000)
 concurrent mark-sweep generation total 393216K, used 20429K [0x00000007a8000000, 0x00000007c0000000, 0x00000007c0000000)
 Metaspace       used 44810K, capacity 46179K, committed 46400K, reserved 1089536K
  class space    used 5356K, capacity 5671K, committed 5696K, reserved 1048576K
}
2020-02-10T11:25:58.839-0530: 306.851: Total time for which application threads were stopped: 0.0039911 seconds, Stopping threads took: 0.0000292 seconds
2020-02-10T11:25:58.971-0530: 306.983: Total time for which application threads were stopped: 0.0001033 seconds, Stopping threads took: 0.0000262 seconds
2020-02-10T11:25:58.984-0530: 306.996: Total time for which application threads were stopped: 0.0000850 seconds, Stopping threads took: 0.0000240 seconds
2020-02-10T11:25:58.985-0530: 306.997: Total time for which application threads were stopped: 0.0001203 seconds, Stopping threads took: 0.0000379 seconds
2020-02-10T11:25:58.985-0530: 306.997: Total time for which application threads were stopped: 0.0001017 seconds, Stopping threads took: 0.0000528 seconds
2020-02-10T11:25:58.985-0530: 306.997: Total time for which application threads were stopped: 0.0000811 seconds, Stopping threads took: 0.0000351 seconds
{Heap before GC invocations=100 (full 2):
 par new generation   total 109248K, used 89999K [0x00000007a0000000, 0x00000007a8000000, 0x00000007a8000000)
  eden space 87424K, 100% used [0x00000007a0000000, 0x00000007a5560000, 0x00000007a5560000)
  from space 21824K,  11% used [0x00000007a5560000, 0x00000007a57e3f30, 0x00000007a6ab0000)
  to   space 21824K,   0% used [0x00000007a6ab0000, 0x00000007a6ab0000, 0x00000007a8000000)
 concurrent mark-sweep generation total 393216K, used 20429K [0x00000007a8000000, 0x00000007c0000000, 0x00000007c0000000)
 Metaspace       used 44810K, capacity 46179K, committed 46400K, reserved 1089536K
  class space    used 5356K, capacity 5671K, committed 5696K, reserved 1048576K
2020-02-10T11:26:00.061-0530: 308.073: [GC (Allocation Failure) 2020-02-10T11:26:00.061-0530: 308.073: [ParNew
Desired survivor size 20112992 bytes, new threshold 8 (max 8)
- age   1:    1493048 bytes,    1493048 total
- age   2:     103080 bytes,    1596128 total
- age   3:     152552 bytes,    1748680 total
- age   4:       3704 bytes,    1752384 total
- age   5:      37040 bytes,    1789424 total
- age   6:       2344 bytes,    1791768 total
- age   7:        752 bytes,    1792520 total
- age   8:       3864 bytes,    1796384 total
: 89999K->2332K(109248K), 0.0033731 secs] 110429K->22765K(502464K), 0.0034849 secs] [Times: user=0.01 sys=0.00, real=0.00 secs] 
Heap after GC invocations=101 (full 2):
 par new generation   total 109248K, used 2332K [0x00000007a0000000, 0x00000007a8000000, 0x00000007a8000000)
  eden space 87424K,   0% used [0x00000007a0000000, 0x00000007a0000000, 0x00000007a5560000)
  from space 21824K,  10% used [0x00000007a6ab0000, 0x00000007a6cf7190, 0x00000007a8000000)
  to   space 21824K,   0% used [0x00000007a5560000, 0x00000007a5560000, 0x00000007a6ab0000)
 concurrent mark-sweep generation total 393216K, used 20433K [0x00000007a8000000, 0x00000007c0000000, 0x00000007c0000000)
 Metaspace       used 44810K, capacity 46179K, committed 46400K, reserved 1089536K
  class space    used 5356K, capacity 5671K, committed 5696K, reserved 1048576K
}
2020-02-10T11:26:00.065-0530: 308.077: Total time for which application threads were stopped: 0.0036635 seconds, Stopping threads took: 0.0000302 seconds
2020-02-10T11:26:00.217-0530: 308.229: Total time for which application threads were stopped: 0.0001244 seconds, Stopping threads took: 0.0000521 seconds
2020-02-10T11:26:00.228-0530: 308.240: Total time for which application threads were stopped: 0.0001197 seconds, Stopping threads took: 0.0000236 seconds
2020-02-10T11:26:00.228-0530: 308.241: Total time for which application threads were stopped: 0.0000817 seconds, Stopping threads took: 0.0000212 seconds
2020-02-10T11:26:00.230-0530: 308.242: Total time for which application threads were stopped: 0.0001028 seconds, Stopping threads took: 0.0000418 seconds
2020-02-10T11:26:00.230-0530: 308.242: Total time for which application threads were stopped: 0.0001720 seconds, Stopping threads took: 0.0000945 seconds
2020-02-10T11:26:00.230-0530: 308.242: Total time for which application threads were stopped: 0.0001103 seconds, Stopping threads took: 0.0000518 seconds
{Heap before GC invocations=101 (full 2):
 par new generation   total 109248K, used 89453K [0x00000007a0000000, 0x00000007a8000000, 0x00000007a8000000)
  eden space 87424K,  99% used [0x00000007a0000000, 0x00000007a5514320, 0x00000007a5560000)
  from space 21824K,  10% used [0x00000007a6ab0000, 0x00000007a6cf7190, 0x00000007a8000000)
  to   space 21824K,   0% used [0x00000007a5560000, 0x00000007a5560000, 0x00000007a6ab0000)
 concurrent mark-sweep generation total 393216K, used 20433K [0x00000007a8000000, 0x00000007c0000000, 0x00000007c0000000)
 Metaspace       used 44811K, capacity 46179K, committed 46400K, reserved 1089536K
  class space    used 5356K, capacity 5671K, committed 5696K, reserved 1048576K
2020-02-10T11:26:00.515-0530: 308.527: [GC (Allocation Failure) 2020-02-10T11:26:00.515-0530: 308.527: [ParNew
Desired survivor size 20112992 bytes, new threshold 8 (max 8)
- age   1:     912208 bytes,     912208 total
- age   2:     103864 bytes,    1016072 total
- age   3:      32736 bytes,    1048808 total
- age   4:      84704 bytes,    1133512 total
- age   5:       2952 bytes,    1136464 total
- age   6:      37040 bytes,    1173504 total
- age   7:       2344 bytes,    1175848 total
- age   8:        752 bytes,    1176600 total
: 89453K->1501K(109248K), 0.0033128 secs] 109886K->21938K(502464K), 0.0034202 secs] [Times: user=0.01 sys=0.00, real=0.00 secs] 
Heap after GC invocations=102 (full 2):
 par new generation   total 109248K, used 1501K [0x00000007a0000000, 0x00000007a8000000, 0x00000007a8000000)
  eden space 87424K,   0% used [0x00000007a0000000, 0x00000007a0000000, 0x00000007a5560000)
  from space 21824K,   6% used [0x00000007a5560000, 0x00000007a56d74a0, 0x00000007a6ab0000)
  to   space 21824K,   0% used [0x00000007a6ab0000, 0x00000007a6ab0000, 0x00000007a8000000)
 concurrent mark-sweep generation total 393216K, used 20437K [0x00000007a8000000, 0x00000007c0000000, 0x00000007c0000000)
 Metaspace       used 44811K, capacity 46179K, committed 46400K, reserved 1089536K
  class space    used 5356K, capacity 5671K, committed 5696K, reserved 1048576K
}
2020-02-10T11:26:00.519-0530: 308.531: Total time for which application threads were stopped: 0.0036118 seconds, Stopping threads took: 0.0000294 seconds
2020-02-10T11:26:00.524-0530: 308.536: Total time for which application threads were stopped: 0.0001814 seconds, Stopping threads took: 0.0000942 seconds
2020-02-10T11:26:00.536-0530: 308.548: Total time for which application threads were stopped: 0.0001122 seconds, Stopping threads took: 0.0000254 seconds
2020-02-10T11:26:00.537-0530: 308.549: Total time for which application threads were stopped: 0.0001675 seconds, Stopping threads took: 0.0000888 seconds
2020-02-10T11:26:00.537-0530: 308.549: Total time for which application threads were stopped: 0.0001197 seconds, Stopping threads took: 0.0000589 seconds
2020-02-10T11:26:00.537-0530: 308.549: Total time for which application threads were stopped: 0.0001821 seconds, Stopping threads took: 0.0001113 seconds
2020-02-10T11:26:01.113-0530: 309.125: Total time for which application threads were stopped: 0.0001080 seconds, Stopping threads took: 0.0000282 seconds
2020-02-10T11:26:01.126-0530: 309.138: Total time for which application threads were stopped: 0.0001037 seconds, Stopping threads took: 0.0000274 seconds
2020-02-10T11:26:01.126-0530: 309.138: Total time for which application threads were stopped: 0.0001171 seconds, Stopping threads took: 0.0000580 seconds
2020-02-10T11:26:01.126-0530: 309.138: Total time for which application threads were stopped: 0.0000500 seconds, Stopping threads took: 0.0000091 seconds
2020-02-10T11:26:01.226-0530: 309.238: Total time for which application threads were stopped: 0.0000992 seconds, Stopping threads took: 0.0000274 seconds
2020-02-10T11:26:01.243-0530: 309.255: Total time for which application threads were stopped: 0.0002229 seconds, Stopping threads took: 0.0001488 seconds
2020-02-10T11:26:01.243-0530: 309.255: Total time for which application threads were stopped: 0.0001302 seconds, Stopping threads took: 0.0000514 seconds
2020-02-10T11:26:01.243-0530: 309.255: Total time for which application threads were stopped: 0.0001025 seconds, Stopping threads took: 0.0000307 seconds
2020-02-10T11:26:01.437-0530: 309.449: Total time for which application threads were stopped: 0.0001600 seconds, Stopping threads took: 0.0000527 seconds
2020-02-10T11:26:07.468-0530: 315.480: Total time for which application threads were stopped: 0.0002206 seconds, Stopping threads took: 0.0000658 seconds
2020-02-10T11:27:07.687-0530: 375.686: Total time for which application threads were stopped: 0.0001879 seconds, Stopping threads took: 0.0000452 seconds
2020-02-10T11:28:06.915-0530: 434.907: Total time for which application threads were stopped: 0.0001466 seconds, Stopping threads took: 0.0000461 seconds
2020-02-10T11:29:07.129-0530: 495.119: Total time for which application threads were stopped: 0.0001600 seconds, Stopping threads took: 0.0000579 seconds
2020-02-10T11:30:07.360-0530: 555.348: Total time for which application threads were stopped: 0.0001673 seconds, Stopping threads took: 0.0000598 seconds
2020-02-10T11:32:07.706-0530: 675.690: Total time for which application threads were stopped: 0.0002020 seconds, Stopping threads took: 0.0001054 seconds
2020-02-10T11:33:06.973-0530: 734.955: Total time for which application threads were stopped: 0.0000937 seconds, Stopping threads took: 0.0000308 seconds
2020-02-10T11:34:07.203-0530: 795.184: Total time for which application threads were stopped: 0.0002952 seconds, Stopping threads took: 0.0001083 seconds
2020-02-10T11:36:07.618-0530: 915.595: Total time for which application threads were stopped: 0.0001611 seconds, Stopping threads took: 0.0000531 seconds
2020-02-10T11:39:07.073-0530: 1095.045: Total time for which application threads were stopped: 0.0001607 seconds, Stopping threads took: 0.0000820 seconds
2020-02-10T11:40:07.213-0530: 1155.183: Total time for which application threads were stopped: 0.0001451 seconds, Stopping threads took: 0.0000474 seconds
2020-02-10T11:42:07.486-0530: 1275.443: Total time for which application threads were stopped: 0.0001109 seconds, Stopping threads took: 0.0000331 seconds
2020-02-10T11:43:07.630-0530: 1335.580: Total time for which application threads were stopped: 0.0001377 seconds, Stopping threads took: 0.0000456 seconds
2020-02-10T11:45:12.159-0530: 1460.104: Total time for which application threads were stopped: 0.0000993 seconds, Stopping threads took: 0.0000288 seconds
2020-02-10T11:45:12.159-0530: 1460.104: Total time for which application threads were stopped: 0.0000617 seconds, Stopping threads took: 0.0000139 seconds
2020-02-10T11:45:12.159-0530: 1460.105: Total time for which application threads were stopped: 0.0000680 seconds, Stopping threads took: 0.0000121 seconds
2020-02-10T11:45:12.226-0530: 1460.171: Total time for which application threads were stopped: 0.0015459 seconds, Stopping threads took: 0.0000523 seconds
2020-02-10T11:45:12.240-0530: 1460.186: Total time for which application threads were stopped: 0.0007145 seconds, Stopping threads took: 0.0000215 seconds
2020-02-10T11:45:12.269-0530: 1460.215: Total time for which application threads were stopped: 0.0007234 seconds, Stopping threads took: 0.0000174 seconds
2020-02-10T11:45:13.275-0530: 1461.220: Total time for which application threads were stopped: 0.0001508 seconds, Stopping threads took: 0.0000363 seconds
2020-02-10T11:45:36.630-0530: 1484.575: Total time for which application threads were stopped: 0.0001161 seconds, Stopping threads took: 0.0000260 seconds
2020-02-10T11:45:36.632-0530: 1484.577: Total time for which application threads were stopped: 0.0001507 seconds, Stopping threads took: 0.0000434 seconds
2020-02-10T11:45:36.634-0530: 1484.579: Total time for which application threads were stopped: 0.0001081 seconds, Stopping threads took: 0.0000278 seconds
2020-02-10T11:45:36.638-0530: 1484.583: Total time for which application threads were stopped: 0.0031961 seconds, Stopping threads took: 0.0030977 seconds
2020-02-10T11:45:36.641-0530: 1484.586: Total time for which application threads were stopped: 0.0002092 seconds, Stopping threads took: 0.0000294 seconds
2020-02-10T11:45:36.660-0530: 1484.605: Total time for which application threads were stopped: 0.0005326 seconds, Stopping threads took: 0.0000273 seconds
2020-02-10T11:45:37.015-0530: 1484.960: Total time for which application threads were stopped: 0.0002513 seconds, Stopping threads took: 0.0001607 seconds
2020-02-10T11:45:37.017-0530: 1484.962: Total time for which application threads were stopped: 0.0002423 seconds, Stopping threads took: 0.0001684 seconds
2020-02-10T11:45:37.018-0530: 1484.963: Total time for which application threads were stopped: 0.0002244 seconds, Stopping threads took: 0.0001316 seconds
2020-02-10T11:45:37.018-0530: 1484.963: Total time for which application threads were stopped: 0.0002671 seconds, Stopping threads took: 0.0001457 seconds
2020-02-10T11:45:37.020-0530: 1484.965: Total time for which application threads were stopped: 0.0004846 seconds, Stopping threads took: 0.0003591 seconds
2020-02-10T11:45:37.020-0530: 1484.965: Total time for which application threads were stopped: 0.0001729 seconds, Stopping threads took: 0.0000098 seconds
2020-02-10T11:45:37.021-0530: 1484.965: Total time for which application threads were stopped: 0.0001071 seconds, Stopping threads took: 0.0000162 seconds
2020-02-10T11:45:37.021-0530: 1484.966: Total time for which application threads were stopped: 0.0001868 seconds, Stopping threads took: 0.0000811 seconds
2020-02-10T11:45:37.023-0530: 1484.968: Total time for which application threads were stopped: 0.0001343 seconds, Stopping threads took: 0.0000473 seconds
2020-02-10T11:45:37.025-0530: 1484.969: Total time for which application threads were stopped: 0.0001177 seconds, Stopping threads took: 0.0000429 seconds
2020-02-10T11:45:37.025-0530: 1484.970: Total time for which application threads were stopped: 0.0004334 seconds, Stopping threads took: 0.0003037 seconds
2020-02-10T11:45:37.026-0530: 1484.971: Total time for which application threads were stopped: 0.0001161 seconds, Stopping threads took: 0.0000254 seconds
2020-02-10T11:45:37.053-0530: 1484.998: Total time for which application threads were stopped: 0.0001250 seconds, Stopping threads took: 0.0000255 seconds
2020-02-10T11:45:37.057-0530: 1485.001: Total time for which application threads were stopped: 0.0000925 seconds, Stopping threads took: 0.0000211 seconds
2020-02-10T11:45:37.064-0530: 1485.009: Total time for which application threads were stopped: 0.0001555 seconds, Stopping threads took: 0.0000623 seconds
2020-02-10T11:45:37.067-0530: 1485.012: Total time for which application threads were stopped: 0.0001663 seconds, Stopping threads took: 0.0000396 seconds
2020-02-10T11:45:37.071-0530: 1485.016: Total time for which application threads were stopped: 0.0003572 seconds, Stopping threads took: 0.0001065 seconds
2020-02-10T11:45:37.099-0530: 1485.044: Total time for which application threads were stopped: 0.0001700 seconds, Stopping threads took: 0.0000525 seconds
2020-02-10T11:45:37.100-0530: 1485.045: Total time for which application threads were stopped: 0.0001523 seconds, Stopping threads took: 0.0000813 seconds
2020-02-10T11:45:37.102-0530: 1485.047: Total time for which application threads were stopped: 0.0001183 seconds, Stopping threads took: 0.0000296 seconds
2020-02-10T11:45:37.102-0530: 1485.047: Total time for which application threads were stopped: 0.0000847 seconds, Stopping threads took: 0.0000200 seconds
2020-02-10T11:45:37.192-0530: 1485.137: Total time for which application threads were stopped: 0.0001601 seconds, Stopping threads took: 0.0000416 seconds
2020-02-10T11:45:37.196-0530: 1485.141: Total time for which application threads were stopped: 0.0001460 seconds, Stopping threads took: 0.0000567 seconds
2020-02-10T11:45:37.248-0530: 1485.192: Total time for which application threads were stopped: 0.0001550 seconds, Stopping threads took: 0.0000469 seconds
2020-02-10T11:45:37.250-0530: 1485.195: Total time for which application threads were stopped: 0.0001514 seconds, Stopping threads took: 0.0000501 seconds
2020-02-10T11:45:37.251-0530: 1485.196: Total time for which application threads were stopped: 0.0001100 seconds, Stopping threads took: 0.0000215 seconds
2020-02-10T11:45:37.253-0530: 1485.198: Total time for which application threads were stopped: 0.0001413 seconds, Stopping threads took: 0.0000280 seconds
2020-02-10T11:45:38.020-0530: 1485.965: Total time for which application threads were stopped: 0.0002347 seconds, Stopping threads took: 0.0001155 seconds
2020-02-10T11:45:38.020-0530: 1485.965: Total time for which application threads were stopped: 0.0001239 seconds, Stopping threads took: 0.0000442 seconds
2020-02-10T11:45:38.021-0530: 1485.965: Total time for which application threads were stopped: 0.0001131 seconds, Stopping threads took: 0.0000542 seconds
2020-02-10T11:45:38.021-0530: 1485.966: Total time for which application threads were stopped: 0.0000748 seconds, Stopping threads took: 0.0000134 seconds
2020-02-10T11:45:38.021-0530: 1485.966: Total time for which application threads were stopped: 0.0002454 seconds, Stopping threads took: 0.0000118 seconds
2020-02-10T11:45:38.021-0530: 1485.966: Total time for which application threads were stopped: 0.0001273 seconds, Stopping threads took: 0.0000383 seconds
2020-02-10T11:45:38.023-0530: 1485.968: Total time for which application threads were stopped: 0.0001166 seconds, Stopping threads took: 0.0000438 seconds
2020-02-10T11:45:38.023-0530: 1485.968: Total time for which application threads were stopped: 0.0000992 seconds, Stopping threads took: 0.0000271 seconds
2020-02-10T11:45:38.024-0530: 1485.968: Total time for which application threads were stopped: 0.0001113 seconds, Stopping threads took: 0.0000474 seconds
2020-02-10T11:45:38.024-0530: 1485.969: Total time for which application threads were stopped: 0.0000564 seconds, Stopping threads took: 0.0000091 seconds
2020-02-10T11:45:38.025-0530: 1485.969: Total time for which application threads were stopped: 0.0000705 seconds, Stopping threads took: 0.0000193 seconds
2020-02-10T11:45:38.025-0530: 1485.970: Total time for which application threads were stopped: 0.0000439 seconds, Stopping threads took: 0.0000082 seconds
2020-02-10T11:45:38.025-0530: 1485.970: Total time for which application threads were stopped: 0.0000386 seconds, Stopping threads took: 0.0000073 seconds
2020-02-10T11:45:38.025-0530: 1485.970: Total time for which application threads were stopped: 0.0000773 seconds, Stopping threads took: 0.0000361 seconds
2020-02-10T11:45:38.026-0530: 1485.971: Total time for which application threads were stopped: 0.0000931 seconds, Stopping threads took: 0.0000399 seconds
2020-02-10T11:45:38.026-0530: 1485.971: Total time for which application threads were stopped: 0.0000501 seconds, Stopping threads took: 0.0000118 seconds
2020-02-10T11:45:38.054-0530: 1485.999: Total time for which application threads were stopped: 0.0014116 seconds, Stopping threads took: 0.0000243 seconds
2020-02-10T11:45:38.055-0530: 1486.000: Total time for which application threads were stopped: 0.0009952 seconds, Stopping threads took: 0.0000225 seconds
2020-02-10T11:45:38.057-0530: 1486.002: Total time for which application threads were stopped: 0.0001394 seconds, Stopping threads took: 0.0000384 seconds
2020-02-10T11:45:38.057-0530: 1486.002: Total time for which application threads were stopped: 0.0001129 seconds, Stopping threads took: 0.0000355 seconds
2020-02-10T11:45:38.058-0530: 1486.003: Total time for which application threads were stopped: 0.0002035 seconds, Stopping threads took: 0.0000496 seconds
2020-02-10T11:45:38.058-0530: 1486.003: Total time for which application threads were stopped: 0.0000704 seconds, Stopping threads took: 0.0000301 seconds
2020-02-10T11:45:38.058-0530: 1486.003: Total time for which application threads were stopped: 0.0000548 seconds, Stopping threads took: 0.0000094 seconds
2020-02-10T11:45:38.058-0530: 1486.003: Total time for which application threads were stopped: 0.0000709 seconds, Stopping threads took: 0.0000118 seconds
2020-02-10T11:45:38.059-0530: 1486.003: Total time for which application threads were stopped: 0.0000668 seconds, Stopping threads took: 0.0000118 seconds
2020-02-10T11:45:38.059-0530: 1486.003: Total time for which application threads were stopped: 0.0000568 seconds, Stopping threads took: 0.0000082 seconds
2020-02-10T11:45:38.075-0530: 1486.020: Total time for which application threads were stopped: 0.0005609 seconds, Stopping threads took: 0.0004806 seconds
2020-02-10T11:45:38.076-0530: 1486.020: Total time for which application threads were stopped: 0.0000689 seconds, Stopping threads took: 0.0000119 seconds
2020-02-10T11:45:38.076-0530: 1486.021: Total time for which application threads were stopped: 0.0000504 seconds, Stopping threads took: 0.0000130 seconds
2020-02-10T11:45:38.076-0530: 1486.021: Total time for which application threads were stopped: 0.0000772 seconds, Stopping threads took: 0.0000264 seconds
2020-02-10T11:45:38.076-0530: 1486.021: Total time for which application threads were stopped: 0.0000582 seconds, Stopping threads took: 0.0000174 seconds
2020-02-10T11:45:38.076-0530: 1486.021: Total time for which application threads were stopped: 0.0000905 seconds, Stopping threads took: 0.0000415 seconds
2020-02-10T11:45:39.077-0530: 1487.021: Total time for which application threads were stopped: 0.0001409 seconds, Stopping threads took: 0.0000362 seconds
2020-02-10T11:45:46.655-0530: 1494.600: Total time for which application threads were stopped: 0.0008823 seconds, Stopping threads took: 0.0007391 seconds
2020-02-10T11:45:46.656-0530: 1494.601: Total time for which application threads were stopped: 0.0001230 seconds, Stopping threads took: 0.0000246 seconds
2020-02-10T11:45:46.665-0530: 1494.609: Total time for which application threads were stopped: 0.0001114 seconds, Stopping threads took: 0.0000442 seconds
2020-02-10T11:45:47.670-0530: 1495.615: Total time for which application threads were stopped: 0.0004313 seconds, Stopping threads took: 0.0000470 seconds
2020-02-10T11:45:54.526-0530: 1502.471: Total time for which application threads were stopped: 0.0001014 seconds, Stopping threads took: 0.0000351 seconds
2020-02-10T11:45:54.526-0530: 1502.471: Total time for which application threads were stopped: 0.0000638 seconds, Stopping threads took: 0.0000218 seconds
2020-02-10T11:45:54.532-0530: 1502.476: Total time for which application threads were stopped: 0.0001905 seconds, Stopping threads took: 0.0000985 seconds
2020-02-10T11:46:04.561-0530: 1512.505: Total time for which application threads were stopped: 0.0001876 seconds, Stopping threads took: 0.0000360 seconds
2020-02-10T11:46:07.572-0530: 1515.516: Total time for which application threads were stopped: 0.0002155 seconds, Stopping threads took: 0.0000628 seconds
2020-02-10T11:46:30.630-0530: 1538.573: Total time for which application threads were stopped: 0.0001870 seconds, Stopping threads took: 0.0000422 seconds
2020-02-10T11:46:38.079-0530: 1546.022: Total time for which application threads were stopped: 0.0001441 seconds, Stopping threads took: 0.0000416 seconds
2020-02-10T11:47:04.078-0530: 1572.020: Total time for which application threads were stopped: 0.0003235 seconds, Stopping threads took: 0.0000783 seconds
2020-02-10T11:47:04.087-0530: 1572.030: Total time for which application threads were stopped: 0.0001071 seconds, Stopping threads took: 0.0000398 seconds
2020-02-10T11:47:41.686-0530: 1609.627: Total time for which application threads were stopped: 0.0001594 seconds, Stopping threads took: 0.0000630 seconds
2020-02-10T11:47:41.686-0530: 1609.627: Total time for which application threads were stopped: 0.0001080 seconds, Stopping threads took: 0.0000404 seconds
2020-02-10T11:47:41.686-0530: 1609.628: Total time for which application threads were stopped: 0.0000816 seconds, Stopping threads took: 0.0000257 seconds
2020-02-10T11:47:41.687-0530: 1609.628: Total time for which application threads were stopped: 0.0001012 seconds, Stopping threads took: 0.0000434 seconds
2020-02-10T11:47:41.687-0530: 1609.628: Total time for which application threads were stopped: 0.0001205 seconds, Stopping threads took: 0.0000693 seconds
2020-02-10T11:48:04.385-0530: 1632.326: Total time for which application threads were stopped: 0.0001591 seconds, Stopping threads took: 0.0000403 seconds
2020-02-10T11:48:21.086-0530: 1649.026: Total time for which application threads were stopped: 0.0001332 seconds, Stopping threads took: 0.0000297 seconds
2020-02-10T11:49:07.159-0530: 1695.098: Total time for which application threads were stopped: 0.0001393 seconds, Stopping threads took: 0.0000470 seconds
2020-02-10T11:50:07.309-0530: 1755.246: Total time for which application threads were stopped: 0.0001439 seconds, Stopping threads took: 0.0000459 seconds
2020-02-10T11:52:43.835-0530: 1911.767: Total time for which application threads were stopped: 0.0000853 seconds, Stopping threads took: 0.0000317 seconds
2020-02-10T11:52:43.835-0530: 1911.767: Total time for which application threads were stopped: 0.0000664 seconds, Stopping threads took: 0.0000126 seconds
2020-02-10T11:52:43.835-0530: 1911.767: Total time for which application threads were stopped: 0.0000536 seconds, Stopping threads took: 0.0000110 seconds
2020-02-10T11:52:43.835-0530: 1911.768: Total time for which application threads were stopped: 0.0000524 seconds, Stopping threads took: 0.0000094 seconds
2020-02-10T11:52:44.840-0530: 1912.772: Total time for which application threads were stopped: 0.0001561 seconds, Stopping threads took: 0.0000447 seconds
2020-02-10T11:52:55.452-0530: 1923.383: Total time for which application threads were stopped: 0.0001000 seconds, Stopping threads took: 0.0000377 seconds
2020-02-10T11:52:55.454-0530: 1923.386: Total time for which application threads were stopped: 0.0001678 seconds, Stopping threads took: 0.0001025 seconds
2020-02-10T11:52:56.459-0530: 1924.391: Total time for which application threads were stopped: 0.0001341 seconds, Stopping threads took: 0.0000355 seconds
2020-02-10T11:53:04.350-0530: 1932.281: Total time for which application threads were stopped: 0.0001263 seconds, Stopping threads took: 0.0000389 seconds
2020-02-10T11:53:04.354-0530: 1932.286: Total time for which application threads were stopped: 0.0000995 seconds, Stopping threads took: 0.0000264 seconds
2020-02-10T11:53:04.359-0530: 1932.291: Total time for which application threads were stopped: 0.0001414 seconds, Stopping threads took: 0.0000490 seconds
2020-02-10T11:53:05.360-0530: 1933.292: Total time for which application threads were stopped: 0.0001069 seconds, Stopping threads took: 0.0000284 seconds
2020-02-10T11:53:07.370-0530: 1935.301: Total time for which application threads were stopped: 0.0001537 seconds, Stopping threads took: 0.0000331 seconds
2020-02-10T11:55:07.633-0530: 2055.561: Total time for which application threads were stopped: 0.0001428 seconds, Stopping threads took: 0.0000473 seconds
2020-02-10T11:55:35.989-0530: 2083.916: Total time for which application threads were stopped: 0.0000992 seconds, Stopping threads took: 0.0000254 seconds
2020-02-10T11:56:07.087-0530: 2115.013: Total time for which application threads were stopped: 0.0001717 seconds, Stopping threads took: 0.0000744 seconds
2020-02-10T11:56:23.035-0530: 2130.961: Total time for which application threads were stopped: 0.0001277 seconds, Stopping threads took: 0.0000301 seconds
2020-02-10T11:56:23.036-0530: 2130.961: Total time for which application threads were stopped: 0.0000712 seconds, Stopping threads took: 0.0000115 seconds
2020-02-10T11:56:23.036-0530: 2130.961: Total time for which application threads were stopped: 0.0000682 seconds, Stopping threads took: 0.0000150 seconds
2020-02-10T11:56:24.041-0530: 2131.967: Total time for which application threads were stopped: 0.0001329 seconds, Stopping threads took: 0.0000357 seconds
2020-02-10T11:59:07.461-0530: 2295.362: Total time for which application threads were stopped: 0.0001477 seconds, Stopping threads took: 0.0000544 seconds
2020-02-10T12:00:23.073-0530: 2370.972: Total time for which application threads were stopped: 0.0002782 seconds, Stopping threads took: 0.0000418 seconds
2020-02-10T12:03:07.186-0530: 2535.081: Total time for which application threads were stopped: 0.0002505 seconds, Stopping threads took: 0.0000415 seconds
2020-02-10T12:03:08.192-0530: 2536.086: Total time for which application threads were stopped: 0.0001545 seconds, Stopping threads took: 0.0000513 seconds
2020-02-10T12:05:55.579-0530: 2703.468: Total time for which application threads were stopped: 0.0000841 seconds, Stopping threads took: 0.0000314 seconds
2020-02-10T12:05:55.579-0530: 2703.469: Total time for which application threads were stopped: 0.0000533 seconds, Stopping threads took: 0.0000176 seconds
2020-02-10T12:05:56.583-0530: 2704.473: Total time for which application threads were stopped: 0.0001410 seconds, Stopping threads took: 0.0000347 seconds
2020-02-10T12:06:16.588-0530: 2724.477: Total time for which application threads were stopped: 0.0001152 seconds, Stopping threads took: 0.0000467 seconds
2020-02-10T12:06:16.590-0530: 2724.479: Total time for which application threads were stopped: 0.0001415 seconds, Stopping threads took: 0.0000812 seconds
2020-02-10T12:06:16.592-0530: 2724.481: Total time for which application threads were stopped: 0.0001482 seconds, Stopping threads took: 0.0000790 seconds
2020-02-10T12:10:16.607-0530: 2964.489: Total time for which application threads were stopped: 0.0001613 seconds, Stopping threads took: 0.0000397 seconds
2020-02-10T12:14:07.640-0530: 3195.504: Total time for which application threads were stopped: 0.0035704 seconds, Stopping threads took: 0.0000553 seconds
2020-02-10T12:21:08.314-0530: 3616.162: Total time for which application threads were stopped: 0.0001154 seconds, Stopping threads took: 0.0000379 seconds
2020-02-10T12:23:08.058-0530: 3735.902: Total time for which application threads were stopped: 0.0001424 seconds, Stopping threads took: 0.0000477 seconds
2020-02-10T12:25:07.816-0530: 3855.657: Total time for which application threads were stopped: 0.0001804 seconds, Stopping threads took: 0.0000523 seconds
{Heap before GC invocations=102 (full 2):
 par new generation   total 109248K, used 88925K [0x00000007a0000000, 0x00000007a8000000, 0x00000007a8000000)
  eden space 87424K, 100% used [0x00000007a0000000, 0x00000007a5560000, 0x00000007a5560000)
  from space 21824K,   6% used [0x00000007a5560000, 0x00000007a56d74a0, 0x00000007a6ab0000)
  to   space 21824K,   0% used [0x00000007a6ab0000, 0x00000007a6ab0000, 0x00000007a8000000)
 concurrent mark-sweep generation total 393216K, used 20437K [0x00000007a8000000, 0x00000007c0000000, 0x00000007c0000000)
 Metaspace       used 45949K, capacity 47269K, committed 47552K, reserved 1091584K
  class space    used 5475K, capacity 5810K, committed 5824K, reserved 1048576K
2020-02-10T12:27:07.477-0530: 3975.308: [GC (Allocation Failure) 2020-02-10T12:27:07.478-0530: 3975.309: [ParNew
Desired survivor size 20112992 bytes, new threshold 8 (max 8)
- age   1:    1837800 bytes,    1837800 total
- age   2:      40496 bytes,    1878296 total
- age   3:      33336 bytes,    1911632 total
- age   4:      32664 bytes,    1944296 total
- age   5:      84632 bytes,    2028928 total
- age   6:       2880 bytes,    2031808 total
- age   7:      37040 bytes,    2068848 total
- age   8:       2272 bytes,    2071120 total
: 88925K->2340K(109248K), 0.0076473 secs] 109362K->22778K(502464K), 0.0087541 secs] [Times: user=0.02 sys=0.01, real=0.01 secs] 
